<!doctype html public "-//w3c//dtd html 4.0 transitional//en">
<html><head>
<title>Static Call Graph - [.\obj\CRYPTO_AES_In_SPROM.axf]</title></head>
<body><HR>
<H1>Static Call Graph for image .\obj\CRYPTO_AES_In_SPROM.axf</H1><HR>
<BR><P>#&#060CALLGRAPH&#062# ARM Linker, 5060960: Last Updated: Fri Mar 08 16:19:45 2024
<BR><P>
<H3>Maximum Stack Usage =        168 bytes + Unknown(Cycles, Untraceable Function Pointers)</H3><H3>
Call chain for Maximum Stack Depth:</H3>
__rt_entry_main &rArr; main &rArr; dump_buff_hex &rArr; __2printf &rArr; _printf_char_file &rArr; _printf_char_common &rArr; __printf
<P>
<H3>
Mutually Recursive functions
</H3> <LI><a href="#[3]">NMI_Handler</a>&nbsp;&nbsp;&nbsp;&rArr;&nbsp;&nbsp;&nbsp;<a href="#[3]">NMI_Handler</a><BR>
 <LI><a href="#[5]">MemManage_Handler</a>&nbsp;&nbsp;&nbsp;&rArr;&nbsp;&nbsp;&nbsp;<a href="#[5]">MemManage_Handler</a><BR>
 <LI><a href="#[6]">BusFault_Handler</a>&nbsp;&nbsp;&nbsp;&rArr;&nbsp;&nbsp;&nbsp;<a href="#[6]">BusFault_Handler</a><BR>
 <LI><a href="#[7]">UsageFault_Handler</a>&nbsp;&nbsp;&nbsp;&rArr;&nbsp;&nbsp;&nbsp;<a href="#[7]">UsageFault_Handler</a><BR>
 <LI><a href="#[8]">SVC_Handler</a>&nbsp;&nbsp;&nbsp;&rArr;&nbsp;&nbsp;&nbsp;<a href="#[8]">SVC_Handler</a><BR>
 <LI><a href="#[9]">DebugMon_Handler</a>&nbsp;&nbsp;&nbsp;&rArr;&nbsp;&nbsp;&nbsp;<a href="#[9]">DebugMon_Handler</a><BR>
 <LI><a href="#[a]">PendSV_Handler</a>&nbsp;&nbsp;&nbsp;&rArr;&nbsp;&nbsp;&nbsp;<a href="#[a]">PendSV_Handler</a><BR>
 <LI><a href="#[b]">SysTick_Handler</a>&nbsp;&nbsp;&nbsp;&rArr;&nbsp;&nbsp;&nbsp;<a href="#[b]">SysTick_Handler</a><BR>
 <LI><a href="#[11]">Default_Handler</a>&nbsp;&nbsp;&nbsp;&rArr;&nbsp;&nbsp;&nbsp;<a href="#[11]">Default_Handler</a><BR>
</UL>
<P>
<H3>
Function Pointers
</H3><UL>
 <LI><a href="#[38]">ACMP01_IRQHandler</a> from startup_m480.o(.text) referenced from startup_m480.o(RESET)
 <LI><a href="#[36]">ADC00_IRQHandler</a> from startup_m480.o(.text) referenced from startup_m480.o(RESET)
 <LI><a href="#[37]">ADC01_IRQHandler</a> from startup_m480.o(.text) referenced from startup_m480.o(RESET)
 <LI><a href="#[39]">ADC02_IRQHandler</a> from startup_m480.o(.text) referenced from startup_m480.o(RESET)
 <LI><a href="#[3a]">ADC03_IRQHandler</a> from startup_m480.o(.text) referenced from startup_m480.o(RESET)
 <LI><a href="#[c]">BOD_IRQHandler</a> from startup_m480.o(.text) referenced from startup_m480.o(RESET)
 <LI><a href="#[55]">BPWM0_IRQHandler</a> from startup_m480.o(.text) referenced from startup_m480.o(RESET)
 <LI><a href="#[56]">BPWM1_IRQHandler</a> from startup_m480.o(.text) referenced from startup_m480.o(RESET)
 <LI><a href="#[24]">BRAKE0_IRQHandler</a> from startup_m480.o(.text) referenced from startup_m480.o(RESET)
 <LI><a href="#[28]">BRAKE1_IRQHandler</a> from startup_m480.o(.text) referenced from startup_m480.o(RESET)
 <LI><a href="#[6]">BusFault_Handler</a> from startup_m480.o(.text) referenced from startup_m480.o(RESET)
 <LI><a href="#[42]">CAN0_IRQHandler</a> from startup_m480.o(.text) referenced from startup_m480.o(RESET)
 <LI><a href="#[43]">CAN1_IRQHandler</a> from startup_m480.o(.text) referenced from startup_m480.o(RESET)
 <LI><a href="#[10]">CKFAIL_IRQHandler</a> from startup_m480.o(.text) referenced from startup_m480.o(RESET)
 <LI><a href="#[4e]">CRYPTO_IRQHandler</a> from sprom.o(i.CRYPTO_IRQHandler) referenced from startup_m480.o(RESET)
 <LI><a href="#[35]">DAC_IRQHandler</a> from startup_m480.o(.text) referenced from startup_m480.o(RESET)
 <LI><a href="#[9]">DebugMon_Handler</a> from startup_m480.o(.text) referenced from startup_m480.o(RESET)
 <LI><a href="#[11]">Default_Handler</a> from startup_m480.o(.text) referenced 9 times from startup_m480.o(RESET)
 <LI><a href="#[5b]">ECAP0_IRQHandler</a> from startup_m480.o(.text) referenced from startup_m480.o(RESET)
 <LI><a href="#[5c]">ECAP1_IRQHandler</a> from startup_m480.o(.text) referenced from startup_m480.o(RESET)
 <LI><a href="#[60]">EHCI_IRQHandler</a> from startup_m480.o(.text) referenced from startup_m480.o(RESET)
 <LI><a href="#[16]">EINT0_IRQHandler</a> from startup_m480.o(.text) referenced from startup_m480.o(RESET)
 <LI><a href="#[17]">EINT1_IRQHandler</a> from startup_m480.o(.text) referenced from startup_m480.o(RESET)
 <LI><a href="#[18]">EINT2_IRQHandler</a> from startup_m480.o(.text) referenced from startup_m480.o(RESET)
 <LI><a href="#[19]">EINT3_IRQHandler</a> from startup_m480.o(.text) referenced from startup_m480.o(RESET)
 <LI><a href="#[1a]">EINT4_IRQHandler</a> from startup_m480.o(.text) referenced from startup_m480.o(RESET)
 <LI><a href="#[1b]">EINT5_IRQHandler</a> from startup_m480.o(.text) referenced from startup_m480.o(RESET)
 <LI><a href="#[50]">EINT6_IRQHandler</a> from startup_m480.o(.text) referenced from startup_m480.o(RESET)
 <LI><a href="#[5e]">EINT7_IRQHandler</a> from startup_m480.o(.text) referenced from startup_m480.o(RESET)
 <LI><a href="#[4b]">EMAC_RX_IRQHandler</a> from startup_m480.o(.text) referenced from startup_m480.o(RESET)
 <LI><a href="#[4a]">EMAC_TX_IRQHandler</a> from startup_m480.o(.text) referenced from startup_m480.o(RESET)
 <LI><a href="#[25]">EPWM0P0_IRQHandler</a> from startup_m480.o(.text) referenced from startup_m480.o(RESET)
 <LI><a href="#[26]">EPWM0P1_IRQHandler</a> from startup_m480.o(.text) referenced from startup_m480.o(RESET)
 <LI><a href="#[27]">EPWM0P2_IRQHandler</a> from startup_m480.o(.text) referenced from startup_m480.o(RESET)
 <LI><a href="#[29]">EPWM1P0_IRQHandler</a> from startup_m480.o(.text) referenced from startup_m480.o(RESET)
 <LI><a href="#[2a]">EPWM1P1_IRQHandler</a> from startup_m480.o(.text) referenced from startup_m480.o(RESET)
 <LI><a href="#[2b]">EPWM1P2_IRQHandler</a> from startup_m480.o(.text) referenced from startup_m480.o(RESET)
 <LI><a href="#[1c]">GPA_IRQHandler</a> from startup_m480.o(.text) referenced from startup_m480.o(RESET)
 <LI><a href="#[1d]">GPB_IRQHandler</a> from startup_m480.o(.text) referenced from startup_m480.o(RESET)
 <LI><a href="#[1e]">GPC_IRQHandler</a> from startup_m480.o(.text) referenced from startup_m480.o(RESET)
 <LI><a href="#[1f]">GPD_IRQHandler</a> from startup_m480.o(.text) referenced from startup_m480.o(RESET)
 <LI><a href="#[20]">GPE_IRQHandler</a> from startup_m480.o(.text) referenced from startup_m480.o(RESET)
 <LI><a href="#[21]">GPF_IRQHandler</a> from startup_m480.o(.text) referenced from startup_m480.o(RESET)
 <LI><a href="#[4f]">GPG_IRQHandler</a> from startup_m480.o(.text) referenced from startup_m480.o(RESET)
 <LI><a href="#[5d]">GPH_IRQHandler</a> from startup_m480.o(.text) referenced from startup_m480.o(RESET)
 <LI><a href="#[4]">HardFault_Handler</a> from retarget.o(.emb_text) referenced from startup_m480.o(RESET)
 <LI><a href="#[62]">Hard_Fault_Handler</a> from retarget.o(i.Hard_Fault_Handler) referenced from retarget.o(.emb_text)
 <LI><a href="#[32]">I2C0_IRQHandler</a> from startup_m480.o(.text) referenced from startup_m480.o(RESET)
 <LI><a href="#[33]">I2C1_IRQHandler</a> from startup_m480.o(.text) referenced from startup_m480.o(RESET)
 <LI><a href="#[58]">I2C2_IRQHandler</a> from startup_m480.o(.text) referenced from startup_m480.o(RESET)
 <LI><a href="#[4c]">I2S0_IRQHandler</a> from startup_m480.o(.text) referenced from startup_m480.o(RESET)
 <LI><a href="#[d]">IRC_IRQHandler</a> from startup_m480.o(.text) referenced from startup_m480.o(RESET)
 <LI><a href="#[5]">MemManage_Handler</a> from startup_m480.o(.text) referenced from startup_m480.o(RESET)
 <LI><a href="#[3]">NMI_Handler</a> from startup_m480.o(.text) referenced from startup_m480.o(RESET)
 <LI><a href="#[40]">OHCI_IRQHandler</a> from startup_m480.o(.text) referenced from startup_m480.o(RESET)
 <LI><a href="#[4d]">OPA0_IRQHandler</a> from startup_m480.o(.text) referenced from startup_m480.o(RESET)
 <LI><a href="#[34]">PDMA_IRQHandler</a> from startup_m480.o(.text) referenced from startup_m480.o(RESET)
 <LI><a href="#[e]">PWRWU_IRQHandler</a> from startup_m480.o(.text) referenced from startup_m480.o(RESET)
 <LI><a href="#[a]">PendSV_Handler</a> from startup_m480.o(.text) referenced from startup_m480.o(RESET)
 <LI><a href="#[59]">QEI0_IRQHandler</a> from startup_m480.o(.text) referenced from startup_m480.o(RESET)
 <LI><a href="#[5a]">QEI1_IRQHandler</a> from startup_m480.o(.text) referenced from startup_m480.o(RESET)
 <LI><a href="#[22]">QSPI0_IRQHandler</a> from startup_m480.o(.text) referenced from startup_m480.o(RESET)
 <LI><a href="#[f]">RAMPE_IRQHandler</a> from startup_m480.o(.text) referenced from startup_m480.o(RESET)
 <LI><a href="#[12]">RTC_IRQHandler</a> from startup_m480.o(.text) referenced from startup_m480.o(RESET)
 <LI><a href="#[69]">Reset_Handler</a> from startup_m480.o(.text) referenced from startup_m480.o(RESET)
 <LI><a href="#[44]">SC0_IRQHandler</a> from startup_m480.o(.text) referenced from startup_m480.o(RESET)
 <LI><a href="#[45]">SC1_IRQHandler</a> from startup_m480.o(.text) referenced from startup_m480.o(RESET)
 <LI><a href="#[46]">SC2_IRQHandler</a> from startup_m480.o(.text) referenced from startup_m480.o(RESET)
 <LI><a href="#[48]">SDH0_IRQHandler</a> from startup_m480.o(.text) referenced from startup_m480.o(RESET)
 <LI><a href="#[5f]">SDH1_IRQHandler</a> from startup_m480.o(.text) referenced from startup_m480.o(RESET)
 <LI><a href="#[23]">SPI0_IRQHandler</a> from startup_m480.o(.text) referenced from startup_m480.o(RESET)
 <LI><a href="#[3d]">SPI1_IRQHandler</a> from startup_m480.o(.text) referenced from startup_m480.o(RESET)
 <LI><a href="#[3e]">SPI2_IRQHandler</a> from startup_m480.o(.text) referenced from startup_m480.o(RESET)
 <LI><a href="#[47]">SPI3_IRQHandler</a> from startup_m480.o(.text) referenced from startup_m480.o(RESET)
 <LI><a href="#[57]">SPIM_IRQHandler</a> from startup_m480.o(.text) referenced from startup_m480.o(RESET)
 <LI><a href="#[8]">SVC_Handler</a> from startup_m480.o(.text) referenced from startup_m480.o(RESET)
 <LI><a href="#[b]">SysTick_Handler</a> from startup_m480.o(.text) referenced from startup_m480.o(RESET)
 <LI><a href="#[63]">SystemInit</a> from system_m480.o(i.SystemInit) referenced from startup_m480.o(.text)
 <LI><a href="#[13]">TAMPER_IRQHandler</a> from startup_m480.o(.text) referenced from startup_m480.o(RESET)
 <LI><a href="#[2c]">TMR0_IRQHandler</a> from startup_m480.o(.text) referenced from startup_m480.o(RESET)
 <LI><a href="#[2d]">TMR1_IRQHandler</a> from startup_m480.o(.text) referenced from startup_m480.o(RESET)
 <LI><a href="#[2e]">TMR2_IRQHandler</a> from startup_m480.o(.text) referenced from startup_m480.o(RESET)
 <LI><a href="#[2f]">TMR3_IRQHandler</a> from startup_m480.o(.text) referenced from startup_m480.o(RESET)
 <LI><a href="#[30]">UART0_IRQHandler</a> from startup_m480.o(.text) referenced from startup_m480.o(RESET)
 <LI><a href="#[31]">UART1_IRQHandler</a> from startup_m480.o(.text) referenced from startup_m480.o(RESET)
 <LI><a href="#[3b]">UART2_IRQHandler</a> from startup_m480.o(.text) referenced from startup_m480.o(RESET)
 <LI><a href="#[3c]">UART3_IRQHandler</a> from startup_m480.o(.text) referenced from startup_m480.o(RESET)
 <LI><a href="#[51]">UART4_IRQHandler</a> from startup_m480.o(.text) referenced from startup_m480.o(RESET)
 <LI><a href="#[52]">UART5_IRQHandler</a> from startup_m480.o(.text) referenced from startup_m480.o(RESET)
 <LI><a href="#[49]">USBD20_IRQHandler</a> from startup_m480.o(.text) referenced from startup_m480.o(RESET)
 <LI><a href="#[3f]">USBD_IRQHandler</a> from startup_m480.o(.text) referenced from startup_m480.o(RESET)
 <LI><a href="#[61]">USBOTG20_IRQHandler</a> from startup_m480.o(.text) referenced from startup_m480.o(RESET)
 <LI><a href="#[41]">USBOTG_IRQHandler</a> from startup_m480.o(.text) referenced from startup_m480.o(RESET)
 <LI><a href="#[53]">USCI0_IRQHandler</a> from startup_m480.o(.text) referenced from startup_m480.o(RESET)
 <LI><a href="#[54]">USCI1_IRQHandler</a> from startup_m480.o(.text) referenced from startup_m480.o(RESET)
 <LI><a href="#[7]">UsageFault_Handler</a> from startup_m480.o(.text) referenced from startup_m480.o(RESET)
 <LI><a href="#[14]">WDT_IRQHandler</a> from startup_m480.o(.text) referenced from startup_m480.o(RESET)
 <LI><a href="#[15]">WWDT_IRQHandler</a> from startup_m480.o(.text) referenced from startup_m480.o(RESET)
 <LI><a href="#[6a]">__main</a> from __main.o(!!!main) referenced from startup_m480.o(.text)
 <LI><a href="#[66]">_printf_input_char</a> from _printf_char_common.o(.text) referenced from _printf_char_common.o(.text)
 <LI><a href="#[65]">fputc</a> from retarget.o(i.fputc) referenced from _printf_char_file.o(.text)
 <LI><a href="#[67]">sprom_aes_decrypt</a> from sprom.o(i.sprom_aes_decrypt) referenced from main.o(i.main)
 <LI><a href="#[68]">sprom_aes_encrypt</a> from sprom.o(i.sprom_aes_encrypt) referenced from main.o(i.main)
</UL>
<P>
<H3>
Global Symbols
</H3>
<P><STRONG><a name="[6a]"></a>__main</STRONG> (Thumb, 8 bytes, Stack size 0 bytes, __main.o(!!!main))
<BR><BR>[Calls]<UL><LI><a href="#[6d]">&gt;&gt;</a>&nbsp;&nbsp;&nbsp;__rt_entry
<LI><a href="#[6c]">&gt;&gt;</a>&nbsp;&nbsp;&nbsp;__scatterload
</UL>

<P><STRONG><a name="[6c]"></a>__scatterload</STRONG> (Thumb, 0 bytes, Stack size unknown bytes, __scatter.o(!!!scatter))
<BR><BR>[Called By]<UL><LI><a href="#[6a]">&gt;&gt;</a>&nbsp;&nbsp;&nbsp;__main
</UL>

<P><STRONG><a name="[6e]"></a>__scatterload_rt2</STRONG> (Thumb, 44 bytes, Stack size unknown bytes, __scatter.o(!!!scatter), UNUSED)
<BR><BR>[Calls]<UL><LI><a href="#[6d]">&gt;&gt;</a>&nbsp;&nbsp;&nbsp;__rt_entry
</UL>

<P><STRONG><a name="[ae]"></a>__scatterload_rt2_thumb_only</STRONG> (Thumb, 0 bytes, Stack size unknown bytes, __scatter.o(!!!scatter), UNUSED)

<P><STRONG><a name="[af]"></a>__scatterload_null</STRONG> (Thumb, 0 bytes, Stack size unknown bytes, __scatter.o(!!!scatter), UNUSED)

<P><STRONG><a name="[6f]"></a>__scatterload_copy</STRONG> (Thumb, 26 bytes, Stack size unknown bytes, __scatter_copy.o(!!handler_copy), UNUSED)
<BR><BR>[Calls]<UL><LI><a href="#[6f]">&gt;&gt;</a>&nbsp;&nbsp;&nbsp;__scatterload_copy
</UL>
<BR>[Called By]<UL><LI><a href="#[6f]">&gt;&gt;</a>&nbsp;&nbsp;&nbsp;__scatterload_copy
</UL>

<P><STRONG><a name="[b0]"></a>__scatterload_zeroinit</STRONG> (Thumb, 28 bytes, Stack size unknown bytes, __scatter_zi.o(!!handler_zi), UNUSED)

<P><STRONG><a name="[70]"></a>_printf_p</STRONG> (Thumb, 0 bytes, Stack size unknown bytes, _printf_p.o(.ARM.Collect$$_printf_percent$$00000002))
<BR><BR>[Stack]<UL><LI>Max Depth = 64 + Unknown Stack Size
<LI>Call Chain = _printf_p &rArr; _printf_hex_ptr &rArr; _printf_longlong_hex &rArr; _printf_int_common &rArr; _printf_post_padding
</UL>
<BR>[Calls]<UL><LI><a href="#[71]">&gt;&gt;</a>&nbsp;&nbsp;&nbsp;_printf_hex_ptr
</UL>

<P><STRONG><a name="[8c]"></a>_printf_percent</STRONG> (Thumb, 0 bytes, Stack size unknown bytes, _printf_percent.o(.ARM.Collect$$_printf_percent$$00000000))
<BR><BR>[Called By]<UL><LI><a href="#[8a]">&gt;&gt;</a>&nbsp;&nbsp;&nbsp;__printf
</UL>

<P><STRONG><a name="[72]"></a>_printf_x</STRONG> (Thumb, 0 bytes, Stack size unknown bytes, _printf_x.o(.ARM.Collect$$_printf_percent$$0000000C))
<BR><BR>[Stack]<UL><LI>Max Depth = 80 + Unknown Stack Size
<LI>Call Chain = _printf_x &rArr; _printf_int_hex &rArr; _printf_longlong_hex &rArr; _printf_int_common &rArr; _printf_post_padding
</UL>
<BR>[Calls]<UL><LI><a href="#[73]">&gt;&gt;</a>&nbsp;&nbsp;&nbsp;_printf_int_hex
</UL>

<P><STRONG><a name="[74]"></a>_printf_c</STRONG> (Thumb, 0 bytes, Stack size unknown bytes, _printf_c.o(.ARM.Collect$$_printf_percent$$00000013))
<BR><BR>[Stack]<UL><LI>Max Depth = 40 + Unknown Stack Size
<LI>Call Chain = _printf_c &rArr; _printf_char &rArr; _printf_cs_common &rArr; _printf_str &rArr; _printf_post_padding
</UL>
<BR>[Calls]<UL><LI><a href="#[75]">&gt;&gt;</a>&nbsp;&nbsp;&nbsp;_printf_char
</UL>

<P><STRONG><a name="[b1]"></a>_printf_percent_end</STRONG> (Thumb, 0 bytes, Stack size unknown bytes, _printf_percent_end.o(.ARM.Collect$$_printf_percent$$00000017))

<P><STRONG><a name="[7b]"></a>__rt_lib_init</STRONG> (Thumb, 0 bytes, Stack size unknown bytes, libinit.o(.ARM.Collect$$libinit$$00000000))
<BR><BR>[Called By]<UL><LI><a href="#[7a]">&gt;&gt;</a>&nbsp;&nbsp;&nbsp;__rt_entry_li
</UL>

<P><STRONG><a name="[76]"></a>__rt_lib_init_fp_1</STRONG> (Thumb, 0 bytes, Stack size unknown bytes, libinit2.o(.ARM.Collect$$libinit$$00000001))
<BR><BR>[Calls]<UL><LI><a href="#[77]">&gt;&gt;</a>&nbsp;&nbsp;&nbsp;_fp_init
</UL>

<P><STRONG><a name="[b2]"></a>__rt_lib_init_alloca_1</STRONG> (Thumb, 0 bytes, Stack size unknown bytes, libinit2.o(.ARM.Collect$$libinit$$0000002E))

<P><STRONG><a name="[b3]"></a>__rt_lib_init_argv_1</STRONG> (Thumb, 0 bytes, Stack size unknown bytes, libinit2.o(.ARM.Collect$$libinit$$0000002C))

<P><STRONG><a name="[b4]"></a>__rt_lib_init_atexit_1</STRONG> (Thumb, 0 bytes, Stack size unknown bytes, libinit2.o(.ARM.Collect$$libinit$$0000001B))

<P><STRONG><a name="[b5]"></a>__rt_lib_init_clock_1</STRONG> (Thumb, 0 bytes, Stack size unknown bytes, libinit2.o(.ARM.Collect$$libinit$$00000021))

<P><STRONG><a name="[b6]"></a>__rt_lib_init_cpp_1</STRONG> (Thumb, 0 bytes, Stack size unknown bytes, libinit2.o(.ARM.Collect$$libinit$$00000032))

<P><STRONG><a name="[b7]"></a>__rt_lib_init_exceptions_1</STRONG> (Thumb, 0 bytes, Stack size unknown bytes, libinit2.o(.ARM.Collect$$libinit$$00000030))

<P><STRONG><a name="[b8]"></a>__rt_lib_init_fp_trap_1</STRONG> (Thumb, 0 bytes, Stack size unknown bytes, libinit2.o(.ARM.Collect$$libinit$$0000001F))

<P><STRONG><a name="[b9]"></a>__rt_lib_init_getenv_1</STRONG> (Thumb, 0 bytes, Stack size unknown bytes, libinit2.o(.ARM.Collect$$libinit$$00000023))

<P><STRONG><a name="[ba]"></a>__rt_lib_init_heap_1</STRONG> (Thumb, 0 bytes, Stack size unknown bytes, libinit2.o(.ARM.Collect$$libinit$$0000000A))

<P><STRONG><a name="[bb]"></a>__rt_lib_init_lc_collate_1</STRONG> (Thumb, 0 bytes, Stack size unknown bytes, libinit2.o(.ARM.Collect$$libinit$$00000011))

<P><STRONG><a name="[bc]"></a>__rt_lib_init_lc_ctype_1</STRONG> (Thumb, 0 bytes, Stack size unknown bytes, libinit2.o(.ARM.Collect$$libinit$$00000013))

<P><STRONG><a name="[bd]"></a>__rt_lib_init_lc_monetary_1</STRONG> (Thumb, 0 bytes, Stack size unknown bytes, libinit2.o(.ARM.Collect$$libinit$$00000015))

<P><STRONG><a name="[be]"></a>__rt_lib_init_lc_numeric_1</STRONG> (Thumb, 0 bytes, Stack size unknown bytes, libinit2.o(.ARM.Collect$$libinit$$00000017))

<P><STRONG><a name="[bf]"></a>__rt_lib_init_lc_time_1</STRONG> (Thumb, 0 bytes, Stack size unknown bytes, libinit2.o(.ARM.Collect$$libinit$$00000019))

<P><STRONG><a name="[c0]"></a>__rt_lib_init_preinit_1</STRONG> (Thumb, 0 bytes, Stack size unknown bytes, libinit2.o(.ARM.Collect$$libinit$$00000004))

<P><STRONG><a name="[c1]"></a>__rt_lib_init_rand_1</STRONG> (Thumb, 0 bytes, Stack size unknown bytes, libinit2.o(.ARM.Collect$$libinit$$0000000E))

<P><STRONG><a name="[c2]"></a>__rt_lib_init_return</STRONG> (Thumb, 0 bytes, Stack size unknown bytes, libinit2.o(.ARM.Collect$$libinit$$00000033))

<P><STRONG><a name="[c3]"></a>__rt_lib_init_signal_1</STRONG> (Thumb, 0 bytes, Stack size unknown bytes, libinit2.o(.ARM.Collect$$libinit$$0000001D))

<P><STRONG><a name="[c4]"></a>__rt_lib_init_stdio_1</STRONG> (Thumb, 0 bytes, Stack size unknown bytes, libinit2.o(.ARM.Collect$$libinit$$00000025))

<P><STRONG><a name="[c5]"></a>__rt_lib_init_user_alloc_1</STRONG> (Thumb, 0 bytes, Stack size unknown bytes, libinit2.o(.ARM.Collect$$libinit$$0000000C))

<P><STRONG><a name="[80]"></a>__rt_lib_shutdown</STRONG> (Thumb, 0 bytes, Stack size unknown bytes, libshutdown.o(.ARM.Collect$$libshutdown$$00000000))
<BR><BR>[Called By]<UL><LI><a href="#[7f]">&gt;&gt;</a>&nbsp;&nbsp;&nbsp;__rt_exit_ls
</UL>

<P><STRONG><a name="[c6]"></a>__rt_lib_shutdown_cpp_1</STRONG> (Thumb, 0 bytes, Stack size unknown bytes, libshutdown2.o(.ARM.Collect$$libshutdown$$00000004))

<P><STRONG><a name="[c7]"></a>__rt_lib_shutdown_fini_1</STRONG> (Thumb, 0 bytes, Stack size unknown bytes, libshutdown2.o(.ARM.Collect$$libshutdown$$00000002))

<P><STRONG><a name="[c8]"></a>__rt_lib_shutdown_fp_trap_1</STRONG> (Thumb, 0 bytes, Stack size unknown bytes, libshutdown2.o(.ARM.Collect$$libshutdown$$00000009))

<P><STRONG><a name="[c9]"></a>__rt_lib_shutdown_heap_1</STRONG> (Thumb, 0 bytes, Stack size unknown bytes, libshutdown2.o(.ARM.Collect$$libshutdown$$00000011))

<P><STRONG><a name="[ca]"></a>__rt_lib_shutdown_return</STRONG> (Thumb, 0 bytes, Stack size unknown bytes, libshutdown2.o(.ARM.Collect$$libshutdown$$00000012))

<P><STRONG><a name="[cb]"></a>__rt_lib_shutdown_signal_1</STRONG> (Thumb, 0 bytes, Stack size unknown bytes, libshutdown2.o(.ARM.Collect$$libshutdown$$0000000C))

<P><STRONG><a name="[cc]"></a>__rt_lib_shutdown_stdio_1</STRONG> (Thumb, 0 bytes, Stack size unknown bytes, libshutdown2.o(.ARM.Collect$$libshutdown$$00000006))

<P><STRONG><a name="[cd]"></a>__rt_lib_shutdown_user_alloc_1</STRONG> (Thumb, 0 bytes, Stack size unknown bytes, libshutdown2.o(.ARM.Collect$$libshutdown$$0000000E))

<P><STRONG><a name="[6d]"></a>__rt_entry</STRONG> (Thumb, 0 bytes, Stack size unknown bytes, __rtentry.o(.ARM.Collect$$rtentry$$00000000))
<BR><BR>[Called By]<UL><LI><a href="#[6a]">&gt;&gt;</a>&nbsp;&nbsp;&nbsp;__main
<LI><a href="#[6e]">&gt;&gt;</a>&nbsp;&nbsp;&nbsp;__scatterload_rt2
</UL>

<P><STRONG><a name="[ce]"></a>__rt_entry_presh_1</STRONG> (Thumb, 0 bytes, Stack size unknown bytes, __rtentry2.o(.ARM.Collect$$rtentry$$00000002))

<P><STRONG><a name="[78]"></a>__rt_entry_sh</STRONG> (Thumb, 0 bytes, Stack size unknown bytes, __rtentry4.o(.ARM.Collect$$rtentry$$00000004))
<BR><BR>[Stack]<UL><LI>Max Depth = 8 + Unknown Stack Size
<LI>Call Chain = __rt_entry_sh &rArr; __user_setup_stackheap
</UL>
<BR>[Calls]<UL><LI><a href="#[79]">&gt;&gt;</a>&nbsp;&nbsp;&nbsp;__user_setup_stackheap
</UL>

<P><STRONG><a name="[7a]"></a>__rt_entry_li</STRONG> (Thumb, 0 bytes, Stack size unknown bytes, __rtentry2.o(.ARM.Collect$$rtentry$$0000000A))
<BR><BR>[Calls]<UL><LI><a href="#[7b]">&gt;&gt;</a>&nbsp;&nbsp;&nbsp;__rt_lib_init
</UL>

<P><STRONG><a name="[cf]"></a>__rt_entry_postsh_1</STRONG> (Thumb, 0 bytes, Stack size unknown bytes, __rtentry2.o(.ARM.Collect$$rtentry$$00000009))

<P><STRONG><a name="[7c]"></a>__rt_entry_main</STRONG> (Thumb, 0 bytes, Stack size unknown bytes, __rtentry2.o(.ARM.Collect$$rtentry$$0000000D))
<BR><BR>[Stack]<UL><LI>Max Depth = 168 + Unknown Stack Size
<LI>Call Chain = __rt_entry_main &rArr; main &rArr; dump_buff_hex &rArr; __2printf &rArr; _printf_char_file &rArr; _printf_char_common &rArr; __printf
</UL>
<BR>[Calls]<UL><LI><a href="#[7d]">&gt;&gt;</a>&nbsp;&nbsp;&nbsp;main
<LI><a href="#[7e]">&gt;&gt;</a>&nbsp;&nbsp;&nbsp;exit
</UL>

<P><STRONG><a name="[d0]"></a>__rt_entry_postli_1</STRONG> (Thumb, 0 bytes, Stack size unknown bytes, __rtentry2.o(.ARM.Collect$$rtentry$$0000000C))

<P><STRONG><a name="[94]"></a>__rt_exit</STRONG> (Thumb, 0 bytes, Stack size unknown bytes, rtexit.o(.ARM.Collect$$rtexit$$00000000))
<BR><BR>[Called By]<UL><LI><a href="#[7e]">&gt;&gt;</a>&nbsp;&nbsp;&nbsp;exit
</UL>

<P><STRONG><a name="[7f]"></a>__rt_exit_ls</STRONG> (Thumb, 0 bytes, Stack size unknown bytes, rtexit2.o(.ARM.Collect$$rtexit$$00000003))
<BR><BR>[Calls]<UL><LI><a href="#[80]">&gt;&gt;</a>&nbsp;&nbsp;&nbsp;__rt_lib_shutdown
</UL>

<P><STRONG><a name="[d1]"></a>__rt_exit_prels_1</STRONG> (Thumb, 0 bytes, Stack size unknown bytes, rtexit2.o(.ARM.Collect$$rtexit$$00000002))

<P><STRONG><a name="[81]"></a>__rt_exit_exit</STRONG> (Thumb, 0 bytes, Stack size unknown bytes, rtexit2.o(.ARM.Collect$$rtexit$$00000004))
<BR><BR>[Calls]<UL><LI><a href="#[82]">&gt;&gt;</a>&nbsp;&nbsp;&nbsp;_sys_exit
</UL>

<P><STRONG><a name="[4]"></a>HardFault_Handler</STRONG> (Thumb, 24 bytes, Stack size 0 bytes, retarget.o(.emb_text))
<BR>[Address Reference Count : 1]<UL><LI> startup_m480.o(RESET)
</UL>
<P><STRONG><a name="[69]"></a>Reset_Handler</STRONG> (Thumb, 64 bytes, Stack size 0 bytes, startup_m480.o(.text))

<P><STRONG><a name="[3]"></a>NMI_Handler</STRONG> (Thumb, 2 bytes, Stack size 0 bytes, startup_m480.o(.text))
<BR><BR>[Calls]<UL><LI><a href="#[3]">&gt;&gt;</a>&nbsp;&nbsp;&nbsp;NMI_Handler
</UL>
<BR>[Called By]<UL><LI><a href="#[3]">&gt;&gt;</a>&nbsp;&nbsp;&nbsp;NMI_Handler
</UL>
<BR>[Address Reference Count : 1]<UL><LI> startup_m480.o(RESET)
</UL>
<P><STRONG><a name="[5]"></a>MemManage_Handler</STRONG> (Thumb, 2 bytes, Stack size 0 bytes, startup_m480.o(.text))
<BR><BR>[Calls]<UL><LI><a href="#[5]">&gt;&gt;</a>&nbsp;&nbsp;&nbsp;MemManage_Handler
</UL>
<BR>[Called By]<UL><LI><a href="#[5]">&gt;&gt;</a>&nbsp;&nbsp;&nbsp;MemManage_Handler
</UL>
<BR>[Address Reference Count : 1]<UL><LI> startup_m480.o(RESET)
</UL>
<P><STRONG><a name="[6]"></a>BusFault_Handler</STRONG> (Thumb, 2 bytes, Stack size 0 bytes, startup_m480.o(.text))
<BR><BR>[Calls]<UL><LI><a href="#[6]">&gt;&gt;</a>&nbsp;&nbsp;&nbsp;BusFault_Handler
</UL>
<BR>[Called By]<UL><LI><a href="#[6]">&gt;&gt;</a>&nbsp;&nbsp;&nbsp;BusFault_Handler
</UL>
<BR>[Address Reference Count : 1]<UL><LI> startup_m480.o(RESET)
</UL>
<P><STRONG><a name="[7]"></a>UsageFault_Handler</STRONG> (Thumb, 2 bytes, Stack size 0 bytes, startup_m480.o(.text))
<BR><BR>[Calls]<UL><LI><a href="#[7]">&gt;&gt;</a>&nbsp;&nbsp;&nbsp;UsageFault_Handler
</UL>
<BR>[Called By]<UL><LI><a href="#[7]">&gt;&gt;</a>&nbsp;&nbsp;&nbsp;UsageFault_Handler
</UL>
<BR>[Address Reference Count : 1]<UL><LI> startup_m480.o(RESET)
</UL>
<P><STRONG><a name="[8]"></a>SVC_Handler</STRONG> (Thumb, 2 bytes, Stack size 0 bytes, startup_m480.o(.text))
<BR><BR>[Calls]<UL><LI><a href="#[8]">&gt;&gt;</a>&nbsp;&nbsp;&nbsp;SVC_Handler
</UL>
<BR>[Called By]<UL><LI><a href="#[8]">&gt;&gt;</a>&nbsp;&nbsp;&nbsp;SVC_Handler
</UL>
<BR>[Address Reference Count : 1]<UL><LI> startup_m480.o(RESET)
</UL>
<P><STRONG><a name="[9]"></a>DebugMon_Handler</STRONG> (Thumb, 2 bytes, Stack size 0 bytes, startup_m480.o(.text))
<BR><BR>[Calls]<UL><LI><a href="#[9]">&gt;&gt;</a>&nbsp;&nbsp;&nbsp;DebugMon_Handler
</UL>
<BR>[Called By]<UL><LI><a href="#[9]">&gt;&gt;</a>&nbsp;&nbsp;&nbsp;DebugMon_Handler
</UL>
<BR>[Address Reference Count : 1]<UL><LI> startup_m480.o(RESET)
</UL>
<P><STRONG><a name="[a]"></a>PendSV_Handler</STRONG> (Thumb, 2 bytes, Stack size 0 bytes, startup_m480.o(.text))
<BR><BR>[Calls]<UL><LI><a href="#[a]">&gt;&gt;</a>&nbsp;&nbsp;&nbsp;PendSV_Handler
</UL>
<BR>[Called By]<UL><LI><a href="#[a]">&gt;&gt;</a>&nbsp;&nbsp;&nbsp;PendSV_Handler
</UL>
<BR>[Address Reference Count : 1]<UL><LI> startup_m480.o(RESET)
</UL>
<P><STRONG><a name="[b]"></a>SysTick_Handler</STRONG> (Thumb, 2 bytes, Stack size 0 bytes, startup_m480.o(.text))
<BR><BR>[Calls]<UL><LI><a href="#[b]">&gt;&gt;</a>&nbsp;&nbsp;&nbsp;SysTick_Handler
</UL>
<BR>[Called By]<UL><LI><a href="#[b]">&gt;&gt;</a>&nbsp;&nbsp;&nbsp;SysTick_Handler
</UL>
<BR>[Address Reference Count : 1]<UL><LI> startup_m480.o(RESET)
</UL>
<P><STRONG><a name="[38]"></a>ACMP01_IRQHandler</STRONG> (Thumb, 0 bytes, Stack size 0 bytes, startup_m480.o(.text))
<BR>[Address Reference Count : 1]<UL><LI> startup_m480.o(RESET)
</UL>
<P><STRONG><a name="[36]"></a>ADC00_IRQHandler</STRONG> (Thumb, 0 bytes, Stack size 0 bytes, startup_m480.o(.text))
<BR>[Address Reference Count : 1]<UL><LI> startup_m480.o(RESET)
</UL>
<P><STRONG><a name="[37]"></a>ADC01_IRQHandler</STRONG> (Thumb, 0 bytes, Stack size 0 bytes, startup_m480.o(.text))
<BR>[Address Reference Count : 1]<UL><LI> startup_m480.o(RESET)
</UL>
<P><STRONG><a name="[39]"></a>ADC02_IRQHandler</STRONG> (Thumb, 0 bytes, Stack size 0 bytes, startup_m480.o(.text))
<BR>[Address Reference Count : 1]<UL><LI> startup_m480.o(RESET)
</UL>
<P><STRONG><a name="[3a]"></a>ADC03_IRQHandler</STRONG> (Thumb, 0 bytes, Stack size 0 bytes, startup_m480.o(.text))
<BR>[Address Reference Count : 1]<UL><LI> startup_m480.o(RESET)
</UL>
<P><STRONG><a name="[c]"></a>BOD_IRQHandler</STRONG> (Thumb, 0 bytes, Stack size 0 bytes, startup_m480.o(.text))
<BR>[Address Reference Count : 1]<UL><LI> startup_m480.o(RESET)
</UL>
<P><STRONG><a name="[55]"></a>BPWM0_IRQHandler</STRONG> (Thumb, 0 bytes, Stack size 0 bytes, startup_m480.o(.text))
<BR>[Address Reference Count : 1]<UL><LI> startup_m480.o(RESET)
</UL>
<P><STRONG><a name="[56]"></a>BPWM1_IRQHandler</STRONG> (Thumb, 0 bytes, Stack size 0 bytes, startup_m480.o(.text))
<BR>[Address Reference Count : 1]<UL><LI> startup_m480.o(RESET)
</UL>
<P><STRONG><a name="[24]"></a>BRAKE0_IRQHandler</STRONG> (Thumb, 0 bytes, Stack size 0 bytes, startup_m480.o(.text))
<BR>[Address Reference Count : 1]<UL><LI> startup_m480.o(RESET)
</UL>
<P><STRONG><a name="[28]"></a>BRAKE1_IRQHandler</STRONG> (Thumb, 0 bytes, Stack size 0 bytes, startup_m480.o(.text))
<BR>[Address Reference Count : 1]<UL><LI> startup_m480.o(RESET)
</UL>
<P><STRONG><a name="[42]"></a>CAN0_IRQHandler</STRONG> (Thumb, 0 bytes, Stack size 0 bytes, startup_m480.o(.text))
<BR>[Address Reference Count : 1]<UL><LI> startup_m480.o(RESET)
</UL>
<P><STRONG><a name="[43]"></a>CAN1_IRQHandler</STRONG> (Thumb, 0 bytes, Stack size 0 bytes, startup_m480.o(.text))
<BR>[Address Reference Count : 1]<UL><LI> startup_m480.o(RESET)
</UL>
<P><STRONG><a name="[10]"></a>CKFAIL_IRQHandler</STRONG> (Thumb, 0 bytes, Stack size 0 bytes, startup_m480.o(.text))
<BR>[Address Reference Count : 1]<UL><LI> startup_m480.o(RESET)
</UL>
<P><STRONG><a name="[35]"></a>DAC_IRQHandler</STRONG> (Thumb, 0 bytes, Stack size 0 bytes, startup_m480.o(.text))
<BR>[Address Reference Count : 1]<UL><LI> startup_m480.o(RESET)
</UL>
<P><STRONG><a name="[5b]"></a>ECAP0_IRQHandler</STRONG> (Thumb, 0 bytes, Stack size 0 bytes, startup_m480.o(.text))
<BR>[Address Reference Count : 1]<UL><LI> startup_m480.o(RESET)
</UL>
<P><STRONG><a name="[5c]"></a>ECAP1_IRQHandler</STRONG> (Thumb, 0 bytes, Stack size 0 bytes, startup_m480.o(.text))
<BR>[Address Reference Count : 1]<UL><LI> startup_m480.o(RESET)
</UL>
<P><STRONG><a name="[60]"></a>EHCI_IRQHandler</STRONG> (Thumb, 0 bytes, Stack size 0 bytes, startup_m480.o(.text))
<BR>[Address Reference Count : 1]<UL><LI> startup_m480.o(RESET)
</UL>
<P><STRONG><a name="[16]"></a>EINT0_IRQHandler</STRONG> (Thumb, 0 bytes, Stack size 0 bytes, startup_m480.o(.text))
<BR>[Address Reference Count : 1]<UL><LI> startup_m480.o(RESET)
</UL>
<P><STRONG><a name="[17]"></a>EINT1_IRQHandler</STRONG> (Thumb, 0 bytes, Stack size 0 bytes, startup_m480.o(.text))
<BR>[Address Reference Count : 1]<UL><LI> startup_m480.o(RESET)
</UL>
<P><STRONG><a name="[18]"></a>EINT2_IRQHandler</STRONG> (Thumb, 0 bytes, Stack size 0 bytes, startup_m480.o(.text))
<BR>[Address Reference Count : 1]<UL><LI> startup_m480.o(RESET)
</UL>
<P><STRONG><a name="[19]"></a>EINT3_IRQHandler</STRONG> (Thumb, 0 bytes, Stack size 0 bytes, startup_m480.o(.text))
<BR>[Address Reference Count : 1]<UL><LI> startup_m480.o(RESET)
</UL>
<P><STRONG><a name="[1a]"></a>EINT4_IRQHandler</STRONG> (Thumb, 0 bytes, Stack size 0 bytes, startup_m480.o(.text))
<BR>[Address Reference Count : 1]<UL><LI> startup_m480.o(RESET)
</UL>
<P><STRONG><a name="[1b]"></a>EINT5_IRQHandler</STRONG> (Thumb, 0 bytes, Stack size 0 bytes, startup_m480.o(.text))
<BR>[Address Reference Count : 1]<UL><LI> startup_m480.o(RESET)
</UL>
<P><STRONG><a name="[50]"></a>EINT6_IRQHandler</STRONG> (Thumb, 0 bytes, Stack size 0 bytes, startup_m480.o(.text))
<BR>[Address Reference Count : 1]<UL><LI> startup_m480.o(RESET)
</UL>
<P><STRONG><a name="[5e]"></a>EINT7_IRQHandler</STRONG> (Thumb, 0 bytes, Stack size 0 bytes, startup_m480.o(.text))
<BR>[Address Reference Count : 1]<UL><LI> startup_m480.o(RESET)
</UL>
<P><STRONG><a name="[4b]"></a>EMAC_RX_IRQHandler</STRONG> (Thumb, 0 bytes, Stack size 0 bytes, startup_m480.o(.text))
<BR>[Address Reference Count : 1]<UL><LI> startup_m480.o(RESET)
</UL>
<P><STRONG><a name="[4a]"></a>EMAC_TX_IRQHandler</STRONG> (Thumb, 0 bytes, Stack size 0 bytes, startup_m480.o(.text))
<BR>[Address Reference Count : 1]<UL><LI> startup_m480.o(RESET)
</UL>
<P><STRONG><a name="[25]"></a>EPWM0P0_IRQHandler</STRONG> (Thumb, 0 bytes, Stack size 0 bytes, startup_m480.o(.text))
<BR>[Address Reference Count : 1]<UL><LI> startup_m480.o(RESET)
</UL>
<P><STRONG><a name="[26]"></a>EPWM0P1_IRQHandler</STRONG> (Thumb, 0 bytes, Stack size 0 bytes, startup_m480.o(.text))
<BR>[Address Reference Count : 1]<UL><LI> startup_m480.o(RESET)
</UL>
<P><STRONG><a name="[27]"></a>EPWM0P2_IRQHandler</STRONG> (Thumb, 0 bytes, Stack size 0 bytes, startup_m480.o(.text))
<BR>[Address Reference Count : 1]<UL><LI> startup_m480.o(RESET)
</UL>
<P><STRONG><a name="[29]"></a>EPWM1P0_IRQHandler</STRONG> (Thumb, 0 bytes, Stack size 0 bytes, startup_m480.o(.text))
<BR>[Address Reference Count : 1]<UL><LI> startup_m480.o(RESET)
</UL>
<P><STRONG><a name="[2a]"></a>EPWM1P1_IRQHandler</STRONG> (Thumb, 0 bytes, Stack size 0 bytes, startup_m480.o(.text))
<BR>[Address Reference Count : 1]<UL><LI> startup_m480.o(RESET)
</UL>
<P><STRONG><a name="[2b]"></a>EPWM1P2_IRQHandler</STRONG> (Thumb, 0 bytes, Stack size 0 bytes, startup_m480.o(.text))
<BR>[Address Reference Count : 1]<UL><LI> startup_m480.o(RESET)
</UL>
<P><STRONG><a name="[1c]"></a>GPA_IRQHandler</STRONG> (Thumb, 0 bytes, Stack size 0 bytes, startup_m480.o(.text))
<BR>[Address Reference Count : 1]<UL><LI> startup_m480.o(RESET)
</UL>
<P><STRONG><a name="[1d]"></a>GPB_IRQHandler</STRONG> (Thumb, 0 bytes, Stack size 0 bytes, startup_m480.o(.text))
<BR>[Address Reference Count : 1]<UL><LI> startup_m480.o(RESET)
</UL>
<P><STRONG><a name="[1e]"></a>GPC_IRQHandler</STRONG> (Thumb, 0 bytes, Stack size 0 bytes, startup_m480.o(.text))
<BR>[Address Reference Count : 1]<UL><LI> startup_m480.o(RESET)
</UL>
<P><STRONG><a name="[1f]"></a>GPD_IRQHandler</STRONG> (Thumb, 0 bytes, Stack size 0 bytes, startup_m480.o(.text))
<BR>[Address Reference Count : 1]<UL><LI> startup_m480.o(RESET)
</UL>
<P><STRONG><a name="[20]"></a>GPE_IRQHandler</STRONG> (Thumb, 0 bytes, Stack size 0 bytes, startup_m480.o(.text))
<BR>[Address Reference Count : 1]<UL><LI> startup_m480.o(RESET)
</UL>
<P><STRONG><a name="[21]"></a>GPF_IRQHandler</STRONG> (Thumb, 0 bytes, Stack size 0 bytes, startup_m480.o(.text))
<BR>[Address Reference Count : 1]<UL><LI> startup_m480.o(RESET)
</UL>
<P><STRONG><a name="[4f]"></a>GPG_IRQHandler</STRONG> (Thumb, 0 bytes, Stack size 0 bytes, startup_m480.o(.text))
<BR>[Address Reference Count : 1]<UL><LI> startup_m480.o(RESET)
</UL>
<P><STRONG><a name="[5d]"></a>GPH_IRQHandler</STRONG> (Thumb, 0 bytes, Stack size 0 bytes, startup_m480.o(.text))
<BR>[Address Reference Count : 1]<UL><LI> startup_m480.o(RESET)
</UL>
<P><STRONG><a name="[32]"></a>I2C0_IRQHandler</STRONG> (Thumb, 0 bytes, Stack size 0 bytes, startup_m480.o(.text))
<BR>[Address Reference Count : 1]<UL><LI> startup_m480.o(RESET)
</UL>
<P><STRONG><a name="[33]"></a>I2C1_IRQHandler</STRONG> (Thumb, 0 bytes, Stack size 0 bytes, startup_m480.o(.text))
<BR>[Address Reference Count : 1]<UL><LI> startup_m480.o(RESET)
</UL>
<P><STRONG><a name="[58]"></a>I2C2_IRQHandler</STRONG> (Thumb, 0 bytes, Stack size 0 bytes, startup_m480.o(.text))
<BR>[Address Reference Count : 1]<UL><LI> startup_m480.o(RESET)
</UL>
<P><STRONG><a name="[4c]"></a>I2S0_IRQHandler</STRONG> (Thumb, 0 bytes, Stack size 0 bytes, startup_m480.o(.text))
<BR>[Address Reference Count : 1]<UL><LI> startup_m480.o(RESET)
</UL>
<P><STRONG><a name="[d]"></a>IRC_IRQHandler</STRONG> (Thumb, 0 bytes, Stack size 0 bytes, startup_m480.o(.text))
<BR>[Address Reference Count : 1]<UL><LI> startup_m480.o(RESET)
</UL>
<P><STRONG><a name="[40]"></a>OHCI_IRQHandler</STRONG> (Thumb, 0 bytes, Stack size 0 bytes, startup_m480.o(.text))
<BR>[Address Reference Count : 1]<UL><LI> startup_m480.o(RESET)
</UL>
<P><STRONG><a name="[4d]"></a>OPA0_IRQHandler</STRONG> (Thumb, 0 bytes, Stack size 0 bytes, startup_m480.o(.text))
<BR>[Address Reference Count : 1]<UL><LI> startup_m480.o(RESET)
</UL>
<P><STRONG><a name="[34]"></a>PDMA_IRQHandler</STRONG> (Thumb, 0 bytes, Stack size 0 bytes, startup_m480.o(.text))
<BR>[Address Reference Count : 1]<UL><LI> startup_m480.o(RESET)
</UL>
<P><STRONG><a name="[e]"></a>PWRWU_IRQHandler</STRONG> (Thumb, 0 bytes, Stack size 0 bytes, startup_m480.o(.text))
<BR>[Address Reference Count : 1]<UL><LI> startup_m480.o(RESET)
</UL>
<P><STRONG><a name="[59]"></a>QEI0_IRQHandler</STRONG> (Thumb, 0 bytes, Stack size 0 bytes, startup_m480.o(.text))
<BR>[Address Reference Count : 1]<UL><LI> startup_m480.o(RESET)
</UL>
<P><STRONG><a name="[5a]"></a>QEI1_IRQHandler</STRONG> (Thumb, 0 bytes, Stack size 0 bytes, startup_m480.o(.text))
<BR>[Address Reference Count : 1]<UL><LI> startup_m480.o(RESET)
</UL>
<P><STRONG><a name="[22]"></a>QSPI0_IRQHandler</STRONG> (Thumb, 0 bytes, Stack size 0 bytes, startup_m480.o(.text))
<BR>[Address Reference Count : 1]<UL><LI> startup_m480.o(RESET)
</UL>
<P><STRONG><a name="[f]"></a>RAMPE_IRQHandler</STRONG> (Thumb, 0 bytes, Stack size 0 bytes, startup_m480.o(.text))
<BR>[Address Reference Count : 1]<UL><LI> startup_m480.o(RESET)
</UL>
<P><STRONG><a name="[12]"></a>RTC_IRQHandler</STRONG> (Thumb, 0 bytes, Stack size 0 bytes, startup_m480.o(.text))
<BR>[Address Reference Count : 1]<UL><LI> startup_m480.o(RESET)
</UL>
<P><STRONG><a name="[44]"></a>SC0_IRQHandler</STRONG> (Thumb, 0 bytes, Stack size 0 bytes, startup_m480.o(.text))
<BR>[Address Reference Count : 1]<UL><LI> startup_m480.o(RESET)
</UL>
<P><STRONG><a name="[45]"></a>SC1_IRQHandler</STRONG> (Thumb, 0 bytes, Stack size 0 bytes, startup_m480.o(.text))
<BR>[Address Reference Count : 1]<UL><LI> startup_m480.o(RESET)
</UL>
<P><STRONG><a name="[46]"></a>SC2_IRQHandler</STRONG> (Thumb, 0 bytes, Stack size 0 bytes, startup_m480.o(.text))
<BR>[Address Reference Count : 1]<UL><LI> startup_m480.o(RESET)
</UL>
<P><STRONG><a name="[48]"></a>SDH0_IRQHandler</STRONG> (Thumb, 0 bytes, Stack size 0 bytes, startup_m480.o(.text))
<BR>[Address Reference Count : 1]<UL><LI> startup_m480.o(RESET)
</UL>
<P><STRONG><a name="[5f]"></a>SDH1_IRQHandler</STRONG> (Thumb, 0 bytes, Stack size 0 bytes, startup_m480.o(.text))
<BR>[Address Reference Count : 1]<UL><LI> startup_m480.o(RESET)
</UL>
<P><STRONG><a name="[23]"></a>SPI0_IRQHandler</STRONG> (Thumb, 0 bytes, Stack size 0 bytes, startup_m480.o(.text))
<BR>[Address Reference Count : 1]<UL><LI> startup_m480.o(RESET)
</UL>
<P><STRONG><a name="[3d]"></a>SPI1_IRQHandler</STRONG> (Thumb, 0 bytes, Stack size 0 bytes, startup_m480.o(.text))
<BR>[Address Reference Count : 1]<UL><LI> startup_m480.o(RESET)
</UL>
<P><STRONG><a name="[3e]"></a>SPI2_IRQHandler</STRONG> (Thumb, 0 bytes, Stack size 0 bytes, startup_m480.o(.text))
<BR>[Address Reference Count : 1]<UL><LI> startup_m480.o(RESET)
</UL>
<P><STRONG><a name="[47]"></a>SPI3_IRQHandler</STRONG> (Thumb, 0 bytes, Stack size 0 bytes, startup_m480.o(.text))
<BR>[Address Reference Count : 1]<UL><LI> startup_m480.o(RESET)
</UL>
<P><STRONG><a name="[57]"></a>SPIM_IRQHandler</STRONG> (Thumb, 0 bytes, Stack size 0 bytes, startup_m480.o(.text))
<BR>[Address Reference Count : 1]<UL><LI> startup_m480.o(RESET)
</UL>
<P><STRONG><a name="[13]"></a>TAMPER_IRQHandler</STRONG> (Thumb, 0 bytes, Stack size 0 bytes, startup_m480.o(.text))
<BR>[Address Reference Count : 1]<UL><LI> startup_m480.o(RESET)
</UL>
<P><STRONG><a name="[2c]"></a>TMR0_IRQHandler</STRONG> (Thumb, 0 bytes, Stack size 0 bytes, startup_m480.o(.text))
<BR>[Address Reference Count : 1]<UL><LI> startup_m480.o(RESET)
</UL>
<P><STRONG><a name="[2d]"></a>TMR1_IRQHandler</STRONG> (Thumb, 0 bytes, Stack size 0 bytes, startup_m480.o(.text))
<BR>[Address Reference Count : 1]<UL><LI> startup_m480.o(RESET)
</UL>
<P><STRONG><a name="[2e]"></a>TMR2_IRQHandler</STRONG> (Thumb, 0 bytes, Stack size 0 bytes, startup_m480.o(.text))
<BR>[Address Reference Count : 1]<UL><LI> startup_m480.o(RESET)
</UL>
<P><STRONG><a name="[2f]"></a>TMR3_IRQHandler</STRONG> (Thumb, 0 bytes, Stack size 0 bytes, startup_m480.o(.text))
<BR>[Address Reference Count : 1]<UL><LI> startup_m480.o(RESET)
</UL>
<P><STRONG><a name="[30]"></a>UART0_IRQHandler</STRONG> (Thumb, 0 bytes, Stack size 0 bytes, startup_m480.o(.text))
<BR>[Address Reference Count : 1]<UL><LI> startup_m480.o(RESET)
</UL>
<P><STRONG><a name="[31]"></a>UART1_IRQHandler</STRONG> (Thumb, 0 bytes, Stack size 0 bytes, startup_m480.o(.text))
<BR>[Address Reference Count : 1]<UL><LI> startup_m480.o(RESET)
</UL>
<P><STRONG><a name="[3b]"></a>UART2_IRQHandler</STRONG> (Thumb, 0 bytes, Stack size 0 bytes, startup_m480.o(.text))
<BR>[Address Reference Count : 1]<UL><LI> startup_m480.o(RESET)
</UL>
<P><STRONG><a name="[3c]"></a>UART3_IRQHandler</STRONG> (Thumb, 0 bytes, Stack size 0 bytes, startup_m480.o(.text))
<BR>[Address Reference Count : 1]<UL><LI> startup_m480.o(RESET)
</UL>
<P><STRONG><a name="[51]"></a>UART4_IRQHandler</STRONG> (Thumb, 0 bytes, Stack size 0 bytes, startup_m480.o(.text))
<BR>[Address Reference Count : 1]<UL><LI> startup_m480.o(RESET)
</UL>
<P><STRONG><a name="[52]"></a>UART5_IRQHandler</STRONG> (Thumb, 0 bytes, Stack size 0 bytes, startup_m480.o(.text))
<BR>[Address Reference Count : 1]<UL><LI> startup_m480.o(RESET)
</UL>
<P><STRONG><a name="[49]"></a>USBD20_IRQHandler</STRONG> (Thumb, 0 bytes, Stack size 0 bytes, startup_m480.o(.text))
<BR>[Address Reference Count : 1]<UL><LI> startup_m480.o(RESET)
</UL>
<P><STRONG><a name="[3f]"></a>USBD_IRQHandler</STRONG> (Thumb, 0 bytes, Stack size 0 bytes, startup_m480.o(.text))
<BR>[Address Reference Count : 1]<UL><LI> startup_m480.o(RESET)
</UL>
<P><STRONG><a name="[61]"></a>USBOTG20_IRQHandler</STRONG> (Thumb, 0 bytes, Stack size 0 bytes, startup_m480.o(.text))
<BR>[Address Reference Count : 1]<UL><LI> startup_m480.o(RESET)
</UL>
<P><STRONG><a name="[41]"></a>USBOTG_IRQHandler</STRONG> (Thumb, 0 bytes, Stack size 0 bytes, startup_m480.o(.text))
<BR>[Address Reference Count : 1]<UL><LI> startup_m480.o(RESET)
</UL>
<P><STRONG><a name="[53]"></a>USCI0_IRQHandler</STRONG> (Thumb, 0 bytes, Stack size 0 bytes, startup_m480.o(.text))
<BR>[Address Reference Count : 1]<UL><LI> startup_m480.o(RESET)
</UL>
<P><STRONG><a name="[54]"></a>USCI1_IRQHandler</STRONG> (Thumb, 0 bytes, Stack size 0 bytes, startup_m480.o(.text))
<BR>[Address Reference Count : 1]<UL><LI> startup_m480.o(RESET)
</UL>
<P><STRONG><a name="[14]"></a>WDT_IRQHandler</STRONG> (Thumb, 0 bytes, Stack size 0 bytes, startup_m480.o(.text))
<BR>[Address Reference Count : 1]<UL><LI> startup_m480.o(RESET)
</UL>
<P><STRONG><a name="[15]"></a>WWDT_IRQHandler</STRONG> (Thumb, 0 bytes, Stack size 0 bytes, startup_m480.o(.text))
<BR>[Address Reference Count : 1]<UL><LI> startup_m480.o(RESET)
</UL>
<P><STRONG><a name="[6b]"></a>__user_initial_stackheap</STRONG> (Thumb, 10 bytes, Stack size 0 bytes, startup_m480.o(.text))
<BR><BR>[Called By]<UL><LI><a href="#[79]">&gt;&gt;</a>&nbsp;&nbsp;&nbsp;__user_setup_stackheap
</UL>

<P><STRONG><a name="[83]"></a>__2printf</STRONG> (Thumb, 20 bytes, Stack size 24 bytes, noretval__2printf.o(.text))
<BR><BR>[Stack]<UL><LI>Max Depth = 144 + Unknown Stack Size
<LI>Call Chain = __2printf &rArr; _printf_char_file &rArr; _printf_char_common &rArr; __printf
</UL>
<BR>[Calls]<UL><LI><a href="#[84]">&gt;&gt;</a>&nbsp;&nbsp;&nbsp;_printf_char_file
</UL>
<BR>[Called By]<UL><LI><a href="#[62]">&gt;&gt;</a>&nbsp;&nbsp;&nbsp;Hard_Fault_Handler
<LI><a href="#[9c]">&gt;&gt;</a>&nbsp;&nbsp;&nbsp;stackDump
<LI><a href="#[7d]">&gt;&gt;</a>&nbsp;&nbsp;&nbsp;main
<LI><a href="#[a4]">&gt;&gt;</a>&nbsp;&nbsp;&nbsp;dump_buff_hex
</UL>

<P><STRONG><a name="[86]"></a>_printf_pre_padding</STRONG> (Thumb, 44 bytes, Stack size 16 bytes, _printf_pad.o(.text))
<BR><BR>[Stack]<UL><LI>Max Depth = 16<LI>Call Chain = _printf_pre_padding
</UL>
<BR>[Called By]<UL><LI><a href="#[89]">&gt;&gt;</a>&nbsp;&nbsp;&nbsp;_printf_int_common
<LI><a href="#[85]">&gt;&gt;</a>&nbsp;&nbsp;&nbsp;_printf_str
</UL>

<P><STRONG><a name="[87]"></a>_printf_post_padding</STRONG> (Thumb, 34 bytes, Stack size 16 bytes, _printf_pad.o(.text))
<BR><BR>[Stack]<UL><LI>Max Depth = 16<LI>Call Chain = _printf_post_padding
</UL>
<BR>[Called By]<UL><LI><a href="#[89]">&gt;&gt;</a>&nbsp;&nbsp;&nbsp;_printf_int_common
<LI><a href="#[85]">&gt;&gt;</a>&nbsp;&nbsp;&nbsp;_printf_str
</UL>

<P><STRONG><a name="[85]"></a>_printf_str</STRONG> (Thumb, 82 bytes, Stack size 16 bytes, _printf_str.o(.text))
<BR><BR>[Stack]<UL><LI>Max Depth = 32<LI>Call Chain = _printf_str &rArr; _printf_post_padding
</UL>
<BR>[Calls]<UL><LI><a href="#[87]">&gt;&gt;</a>&nbsp;&nbsp;&nbsp;_printf_post_padding
<LI><a href="#[86]">&gt;&gt;</a>&nbsp;&nbsp;&nbsp;_printf_pre_padding
</UL>
<BR>[Called By]<UL><LI><a href="#[8f]">&gt;&gt;</a>&nbsp;&nbsp;&nbsp;_printf_cs_common
</UL>

<P><STRONG><a name="[88]"></a>_printf_longlong_hex</STRONG> (Thumb, 78 bytes, Stack size 16 bytes, _printf_hex_int_ptr.o(.text))
<BR><BR>[Stack]<UL><LI>Max Depth = 64<LI>Call Chain = _printf_longlong_hex &rArr; _printf_int_common &rArr; _printf_post_padding
</UL>
<BR>[Calls]<UL><LI><a href="#[89]">&gt;&gt;</a>&nbsp;&nbsp;&nbsp;_printf_int_common
</UL>
<BR>[Called By]<UL><LI><a href="#[71]">&gt;&gt;</a>&nbsp;&nbsp;&nbsp;_printf_hex_ptr
<LI><a href="#[73]">&gt;&gt;</a>&nbsp;&nbsp;&nbsp;_printf_int_hex
</UL>

<P><STRONG><a name="[73]"></a>_printf_int_hex</STRONG> (Thumb, 26 bytes, Stack size 16 bytes, _printf_hex_int_ptr.o(.text))
<BR><BR>[Stack]<UL><LI>Max Depth = 80<LI>Call Chain = _printf_int_hex &rArr; _printf_longlong_hex &rArr; _printf_int_common &rArr; _printf_post_padding
</UL>
<BR>[Calls]<UL><LI><a href="#[88]">&gt;&gt;</a>&nbsp;&nbsp;&nbsp;_printf_longlong_hex
</UL>
<BR>[Called By]<UL><LI><a href="#[72]">&gt;&gt;</a>&nbsp;&nbsp;&nbsp;_printf_x
</UL>

<P><STRONG><a name="[71]"></a>_printf_hex_ptr</STRONG> (Thumb, 16 bytes, Stack size 0 bytes, _printf_hex_int_ptr.o(.text))
<BR><BR>[Stack]<UL><LI>Max Depth = 64<LI>Call Chain = _printf_hex_ptr &rArr; _printf_longlong_hex &rArr; _printf_int_common &rArr; _printf_post_padding
</UL>
<BR>[Calls]<UL><LI><a href="#[88]">&gt;&gt;</a>&nbsp;&nbsp;&nbsp;_printf_longlong_hex
</UL>
<BR>[Called By]<UL><LI><a href="#[70]">&gt;&gt;</a>&nbsp;&nbsp;&nbsp;_printf_p
</UL>

<P><STRONG><a name="[8a]"></a>__printf</STRONG> (Thumb, 308 bytes, Stack size 40 bytes, __printf_flags_wp.o(.text))
<BR><BR>[Stack]<UL><LI>Max Depth = 40 + Unknown Stack Size
<LI>Call Chain = __printf
</UL>
<BR>[Calls]<UL><LI><a href="#[8c]">&gt;&gt;</a>&nbsp;&nbsp;&nbsp;_printf_percent
<LI><a href="#[8b]">&gt;&gt;</a>&nbsp;&nbsp;&nbsp;_is_digit
</UL>
<BR>[Called By]<UL><LI><a href="#[91]">&gt;&gt;</a>&nbsp;&nbsp;&nbsp;_printf_char_common
</UL>

<P><STRONG><a name="[8d]"></a>getc</STRONG> (Thumb, 4 bytes, Stack size 0 bytes, getc.o(.text))
<BR><BR>[Calls]<UL><LI><a href="#[8e]">&gt;&gt;</a>&nbsp;&nbsp;&nbsp;fgetc
</UL>
<BR>[Called By]<UL><LI><a href="#[7d]">&gt;&gt;</a>&nbsp;&nbsp;&nbsp;main
</UL>

<P><STRONG><a name="[d2]"></a>__use_two_region_memory</STRONG> (Thumb, 2 bytes, Stack size 0 bytes, heapauxi.o(.text), UNUSED)

<P><STRONG><a name="[d3]"></a>__rt_heap_escrow$2region</STRONG> (Thumb, 2 bytes, Stack size 0 bytes, heapauxi.o(.text), UNUSED)

<P><STRONG><a name="[d4]"></a>__rt_heap_expand$2region</STRONG> (Thumb, 2 bytes, Stack size 0 bytes, heapauxi.o(.text), UNUSED)

<P><STRONG><a name="[89]"></a>_printf_int_common</STRONG> (Thumb, 178 bytes, Stack size 32 bytes, _printf_intcommon.o(.text))
<BR><BR>[Stack]<UL><LI>Max Depth = 48<LI>Call Chain = _printf_int_common &rArr; _printf_post_padding
</UL>
<BR>[Calls]<UL><LI><a href="#[87]">&gt;&gt;</a>&nbsp;&nbsp;&nbsp;_printf_post_padding
<LI><a href="#[86]">&gt;&gt;</a>&nbsp;&nbsp;&nbsp;_printf_pre_padding
</UL>
<BR>[Called By]<UL><LI><a href="#[88]">&gt;&gt;</a>&nbsp;&nbsp;&nbsp;_printf_longlong_hex
</UL>

<P><STRONG><a name="[8f]"></a>_printf_cs_common</STRONG> (Thumb, 20 bytes, Stack size 8 bytes, _printf_char.o(.text))
<BR><BR>[Stack]<UL><LI>Max Depth = 40<LI>Call Chain = _printf_cs_common &rArr; _printf_str &rArr; _printf_post_padding
</UL>
<BR>[Calls]<UL><LI><a href="#[85]">&gt;&gt;</a>&nbsp;&nbsp;&nbsp;_printf_str
</UL>
<BR>[Called By]<UL><LI><a href="#[90]">&gt;&gt;</a>&nbsp;&nbsp;&nbsp;_printf_string
<LI><a href="#[75]">&gt;&gt;</a>&nbsp;&nbsp;&nbsp;_printf_char
</UL>

<P><STRONG><a name="[75]"></a>_printf_char</STRONG> (Thumb, 16 bytes, Stack size 0 bytes, _printf_char.o(.text))
<BR><BR>[Stack]<UL><LI>Max Depth = 40<LI>Call Chain = _printf_char &rArr; _printf_cs_common &rArr; _printf_str &rArr; _printf_post_padding
</UL>
<BR>[Calls]<UL><LI><a href="#[8f]">&gt;&gt;</a>&nbsp;&nbsp;&nbsp;_printf_cs_common
</UL>
<BR>[Called By]<UL><LI><a href="#[74]">&gt;&gt;</a>&nbsp;&nbsp;&nbsp;_printf_c
</UL>

<P><STRONG><a name="[90]"></a>_printf_string</STRONG> (Thumb, 8 bytes, Stack size 0 bytes, _printf_char.o(.text), UNUSED)
<BR><BR>[Calls]<UL><LI><a href="#[8f]">&gt;&gt;</a>&nbsp;&nbsp;&nbsp;_printf_cs_common
</UL>

<P><STRONG><a name="[84]"></a>_printf_char_file</STRONG> (Thumb, 32 bytes, Stack size 16 bytes, _printf_char_file.o(.text))
<BR><BR>[Stack]<UL><LI>Max Depth = 120 + Unknown Stack Size
<LI>Call Chain = _printf_char_file &rArr; _printf_char_common &rArr; __printf
</UL>
<BR>[Calls]<UL><LI><a href="#[92]">&gt;&gt;</a>&nbsp;&nbsp;&nbsp;ferror
<LI><a href="#[91]">&gt;&gt;</a>&nbsp;&nbsp;&nbsp;_printf_char_common
</UL>
<BR>[Called By]<UL><LI><a href="#[83]">&gt;&gt;</a>&nbsp;&nbsp;&nbsp;__2printf
</UL>

<P><STRONG><a name="[91]"></a>_printf_char_common</STRONG> (Thumb, 32 bytes, Stack size 64 bytes, _printf_char_common.o(.text))
<BR><BR>[Stack]<UL><LI>Max Depth = 104 + Unknown Stack Size
<LI>Call Chain = _printf_char_common &rArr; __printf
</UL>
<BR>[Calls]<UL><LI><a href="#[8a]">&gt;&gt;</a>&nbsp;&nbsp;&nbsp;__printf
</UL>
<BR>[Called By]<UL><LI><a href="#[84]">&gt;&gt;</a>&nbsp;&nbsp;&nbsp;_printf_char_file
</UL>

<P><STRONG><a name="[79]"></a>__user_setup_stackheap</STRONG> (Thumb, 74 bytes, Stack size 8 bytes, sys_stackheap_outer.o(.text))
<BR><BR>[Stack]<UL><LI>Max Depth = 8<LI>Call Chain = __user_setup_stackheap
</UL>
<BR>[Calls]<UL><LI><a href="#[6b]">&gt;&gt;</a>&nbsp;&nbsp;&nbsp;__user_initial_stackheap
<LI><a href="#[93]">&gt;&gt;</a>&nbsp;&nbsp;&nbsp;__user_perproc_libspace
</UL>
<BR>[Called By]<UL><LI><a href="#[78]">&gt;&gt;</a>&nbsp;&nbsp;&nbsp;__rt_entry_sh
</UL>

<P><STRONG><a name="[7e]"></a>exit</STRONG> (Thumb, 18 bytes, Stack size 8 bytes, exit.o(.text))
<BR><BR>[Stack]<UL><LI>Max Depth = 8 + Unknown Stack Size
<LI>Call Chain = exit
</UL>
<BR>[Calls]<UL><LI><a href="#[94]">&gt;&gt;</a>&nbsp;&nbsp;&nbsp;__rt_exit
</UL>
<BR>[Called By]<UL><LI><a href="#[7c]">&gt;&gt;</a>&nbsp;&nbsp;&nbsp;__rt_entry_main
</UL>

<P><STRONG><a name="[d5]"></a>__user_libspace</STRONG> (Thumb, 8 bytes, Stack size 0 bytes, libspace.o(.text), UNUSED)

<P><STRONG><a name="[93]"></a>__user_perproc_libspace</STRONG> (Thumb, 0 bytes, Stack size 0 bytes, libspace.o(.text))
<BR><BR>[Called By]<UL><LI><a href="#[79]">&gt;&gt;</a>&nbsp;&nbsp;&nbsp;__user_setup_stackheap
</UL>

<P><STRONG><a name="[d6]"></a>__user_perthread_libspace</STRONG> (Thumb, 0 bytes, Stack size 0 bytes, libspace.o(.text), UNUSED)

<P><STRONG><a name="[82]"></a>_sys_exit</STRONG> (Thumb, 8 bytes, Stack size 0 bytes, sys_exit.o(.text))
<BR><BR>[Called By]<UL><LI><a href="#[81]">&gt;&gt;</a>&nbsp;&nbsp;&nbsp;__rt_exit_exit
</UL>

<P><STRONG><a name="[d7]"></a>__I$use$semihosting</STRONG> (Thumb, 0 bytes, Stack size 0 bytes, use_no_semi.o(.text), UNUSED)

<P><STRONG><a name="[d8]"></a>__use_no_semihosting_swi</STRONG> (Thumb, 2 bytes, Stack size 0 bytes, use_no_semi.o(.text), UNUSED)

<P><STRONG><a name="[d9]"></a>__semihosting_library_function</STRONG> (Thumb, 0 bytes, Stack size unknown bytes, indicate_semi.o(.text), UNUSED)

<P><STRONG><a name="[a7]"></a>AES_Open</STRONG> (Thumb, 40 bytes, Stack size 16 bytes, crypto.o(i.AES_Open))
<BR><BR>[Stack]<UL><LI>Max Depth = 16<LI>Call Chain = AES_Open
</UL>
<BR>[Called By]<UL><LI><a href="#[68]">&gt;&gt;</a>&nbsp;&nbsp;&nbsp;sprom_aes_encrypt
<LI><a href="#[67]">&gt;&gt;</a>&nbsp;&nbsp;&nbsp;sprom_aes_decrypt
</UL>

<P><STRONG><a name="[aa]"></a>AES_SetDMATransfer</STRONG> (Thumb, 28 bytes, Stack size 8 bytes, crypto.o(i.AES_SetDMATransfer))
<BR><BR>[Stack]<UL><LI>Max Depth = 8<LI>Call Chain = AES_SetDMATransfer
</UL>
<BR>[Called By]<UL><LI><a href="#[68]">&gt;&gt;</a>&nbsp;&nbsp;&nbsp;sprom_aes_encrypt
<LI><a href="#[67]">&gt;&gt;</a>&nbsp;&nbsp;&nbsp;sprom_aes_decrypt
</UL>

<P><STRONG><a name="[a9]"></a>AES_SetInitVect</STRONG> (Thumb, 28 bytes, Stack size 0 bytes, crypto.o(i.AES_SetInitVect))
<BR><BR>[Called By]<UL><LI><a href="#[68]">&gt;&gt;</a>&nbsp;&nbsp;&nbsp;sprom_aes_encrypt
<LI><a href="#[67]">&gt;&gt;</a>&nbsp;&nbsp;&nbsp;sprom_aes_decrypt
</UL>

<P><STRONG><a name="[a8]"></a>AES_SetKey</STRONG> (Thumb, 38 bytes, Stack size 8 bytes, crypto.o(i.AES_SetKey))
<BR><BR>[Stack]<UL><LI>Max Depth = 8<LI>Call Chain = AES_SetKey
</UL>
<BR>[Called By]<UL><LI><a href="#[68]">&gt;&gt;</a>&nbsp;&nbsp;&nbsp;sprom_aes_encrypt
<LI><a href="#[67]">&gt;&gt;</a>&nbsp;&nbsp;&nbsp;sprom_aes_decrypt
</UL>

<P><STRONG><a name="[ab]"></a>AES_Start</STRONG> (Thumb, 28 bytes, Stack size 0 bytes, crypto.o(i.AES_Start))
<BR><BR>[Called By]<UL><LI><a href="#[68]">&gt;&gt;</a>&nbsp;&nbsp;&nbsp;sprom_aes_encrypt
<LI><a href="#[67]">&gt;&gt;</a>&nbsp;&nbsp;&nbsp;sprom_aes_decrypt
</UL>

<P><STRONG><a name="[96]"></a>CLK_DisablePLL</STRONG> (Thumb, 18 bytes, Stack size 0 bytes, clk.o(i.CLK_DisablePLL))
<BR><BR>[Called By]<UL><LI><a href="#[95]">&gt;&gt;</a>&nbsp;&nbsp;&nbsp;CLK_EnablePLL
</UL>

<P><STRONG><a name="[a0]"></a>CLK_EnableModuleClock</STRONG> (Thumb, 24 bytes, Stack size 0 bytes, clk.o(i.CLK_EnableModuleClock))
<BR><BR>[Called By]<UL><LI><a href="#[9d]">&gt;&gt;</a>&nbsp;&nbsp;&nbsp;SYS_Init
</UL>

<P><STRONG><a name="[95]"></a>CLK_EnablePLL</STRONG> (Thumb, 308 bytes, Stack size 40 bytes, clk.o(i.CLK_EnablePLL))
<BR><BR>[Stack]<UL><LI>Max Depth = 52<LI>Call Chain = CLK_EnablePLL &rArr; CLK_WaitClockReady
</UL>
<BR>[Calls]<UL><LI><a href="#[97]">&gt;&gt;</a>&nbsp;&nbsp;&nbsp;CLK_WaitClockReady
<LI><a href="#[98]">&gt;&gt;</a>&nbsp;&nbsp;&nbsp;CLK_GetPLLClockFreq
<LI><a href="#[96]">&gt;&gt;</a>&nbsp;&nbsp;&nbsp;CLK_DisablePLL
</UL>
<BR>[Called By]<UL><LI><a href="#[99]">&gt;&gt;</a>&nbsp;&nbsp;&nbsp;CLK_SetCoreClock
</UL>

<P><STRONG><a name="[9f]"></a>CLK_EnableXtalRC</STRONG> (Thumb, 16 bytes, Stack size 0 bytes, clk.o(i.CLK_EnableXtalRC))
<BR><BR>[Called By]<UL><LI><a href="#[9d]">&gt;&gt;</a>&nbsp;&nbsp;&nbsp;SYS_Init
</UL>

<P><STRONG><a name="[98]"></a>CLK_GetPLLClockFreq</STRONG> (Thumb, 66 bytes, Stack size 8 bytes, clk.o(i.CLK_GetPLLClockFreq))
<BR><BR>[Stack]<UL><LI>Max Depth = 8<LI>Call Chain = CLK_GetPLLClockFreq
</UL>
<BR>[Called By]<UL><LI><a href="#[a3]">&gt;&gt;</a>&nbsp;&nbsp;&nbsp;UART_Open
<LI><a href="#[9b]">&gt;&gt;</a>&nbsp;&nbsp;&nbsp;SystemCoreClockUpdate
<LI><a href="#[95]">&gt;&gt;</a>&nbsp;&nbsp;&nbsp;CLK_EnablePLL
</UL>

<P><STRONG><a name="[99]"></a>CLK_SetCoreClock</STRONG> (Thumb, 128 bytes, Stack size 16 bytes, clk.o(i.CLK_SetCoreClock))
<BR><BR>[Stack]<UL><LI>Max Depth = 68<LI>Call Chain = CLK_SetCoreClock &rArr; CLK_EnablePLL &rArr; CLK_WaitClockReady
</UL>
<BR>[Calls]<UL><LI><a href="#[97]">&gt;&gt;</a>&nbsp;&nbsp;&nbsp;CLK_WaitClockReady
<LI><a href="#[9a]">&gt;&gt;</a>&nbsp;&nbsp;&nbsp;CLK_SetHCLK
<LI><a href="#[95]">&gt;&gt;</a>&nbsp;&nbsp;&nbsp;CLK_EnablePLL
</UL>
<BR>[Called By]<UL><LI><a href="#[9d]">&gt;&gt;</a>&nbsp;&nbsp;&nbsp;SYS_Init
</UL>

<P><STRONG><a name="[9a]"></a>CLK_SetHCLK</STRONG> (Thumb, 98 bytes, Stack size 24 bytes, clk.o(i.CLK_SetHCLK))
<BR><BR>[Stack]<UL><LI>Max Depth = 40<LI>Call Chain = CLK_SetHCLK &rArr; SystemCoreClockUpdate &rArr; CLK_GetPLLClockFreq
</UL>
<BR>[Calls]<UL><LI><a href="#[97]">&gt;&gt;</a>&nbsp;&nbsp;&nbsp;CLK_WaitClockReady
<LI><a href="#[9b]">&gt;&gt;</a>&nbsp;&nbsp;&nbsp;SystemCoreClockUpdate
</UL>
<BR>[Called By]<UL><LI><a href="#[99]">&gt;&gt;</a>&nbsp;&nbsp;&nbsp;CLK_SetCoreClock
<LI><a href="#[9d]">&gt;&gt;</a>&nbsp;&nbsp;&nbsp;SYS_Init
</UL>

<P><STRONG><a name="[a1]"></a>CLK_SetModuleClock</STRONG> (Thumb, 98 bytes, Stack size 16 bytes, clk.o(i.CLK_SetModuleClock))
<BR><BR>[Stack]<UL><LI>Max Depth = 16<LI>Call Chain = CLK_SetModuleClock
</UL>
<BR>[Called By]<UL><LI><a href="#[9d]">&gt;&gt;</a>&nbsp;&nbsp;&nbsp;SYS_Init
</UL>

<P><STRONG><a name="[97]"></a>CLK_WaitClockReady</STRONG> (Thumb, 38 bytes, Stack size 12 bytes, clk.o(i.CLK_WaitClockReady))
<BR><BR>[Stack]<UL><LI>Max Depth = 12<LI>Call Chain = CLK_WaitClockReady
</UL>
<BR>[Called By]<UL><LI><a href="#[9a]">&gt;&gt;</a>&nbsp;&nbsp;&nbsp;CLK_SetHCLK
<LI><a href="#[99]">&gt;&gt;</a>&nbsp;&nbsp;&nbsp;CLK_SetCoreClock
<LI><a href="#[9d]">&gt;&gt;</a>&nbsp;&nbsp;&nbsp;SYS_Init
<LI><a href="#[95]">&gt;&gt;</a>&nbsp;&nbsp;&nbsp;CLK_EnablePLL
</UL>

<P><STRONG><a name="[a6]"></a>FMC_Open</STRONG> (Thumb, 12 bytes, Stack size 0 bytes, fmc.o(i.FMC_Open))
<BR><BR>[Called By]<UL><LI><a href="#[7d]">&gt;&gt;</a>&nbsp;&nbsp;&nbsp;main
</UL>

<P><STRONG><a name="[62]"></a>Hard_Fault_Handler</STRONG> (Thumb, 16 bytes, Stack size 0 bytes, retarget.o(i.Hard_Fault_Handler))
<BR><BR>[Stack]<UL><LI>Max Depth = 152 + Unknown Stack Size
<LI>Call Chain = Hard_Fault_Handler &rArr; stackDump &rArr; __2printf &rArr; _printf_char_file &rArr; _printf_char_common &rArr; __printf
</UL>
<BR>[Calls]<UL><LI><a href="#[9c]">&gt;&gt;</a>&nbsp;&nbsp;&nbsp;stackDump
<LI><a href="#[83]">&gt;&gt;</a>&nbsp;&nbsp;&nbsp;__2printf
</UL>
<BR>[Address Reference Count : 1]<UL><LI> retarget.o(.emb_text)
</UL>
<P><STRONG><a name="[9d]"></a>SYS_Init</STRONG> (Thumb, 108 bytes, Stack size 16 bytes, main.o(i.SYS_Init))
<BR><BR>[Stack]<UL><LI>Max Depth = 84<LI>Call Chain = SYS_Init &rArr; CLK_SetCoreClock &rArr; CLK_EnablePLL &rArr; CLK_WaitClockReady
</UL>
<BR>[Calls]<UL><LI><a href="#[97]">&gt;&gt;</a>&nbsp;&nbsp;&nbsp;CLK_WaitClockReady
<LI><a href="#[a1]">&gt;&gt;</a>&nbsp;&nbsp;&nbsp;CLK_SetModuleClock
<LI><a href="#[9a]">&gt;&gt;</a>&nbsp;&nbsp;&nbsp;CLK_SetHCLK
<LI><a href="#[99]">&gt;&gt;</a>&nbsp;&nbsp;&nbsp;CLK_SetCoreClock
<LI><a href="#[9f]">&gt;&gt;</a>&nbsp;&nbsp;&nbsp;CLK_EnableXtalRC
<LI><a href="#[a0]">&gt;&gt;</a>&nbsp;&nbsp;&nbsp;CLK_EnableModuleClock
<LI><a href="#[9e]">&gt;&gt;</a>&nbsp;&nbsp;&nbsp;SYS_UnlockReg
<LI><a href="#[9b]">&gt;&gt;</a>&nbsp;&nbsp;&nbsp;SystemCoreClockUpdate
</UL>
<BR>[Called By]<UL><LI><a href="#[7d]">&gt;&gt;</a>&nbsp;&nbsp;&nbsp;main
</UL>

<P><STRONG><a name="[9b]"></a>SystemCoreClockUpdate</STRONG> (Thumb, 64 bytes, Stack size 8 bytes, system_m480.o(i.SystemCoreClockUpdate))
<BR><BR>[Stack]<UL><LI>Max Depth = 16<LI>Call Chain = SystemCoreClockUpdate &rArr; CLK_GetPLLClockFreq
</UL>
<BR>[Calls]<UL><LI><a href="#[98]">&gt;&gt;</a>&nbsp;&nbsp;&nbsp;CLK_GetPLLClockFreq
</UL>
<BR>[Called By]<UL><LI><a href="#[9a]">&gt;&gt;</a>&nbsp;&nbsp;&nbsp;CLK_SetHCLK
<LI><a href="#[9d]">&gt;&gt;</a>&nbsp;&nbsp;&nbsp;SYS_Init
</UL>

<P><STRONG><a name="[63]"></a>SystemInit</STRONG> (Thumb, 108 bytes, Stack size 0 bytes, system_m480.o(i.SystemInit))
<BR>[Address Reference Count : 1]<UL><LI> startup_m480.o(.text)
</UL>
<P><STRONG><a name="[a2]"></a>UART0_Init</STRONG> (Thumb, 10 bytes, Stack size 0 bytes, main.o(i.UART0_Init))
<BR><BR>[Stack]<UL><LI>Max Depth = 48<LI>Call Chain = UART0_Init &rArr; UART_Open &rArr; CLK_GetPLLClockFreq
</UL>
<BR>[Calls]<UL><LI><a href="#[a3]">&gt;&gt;</a>&nbsp;&nbsp;&nbsp;UART_Open
</UL>
<BR>[Called By]<UL><LI><a href="#[7d]">&gt;&gt;</a>&nbsp;&nbsp;&nbsp;main
</UL>

<P><STRONG><a name="[a3]"></a>UART_Open</STRONG> (Thumb, 246 bytes, Stack size 40 bytes, uart.o(i.UART_Open))
<BR><BR>[Stack]<UL><LI>Max Depth = 48<LI>Call Chain = UART_Open &rArr; CLK_GetPLLClockFreq
</UL>
<BR>[Calls]<UL><LI><a href="#[98]">&gt;&gt;</a>&nbsp;&nbsp;&nbsp;CLK_GetPLLClockFreq
</UL>
<BR>[Called By]<UL><LI><a href="#[a2]">&gt;&gt;</a>&nbsp;&nbsp;&nbsp;UART0_Init
</UL>

<P><STRONG><a name="[8b]"></a>_is_digit</STRONG> (Thumb, 14 bytes, Stack size 0 bytes, __printf_wp.o(i._is_digit))
<BR><BR>[Called By]<UL><LI><a href="#[8a]">&gt;&gt;</a>&nbsp;&nbsp;&nbsp;__printf
</UL>

<P><STRONG><a name="[a4]"></a>dump_buff_hex</STRONG> (Thumb, 102 bytes, Stack size 24 bytes, main.o(i.dump_buff_hex))
<BR><BR>[Stack]<UL><LI>Max Depth = 168 + Unknown Stack Size
<LI>Call Chain = dump_buff_hex &rArr; __2printf &rArr; _printf_char_file &rArr; _printf_char_common &rArr; __printf
</UL>
<BR>[Calls]<UL><LI><a href="#[83]">&gt;&gt;</a>&nbsp;&nbsp;&nbsp;__2printf
</UL>
<BR>[Called By]<UL><LI><a href="#[7d]">&gt;&gt;</a>&nbsp;&nbsp;&nbsp;main
</UL>

<P><STRONG><a name="[92]"></a>ferror</STRONG> (Thumb, 6 bytes, Stack size 0 bytes, retarget.o(i.ferror))
<BR><BR>[Called By]<UL><LI><a href="#[84]">&gt;&gt;</a>&nbsp;&nbsp;&nbsp;_printf_char_file
</UL>

<P><STRONG><a name="[8e]"></a>fgetc</STRONG> (Thumb, 14 bytes, Stack size 0 bytes, retarget.o(i.fgetc))
<BR><BR>[Called By]<UL><LI><a href="#[8d]">&gt;&gt;</a>&nbsp;&nbsp;&nbsp;getc
</UL>

<P><STRONG><a name="[65]"></a>fputc</STRONG> (Thumb, 12 bytes, Stack size 8 bytes, retarget.o(i.fputc))
<BR><BR>[Stack]<UL><LI>Max Depth = 8<LI>Call Chain = fputc
</UL>
<BR>[Calls]<UL><LI><a href="#[a5]">&gt;&gt;</a>&nbsp;&nbsp;&nbsp;SendChar
</UL>
<BR>[Address Reference Count : 1]<UL><LI> _printf_char_file.o(.text)
</UL>
<P><STRONG><a name="[7d]"></a>main</STRONG> (Thumb, 162 bytes, Stack size 0 bytes, main.o(i.main))
<BR><BR>[Stack]<UL><LI>Max Depth = 168 + Unknown Stack Size
<LI>Call Chain = main &rArr; dump_buff_hex &rArr; __2printf &rArr; _printf_char_file &rArr; _printf_char_common &rArr; __printf
</UL>
<BR>[Calls]<UL><LI><a href="#[68]">&gt;&gt;</a>&nbsp;&nbsp;&nbsp;sprom_aes_encrypt
<LI><a href="#[67]">&gt;&gt;</a>&nbsp;&nbsp;&nbsp;sprom_aes_decrypt
<LI><a href="#[a6]">&gt;&gt;</a>&nbsp;&nbsp;&nbsp;FMC_Open
<LI><a href="#[a4]">&gt;&gt;</a>&nbsp;&nbsp;&nbsp;dump_buff_hex
<LI><a href="#[a2]">&gt;&gt;</a>&nbsp;&nbsp;&nbsp;UART0_Init
<LI><a href="#[9d]">&gt;&gt;</a>&nbsp;&nbsp;&nbsp;SYS_Init
<LI><a href="#[9e]">&gt;&gt;</a>&nbsp;&nbsp;&nbsp;SYS_UnlockReg
<LI><a href="#[8d]">&gt;&gt;</a>&nbsp;&nbsp;&nbsp;getc
<LI><a href="#[83]">&gt;&gt;</a>&nbsp;&nbsp;&nbsp;__2printf
</UL>
<BR>[Called By]<UL><LI><a href="#[7c]">&gt;&gt;</a>&nbsp;&nbsp;&nbsp;__rt_entry_main
</UL>

<P><STRONG><a name="[77]"></a>_fp_init</STRONG> (Thumb, 10 bytes, Stack size 0 bytes, fpinit.o(x$fpl$fpinit))
<BR><BR>[Called By]<UL><LI><a href="#[76]">&gt;&gt;</a>&nbsp;&nbsp;&nbsp;__rt_lib_init_fp_1
</UL>

<P><STRONG><a name="[da]"></a>__fplib_config_fpu_vfp</STRONG> (Thumb, 0 bytes, Stack size unknown bytes, fpinit.o(x$fpl$fpinit), UNUSED)

<P><STRONG><a name="[db]"></a>__fplib_config_pureend_doubles</STRONG> (Thumb, 0 bytes, Stack size unknown bytes, fpinit.o(x$fpl$fpinit), UNUSED)

<P><STRONG><a name="[4e]"></a>CRYPTO_IRQHandler</STRONG> (Thumb, 20 bytes, Stack size 0 bytes, sprom.o(i.CRYPTO_IRQHandler))
<BR>[Address Reference Count : 1]<UL><LI> startup_m480.o(RESET)
</UL>
<P><STRONG><a name="[67]"></a>sprom_aes_decrypt</STRONG> (Thumb, 98 bytes, Stack size 32 bytes, sprom.o(i.sprom_aes_decrypt))
<BR><BR>[Stack]<UL><LI>Max Depth = 48<LI>Call Chain = sprom_aes_decrypt &rArr; AES_Open
</UL>
<BR>[Calls]<UL><LI><a href="#[ab]">&gt;&gt;</a>&nbsp;&nbsp;&nbsp;AES_Start
<LI><a href="#[a8]">&gt;&gt;</a>&nbsp;&nbsp;&nbsp;AES_SetKey
<LI><a href="#[a9]">&gt;&gt;</a>&nbsp;&nbsp;&nbsp;AES_SetInitVect
<LI><a href="#[aa]">&gt;&gt;</a>&nbsp;&nbsp;&nbsp;AES_SetDMATransfer
<LI><a href="#[a7]">&gt;&gt;</a>&nbsp;&nbsp;&nbsp;AES_Open
<LI><a href="#[ac]">&gt;&gt;</a>&nbsp;&nbsp;&nbsp;sprom_put_string
</UL>
<BR>[Called By]<UL><LI><a href="#[7d]">&gt;&gt;</a>&nbsp;&nbsp;&nbsp;main
</UL>
<BR>[Address Reference Count : 1]<UL><LI> main.o(i.main)
</UL>
<P><STRONG><a name="[68]"></a>sprom_aes_encrypt</STRONG> (Thumb, 98 bytes, Stack size 32 bytes, sprom.o(i.sprom_aes_encrypt))
<BR><BR>[Stack]<UL><LI>Max Depth = 48<LI>Call Chain = sprom_aes_encrypt &rArr; AES_Open
</UL>
<BR>[Calls]<UL><LI><a href="#[ab]">&gt;&gt;</a>&nbsp;&nbsp;&nbsp;AES_Start
<LI><a href="#[a8]">&gt;&gt;</a>&nbsp;&nbsp;&nbsp;AES_SetKey
<LI><a href="#[a9]">&gt;&gt;</a>&nbsp;&nbsp;&nbsp;AES_SetInitVect
<LI><a href="#[aa]">&gt;&gt;</a>&nbsp;&nbsp;&nbsp;AES_SetDMATransfer
<LI><a href="#[a7]">&gt;&gt;</a>&nbsp;&nbsp;&nbsp;AES_Open
<LI><a href="#[ac]">&gt;&gt;</a>&nbsp;&nbsp;&nbsp;sprom_put_string
</UL>
<BR>[Called By]<UL><LI><a href="#[7d]">&gt;&gt;</a>&nbsp;&nbsp;&nbsp;main
</UL>
<BR>[Address Reference Count : 1]<UL><LI> main.o(i.main)
</UL>
<P><STRONG><a name="[ac]"></a>sprom_put_string</STRONG> (Thumb, 20 bytes, Stack size 4 bytes, sprom.o(i.sprom_put_string))
<BR><BR>[Stack]<UL><LI>Max Depth = 4<LI>Call Chain = sprom_put_string
</UL>
<BR>[Calls]<UL><LI><a href="#[ad]">&gt;&gt;</a>&nbsp;&nbsp;&nbsp;sprom_putc
</UL>
<BR>[Called By]<UL><LI><a href="#[68]">&gt;&gt;</a>&nbsp;&nbsp;&nbsp;sprom_aes_encrypt
<LI><a href="#[67]">&gt;&gt;</a>&nbsp;&nbsp;&nbsp;sprom_aes_decrypt
</UL>

<P><STRONG><a name="[ad]"></a>sprom_putc</STRONG> (Thumb, 26 bytes, Stack size 0 bytes, sprom.o(i.sprom_putc))
<BR><BR>[Called By]<UL><LI><a href="#[ac]">&gt;&gt;</a>&nbsp;&nbsp;&nbsp;sprom_put_string
</UL>
<P>
<H3>
Local Symbols
</H3>
<P><STRONG><a name="[11]"></a>Default_Handler</STRONG> (Thumb, 2 bytes, Stack size 0 bytes, startup_m480.o(.text))
<BR><BR>[Calls]<UL><LI><a href="#[11]">&gt;&gt;</a>&nbsp;&nbsp;&nbsp;Default_Handler
</UL>
<BR>[Called By]<UL><LI><a href="#[11]">&gt;&gt;</a>&nbsp;&nbsp;&nbsp;Default_Handler
</UL>
<BR>[Address Reference Count : 1]<UL><LI> startup_m480.o(RESET)
</UL>
<P><STRONG><a name="[9e]"></a>SYS_UnlockReg</STRONG> (Thumb, 32 bytes, Stack size 8 bytes, main.o(i.SYS_UnlockReg))
<BR><BR>[Stack]<UL><LI>Max Depth = 8<LI>Call Chain = SYS_UnlockReg
</UL>
<BR>[Called By]<UL><LI><a href="#[7d]">&gt;&gt;</a>&nbsp;&nbsp;&nbsp;main
<LI><a href="#[9d]">&gt;&gt;</a>&nbsp;&nbsp;&nbsp;SYS_Init
</UL>

<P><STRONG><a name="[a5]"></a>SendChar</STRONG> (Thumb, 26 bytes, Stack size 0 bytes, retarget.o(i.SendChar))
<BR><BR>[Called By]<UL><LI><a href="#[65]">&gt;&gt;</a>&nbsp;&nbsp;&nbsp;fputc
</UL>

<P><STRONG><a name="[9c]"></a>stackDump</STRONG> (Thumb, 72 bytes, Stack size 8 bytes, retarget.o(i.stackDump))
<BR><BR>[Stack]<UL><LI>Max Depth = 152 + Unknown Stack Size
<LI>Call Chain = stackDump &rArr; __2printf &rArr; _printf_char_file &rArr; _printf_char_common &rArr; __printf
</UL>
<BR>[Calls]<UL><LI><a href="#[83]">&gt;&gt;</a>&nbsp;&nbsp;&nbsp;__2printf
</UL>
<BR>[Called By]<UL><LI><a href="#[62]">&gt;&gt;</a>&nbsp;&nbsp;&nbsp;Hard_Fault_Handler
</UL>

<P><STRONG><a name="[66]"></a>_printf_input_char</STRONG> (Thumb, 10 bytes, Stack size 0 bytes, _printf_char_common.o(.text))
<BR>[Address Reference Count : 1]<UL><LI> _printf_char_common.o(.text)
</UL><P>
<H3>
Undefined Global Symbols
</H3><HR></body></html>
