<html>
<body>
<pre>
<h1>µVision Build Log</h1>
<h2>Tool Versions:</h2>
IDE-Version: •ÏVision V5.27.1.0
Copyright (C) 2019 ARM Ltd and ARM Germany GmbH. All rights reserved.
License Information: K K, K, LIC=GMZI6-D7VYF-NNCAF-64RXZ-D2AW9-0ALG2
 
Tool Versions:
Toolchain:       MDK-ARM Plus  Version: 5.36.0.0
Toolchain Path:  C:\Keil_v5\ARM\ARMCC\Bin
C Compiler:      Armcc.exe V5.06 update 7 (build 960)
Assembler:       Armasm.exe V5.06 update 7 (build 960)
Linker/Locator:  ArmLink.exe V5.06 update 7 (build 960)
Library Manager: ArmAr.exe V5.06 update 7 (build 960)
Hex Converter:   FromElf.exe V5.06 update 7 (build 960)
CPU DLL:         SARMCM3.DLL V5.36.0.0
Dialog DLL:      DARMCM1.DLL V1.19.4.0
Target DLL:      Nu_Link.dll V3.14
Dialog DLL:      TARMCM1.DLL V1.14.4.0
 
<h2>Project:</h2>
D:\NUVOTON\EC_M480_CRYPTO_AES_In_SPROM_V1.00\CRYPTO_AES_In_SPROM\KEIL\CRYPTO_AES_In_SPROM.uvproj
Project File Date:  03/08/2024

<h2>Output:</h2>
*** Using Compiler 'V5.06 update 7 (build 960)', folder: 'C:\Keil_v5\ARM\ARMCC\Bin'
Build target 'CRYPTO_AES_In_SPROM'
assembling startup_M480.s...
creating preprocessor file for system_M480.c...
creating preprocessor file for main.c...
creating preprocessor file for sprom.c...
creating preprocessor file for retarget.c...
creating preprocessor file for clk.c...
compiling system_M480.c...
compiling retarget.c...
creating preprocessor file for crypto.c...
compiling clk.c...
creating preprocessor file for fmc.c...
creating preprocessor file for sys.c...
compiling crypto.c...
creating preprocessor file for uart.c...
compiling fmc.c...
compiling sys.c...
compiling uart.c...
linking...
Program Size: Code=4444 RO-data=4324 RW-data=72 ZI-data=3832  
After Build - User command #1: fromelf --bin ".\obj\CRYPTO_AES_In_SPROM.axf" --output ".\obj\CRYPTO_AES_In_SPROM.bin"
After Build - User command #2: fromelf --text -c ".\obj\CRYPTO_AES_In_SPROM.axf" --output ".\obj\CRYPTO_AES_In_SPROM.txt"
".\obj\CRYPTO_AES_In_SPROM.axf" - 0 Error(s), 0 Warning(s).
Build Time Elapsed:  00:00:18
</pre>
</body>
</html>
