Component: ARM Compiler 5.06 update 7 (build 960) Tool: armlink [4d3601]

==============================================================================

Small function inlining results

Inlined function _platform_pre_stackheap_init from boardinit1.o at offset 0x0 in __rtentry2.o(.ARM.Collect$$rtentry$$00000001).
Inlined Instruction: BX       lr
Inlined function _platform_pre_lib_shutdown from boardshut.o at offset 0x0 in rtexit2.o(.ARM.Collect$$rtexit$$00000001).
Inlined Instruction: BX       lr
Inlined total of 2 calls.

==============================================================================

Section Cross References

    startup_m480.o(STACK) refers (Special) to heapauxi.o(.text) for __use_two_region_memory
    startup_m480.o(HEAP) refers (Special) to heapauxi.o(.text) for __use_two_region_memory
    startup_m480.o(RESET) refers (Special) to heapauxi.o(.text) for __use_two_region_memory
    startup_m480.o(RESET) refers to startup_m480.o(STACK) for __initial_sp
    startup_m480.o(RESET) refers to startup_m480.o(.text) for Reset_Handler
    startup_m480.o(RESET) refers to retarget.o(.emb_text) for HardFault_Handler
    startup_m480.o(RESET) refers to sprom.o(i.CRYPTO_IRQHandler) for CRYPTO_IRQHandler
    startup_m480.o(.text) refers (Special) to heapauxi.o(.text) for __use_two_region_memory
    startup_m480.o(.text) refers to system_m480.o(i.SystemInit) for SystemInit
    startup_m480.o(.text) refers to __main.o(!!!main) for __main
    startup_m480.o(.text) refers to startup_m480.o(HEAP) for Heap_Mem
    startup_m480.o(.text) refers to startup_m480.o(STACK) for Stack_Mem
    system_m480.o(i.SystemCoreClockUpdate) refers to clk.o(i.CLK_GetPLLClockFreq) for CLK_GetPLLClockFreq
    system_m480.o(i.SystemCoreClockUpdate) refers to system_m480.o(.data) for .data
    main.o(i.SYS_Init) refers to main.o(i.SYS_UnlockReg) for SYS_UnlockReg
    main.o(i.SYS_Init) refers to clk.o(i.CLK_EnableXtalRC) for CLK_EnableXtalRC
    main.o(i.SYS_Init) refers to clk.o(i.CLK_WaitClockReady) for CLK_WaitClockReady
    main.o(i.SYS_Init) refers to clk.o(i.CLK_SetHCLK) for CLK_SetHCLK
    main.o(i.SYS_Init) refers to clk.o(i.CLK_SetCoreClock) for CLK_SetCoreClock
    main.o(i.SYS_Init) refers to clk.o(i.CLK_EnableModuleClock) for CLK_EnableModuleClock
    main.o(i.SYS_Init) refers to clk.o(i.CLK_SetModuleClock) for CLK_SetModuleClock
    main.o(i.SYS_Init) refers to system_m480.o(i.SystemCoreClockUpdate) for SystemCoreClockUpdate
    main.o(i.UART0_Init) refers to uart.o(i.UART_Open) for UART_Open
    main.o(i.dump_buff_hex) refers to _printf_pad.o(.text) for _printf_pre_padding
    main.o(i.dump_buff_hex) refers to _printf_percent.o(.ARM.Collect$$_printf_percent$$00000000) for _printf_percent
    main.o(i.dump_buff_hex) refers to _printf_x.o(.ARM.Collect$$_printf_percent$$0000000C) for _printf_x
    main.o(i.dump_buff_hex) refers to _printf_hex_int_ptr.o(.text) for _printf_longlong_hex
    main.o(i.dump_buff_hex) refers to _printf_c.o(.ARM.Collect$$_printf_percent$$00000013) for _printf_c
    main.o(i.dump_buff_hex) refers to _printf_str.o(.text) for _printf_str
    main.o(i.dump_buff_hex) refers to noretval__2printf.o(.text) for __2printf
    main.o(i.main) refers to _printf_percent.o(.ARM.Collect$$_printf_percent$$00000000) for _printf_percent
    main.o(i.main) refers to _printf_x.o(.ARM.Collect$$_printf_percent$$0000000C) for _printf_x
    main.o(i.main) refers to _printf_hex_int_ptr.o(.text) for _printf_longlong_hex
    main.o(i.main) refers to _printf_p.o(.ARM.Collect$$_printf_percent$$00000002) for _printf_p
    main.o(i.main) refers to main.o(i.SYS_Init) for SYS_Init
    main.o(i.main) refers to main.o(i.UART0_Init) for UART0_Init
    main.o(i.main) refers to main.o(i.SYS_UnlockReg) for SYS_UnlockReg
    main.o(i.main) refers to fmc.o(i.FMC_Open) for FMC_Open
    main.o(i.main) refers to noretval__2printf.o(.text) for __2printf
    main.o(i.main) refers to getc.o(.text) for getc
    main.o(i.main) refers to sprom.o(i.sprom_aes_decrypt) for sprom_aes_decrypt
    main.o(i.main) refers to main.o(i.dump_buff_hex) for dump_buff_hex
    main.o(i.main) refers to sprom.o(i.sprom_aes_encrypt) for sprom_aes_encrypt
    main.o(i.main) refers to retarget.o(.data) for __stdin
    main.o(i.main) refers to main.o(.data) for .data
    main.o(i.main) refers to main.o(.bss) for .bss
    sprom.o(i.CRYPTO_IRQHandler) refers to sprom.o(.data) for .data
    sprom.o(i.sprom_aes_decrypt) refers to crypto.o(i.AES_Open) for AES_Open
    sprom.o(i.sprom_aes_decrypt) refers to crypto.o(i.AES_SetKey) for AES_SetKey
    sprom.o(i.sprom_aes_decrypt) refers to crypto.o(i.AES_SetInitVect) for AES_SetInitVect
    sprom.o(i.sprom_aes_decrypt) refers to crypto.o(i.AES_SetDMATransfer) for AES_SetDMATransfer
    sprom.o(i.sprom_aes_decrypt) refers to crypto.o(i.AES_Start) for AES_Start
    sprom.o(i.sprom_aes_decrypt) refers to sprom.o(i.sprom_put_string) for sprom_put_string
[...]
    _printf_hex_ptr.o(.text) refers to _printf_hex_ptr.o(.constdata) for .constdata
    _printf_hex_int_ptr.o(.text) refers to _printf_intcommon.o(.text) for _printf_int_common
    _printf_hex_int_ptr.o(.text) refers to _printf_hex_int_ptr.o(.constdata) for .constdata
    _printf_hex_ll_ptr.o(.text) refers to _printf_intcommon.o(.text) for _printf_int_common
    _printf_hex_ll_ptr.o(.text) refers to _printf_hex_ll_ptr.o(.constdata) for .constdata
    _printf_hex_int_ll_ptr.o(.text) refers to _printf_intcommon.o(.text) for _printf_int_common
    _printf_hex_int_ll_ptr.o(.text) refers to _printf_hex_int_ll_ptr.o(.constdata) for .constdata
    __printf_flags.o(.text) refers to _printf_percent.o(.ARM.Collect$$_printf_percent$$00000000) for _printf_percent
    __printf_flags.o(.text) refers to __printf_flags.o(.constdata) for .constdata
    __printf_ss.o(.text) refers to _printf_percent.o(.ARM.Collect$$_printf_percent$$00000000) for _printf_percent
    __printf_flags_ss.o(.text) refers to _printf_percent.o(.ARM.Collect$$_printf_percent$$00000000) for _printf_percent
    __printf_flags_ss.o(.text) refers to __printf_flags_ss.o(.constdata) for .constdata
    __printf_wp.o(.text) refers to __printf_wp.o(i._is_digit) for _is_digit
    __printf_wp.o(.text) refers to _printf_percent.o(.ARM.Collect$$_printf_percent$$00000000) for _printf_percent
    __printf_flags_wp.o(.text) refers to __printf_wp.o(i._is_digit) for _is_digit
    __printf_flags_wp.o(.text) refers to _printf_percent.o(.ARM.Collect$$_printf_percent$$00000000) for _printf_percent
    __printf_flags_wp.o(.text) refers to __printf_flags_wp.o(.constdata) for .constdata
    __printf_ss_wp.o(.text) refers to __printf_wp.o(i._is_digit) for _is_digit
    __printf_ss_wp.o(.text) refers to _printf_percent.o(.ARM.Collect$$_printf_percent$$00000000) for _printf_percent
    __printf_flags_ss_wp.o(.text) refers to __printf_wp.o(i._is_digit) for _is_digit
    __printf_flags_ss_wp.o(.text) refers to _printf_percent.o(.ARM.Collect$$_printf_percent$$00000000) for _printf_percent
    __printf_flags_ss_wp.o(.text) refers to __printf_flags_ss_wp.o(.constdata) for .constdata
    _printf_c.o(.ARM.Collect$$_printf_percent$$00000013) refers (Weak) to _printf_char.o(.text) for _printf_char
    _printf_x.o(.ARM.Collect$$_printf_percent$$0000000C) refers (Weak) to _printf_hex_int_ptr.o(.text) for _printf_int_hex
    _printf_p.o(.ARM.Collect$$_printf_percent$$00000002) refers (Weak) to _printf_hex_int_ptr.o(.text) for _printf_hex_ptr
    _printf_percent.o(.ARM.Collect$$_printf_percent$$00000000) refers (Special) to _printf_percent_end.o(.ARM.Collect$$_printf_percent$$00000017) for _printf_percent_end
    getc.o(.text) refers to retarget.o(i.fgetc) for fgetc
    __main.o(!!!main) refers to __rtentry.o(.ARM.Collect$$rtentry$$00000000) for __rt_entry
    __rtentry.o(.ARM.Collect$$rtentry$$00000000) refers (Special) to __rtentry2.o(.ARM.Collect$$rtentry$$0000000A) for __rt_entry_li
    __rtentry.o(.ARM.Collect$$rtentry$$00000000) refers (Special) to __rtentry2.o(.ARM.Collect$$rtentry$$0000000D) for __rt_entry_main
    __rtentry.o(.ARM.Collect$$rtentry$$00000000) refers (Special) to __rtentry2.o(.ARM.Collect$$rtentry$$0000000C) for __rt_entry_postli_1
    __rtentry.o(.ARM.Collect$$rtentry$$00000000) refers (Special) to __rtentry2.o(.ARM.Collect$$rtentry$$00000009) for __rt_entry_postsh_1
    __rtentry.o(.ARM.Collect$$rtentry$$00000000) refers (Special) to __rtentry2.o(.ARM.Collect$$rtentry$$00000002) for __rt_entry_presh_1
    __rtentry.o(.ARM.Collect$$rtentry$$00000000) refers (Special) to __rtentry4.o(.ARM.Collect$$rtentry$$00000004) for __rt_entry_sh
    _printf_intcommon.o(.text) refers (Weak) to _printf_pad.o(.text) for _printf_pre_padding
    _printf_intcommon.o(.text) refers (Weak) to _printf_pad.o(.text) for _printf_pre_padding
    _printf_intcommon.o(.text) refers (Weak) to _printf_pad.o(.text) for _printf_post_padding
    _printf_char.o(.text) refers (Weak) to _printf_str.o(.text) for _printf_str
    _printf_char_file.o(.text) refers to _printf_char_common.o(.text) for _printf_char_common
    _printf_char_file.o(.text) refers to retarget.o(i.ferror) for ferror
    _printf_char_file.o(.text) refers to retarget.o(i.fputc) for fputc
    __rtentry2.o(.ARM.Collect$$rtentry$$00000008) refers to boardinit2.o(.text) for _platform_post_stackheap_init
    __rtentry2.o(.ARM.Collect$$rtentry$$0000000A) refers to libinit.o(.ARM.Collect$$libinit$$00000000) for __rt_lib_init
    __rtentry2.o(.ARM.Collect$$rtentry$$0000000B) refers to boardinit3.o(.text) for _platform_post_lib_init
    __rtentry2.o(.ARM.Collect$$rtentry$$0000000D) refers to main.o(i.main) for main
    __rtentry2.o(.ARM.Collect$$rtentry$$0000000D) refers to exit.o(.text) for exit
    __rtentry2.o(.ARM.exidx) refers to __rtentry2.o(.ARM.Collect$$rtentry$$00000001) for .ARM.Collect$$rtentry$$00000001
    __rtentry2.o(.ARM.exidx) refers to __rtentry2.o(.ARM.Collect$$rtentry$$00000008) for .ARM.Collect$$rtentry$$00000008
    __rtentry2.o(.ARM.exidx) refers to __rtentry2.o(.ARM.Collect$$rtentry$$0000000A) for .ARM.Collect$$rtentry$$0000000A
    __rtentry2.o(.ARM.exidx) refers to __rtentry2.o(.ARM.Collect$$rtentry$$0000000B) for .ARM.Collect$$rtentry$$0000000B
    __rtentry2.o(.ARM.exidx) refers to __rtentry2.o(.ARM.Collect$$rtentry$$0000000D) for .ARM.Collect$$rtentry$$0000000D
    __rtentry4.o(.ARM.Collect$$rtentry$$00000004) refers to sys_stackheap_outer.o(.text) for __user_setup_stackheap
    __rtentry4.o(.ARM.exidx) refers to __rtentry4.o(.ARM.Collect$$rtentry$$00000004) for .ARM.Collect$$rtentry$$00000004
    _printf_char_common.o(.text) refers to __printf_flags_wp.o(.text) for __printf
    sys_stackheap_outer.o(.text) refers to libspace.o(.text) for __user_perproc_libspace
    sys_stackheap_outer.o(.text) refers to startup_m480.o(.text) for __user_initial_stackheap
    exit.o(.text) refers to rtexit.o(.ARM.Collect$$rtexit$$00000000) for __rt_exit
    libinit.o(.ARM.Collect$$libinit$$00000000) refers (Special) to libinit2.o(.ARM.Collect$$libinit$$0000002E) for __rt_lib_init_alloca_1
    libinit.o(.ARM.Collect$$libinit$$00000000) refers (Special) to libinit2.o(.ARM.Collect$$libinit$$0000002C) for __rt_lib_init_argv_1
    libinit.o(.ARM.Collect$$libinit$$00000000) refers (Special) to libinit2.o(.ARM.Collect$$libinit$$0000001B) for __rt_lib_init_atexit_1
    libinit.o(.ARM.Collect$$libinit$$00000000) refers (Special) to libinit2.o(.ARM.Collect$$libinit$$00000021) for __rt_lib_init_clock_1
    libinit.o(.ARM.Collect$$libinit$$00000000) refers (Special) to libinit2.o(.ARM.Collect$$libinit$$00000032) for __rt_lib_init_cpp_1
    libinit.o(.ARM.Collect$$libinit$$00000000) refers (Special) to libinit2.o(.ARM.Collect$$libinit$$00000030) for __rt_lib_init_exceptions_1
    libinit.o(.ARM.Collect$$libinit$$00000000) refers (Special) to libinit2.o(.ARM.Collect$$libinit$$00000001) for __rt_lib_init_fp_1
    libinit.o(.ARM.Collect$$libinit$$00000000) refers (Special) to libinit2.o(.ARM.Collect$$libinit$$0000001F) for __rt_lib_init_fp_trap_1
    libinit.o(.ARM.Collect$$libinit$$00000000) refers (Special) to libinit2.o(.ARM.Collect$$libinit$$00000023) for __rt_lib_init_getenv_1
    libinit.o(.ARM.Collect$$libinit$$00000000) refers (Special) to libinit2.o(.ARM.Collect$$libinit$$0000000A) for __rt_lib_init_heap_1
    libinit.o(.ARM.Collect$$libinit$$00000000) refers (Special) to libinit2.o(.ARM.Collect$$libinit$$00000011) for __rt_lib_init_lc_collate_1
    libinit.o(.ARM.Collect$$libinit$$00000000) refers (Special) to libinit2.o(.ARM.Collect$$libinit$$00000013) for __rt_lib_init_lc_ctype_1
    libinit.o(.ARM.Collect$$libinit$$00000000) refers (Special) to libinit2.o(.ARM.Collect$$libinit$$00000015) for __rt_lib_init_lc_monetary_1
    libinit.o(.ARM.Collect$$libinit$$00000000) refers (Special) to libinit2.o(.ARM.Collect$$libinit$$00000017) for __rt_lib_init_lc_numeric_1
    libinit.o(.ARM.Collect$$libinit$$00000000) refers (Special) to libinit2.o(.ARM.Collect$$libinit$$00000019) for __rt_lib_init_lc_time_1
    libinit.o(.ARM.Collect$$libinit$$00000000) refers (Special) to libinit2.o(.ARM.Collect$$libinit$$00000004) for __rt_lib_init_preinit_1
    libinit.o(.ARM.Collect$$libinit$$00000000) refers (Special) to libinit2.o(.ARM.Collect$$libinit$$0000000E) for __rt_lib_init_rand_1
    libinit.o(.ARM.Collect$$libinit$$00000000) refers (Special) to libinit2.o(.ARM.Collect$$libinit$$00000033) for __rt_lib_init_return
    libinit.o(.ARM.Collect$$libinit$$00000000) refers (Special) to libinit2.o(.ARM.Collect$$libinit$$0000001D) for __rt_lib_init_signal_1
    libinit.o(.ARM.Collect$$libinit$$00000000) refers (Special) to libinit2.o(.ARM.Collect$$libinit$$00000025) for __rt_lib_init_stdio_1
    libinit.o(.ARM.Collect$$libinit$$00000000) refers (Special) to libinit2.o(.ARM.Collect$$libinit$$0000000C) for __rt_lib_init_user_alloc_1
    libspace.o(.text) refers to libspace.o(.bss) for __libspace_start
    rtexit.o(.ARM.Collect$$rtexit$$00000000) refers (Special) to rtexit2.o(.ARM.Collect$$rtexit$$00000004) for __rt_exit_exit
    rtexit.o(.ARM.Collect$$rtexit$$00000000) refers (Special) to rtexit2.o(.ARM.Collect$$rtexit$$00000003) for __rt_exit_ls
    rtexit.o(.ARM.Collect$$rtexit$$00000000) refers (Special) to rtexit2.o(.ARM.Collect$$rtexit$$00000002) for __rt_exit_prels_1
    rtexit.o(.ARM.exidx) refers (Special) to rtexit2.o(.ARM.Collect$$rtexit$$00000004) for __rt_exit_exit
    rtexit.o(.ARM.exidx) refers (Special) to rtexit2.o(.ARM.Collect$$rtexit$$00000003) for __rt_exit_ls
    rtexit.o(.ARM.exidx) refers (Special) to rtexit2.o(.ARM.Collect$$rtexit$$00000002) for __rt_exit_prels_1
    rtexit.o(.ARM.exidx) refers to rtexit.o(.ARM.Collect$$rtexit$$00000000) for .ARM.Collect$$rtexit$$00000000
    libinit2.o(.ARM.Collect$$libinit$$00000001) refers to fpinit.o(x$fpl$fpinit) for _fp_init
    libinit2.o(.ARM.Collect$$libinit$$00000010) refers to libinit2.o(.ARM.Collect$$libinit$$0000000F) for .ARM.Collect$$libinit$$0000000F
    libinit2.o(.ARM.Collect$$libinit$$00000012) refers to libinit2.o(.ARM.Collect$$libinit$$0000000F) for .ARM.Collect$$libinit$$0000000F
    libinit2.o(.ARM.Collect$$libinit$$00000014) refers to libinit2.o(.ARM.Collect$$libinit$$0000000F) for .ARM.Collect$$libinit$$0000000F
    libinit2.o(.ARM.Collect$$libinit$$00000016) refers to libinit2.o(.ARM.Collect$$libinit$$0000000F) for .ARM.Collect$$libinit$$0000000F
    libinit2.o(.ARM.Collect$$libinit$$00000018) refers to libinit2.o(.ARM.Collect$$libinit$$0000000F) for .ARM.Collect$$libinit$$0000000F
    libinit2.o(.ARM.Collect$$libinit$$00000026) refers to argv_veneer.o(.emb_text) for __ARM_argv_veneer
    libinit2.o(.ARM.Collect$$libinit$$00000027) refers to argv_veneer.o(.emb_text) for __ARM_argv_veneer
    rtexit2.o(.ARM.Collect$$rtexit$$00000003) refers to libshutdown.o(.ARM.Collect$$libshutdown$$00000000) for __rt_lib_shutdown
    rtexit2.o(.ARM.Collect$$rtexit$$00000004) refers to sys_exit.o(.text) for _sys_exit
    rtexit2.o(.ARM.exidx) refers to rtexit2.o(.ARM.Collect$$rtexit$$00000001) for .ARM.Collect$$rtexit$$00000001
    rtexit2.o(.ARM.exidx) refers to rtexit2.o(.ARM.Collect$$rtexit$$00000003) for .ARM.Collect$$rtexit$$00000003
    rtexit2.o(.ARM.exidx) refers to rtexit2.o(.ARM.Collect$$rtexit$$00000004) for .ARM.Collect$$rtexit$$00000004
    argv_veneer.o(.emb_text) refers to no_argv.o(.text) for __ARM_get_argv
    sys_exit.o(.text) refers (Special) to use_no_semi.o(.text) for __I$use$semihosting
    sys_exit.o(.text) refers (Special) to indicate_semi.o(.text) for __semihosting_library_function
    _get_argv_nomalloc.o(.text) refers (Special) to hrguard.o(.text) for __heap_region$guard
    _get_argv_nomalloc.o(.text) refers to defsig_rtmem_outer.o(.text) for __rt_SIGRTMEM
    _get_argv_nomalloc.o(.text) refers to sys_command.o(.text) for _sys_command_string
    libshutdown.o(.ARM.Collect$$libshutdown$$00000000) refers (Special) to libshutdown2.o(.ARM.Collect$$libshutdown$$00000004) for __rt_lib_shutdown_cpp_1
    libshutdown.o(.ARM.Collect$$libshutdown$$00000000) refers (Special) to libshutdown2.o(.ARM.Collect$$libshutdown$$00000002) for __rt_lib_shutdown_fini_1
    libshutdown.o(.ARM.Collect$$libshutdown$$00000000) refers (Special) to libshutdown2.o(.ARM.Collect$$libshutdown$$00000009) for __rt_lib_shutdown_fp_trap_1
    libshutdown.o(.ARM.Collect$$libshutdown$$00000000) refers (Special) to libshutdown2.o(.ARM.Collect$$libshutdown$$00000011) for __rt_lib_shutdown_heap_1
    libshutdown.o(.ARM.Collect$$libshutdown$$00000000) refers (Special) to libshutdown2.o(.ARM.Collect$$libshutdown$$00000012) for __rt_lib_shutdown_return
    libshutdown.o(.ARM.Collect$$libshutdown$$00000000) refers (Special) to libshutdown2.o(.ARM.Collect$$libshutdown$$0000000C) for __rt_lib_shutdown_signal_1
    libshutdown.o(.ARM.Collect$$libshutdown$$00000000) refers (Special) to libshutdown2.o(.ARM.Collect$$libshutdown$$00000006) for __rt_lib_shutdown_stdio_1
    libshutdown.o(.ARM.Collect$$libshutdown$$00000000) refers (Special) to libshutdown2.o(.ARM.Collect$$libshutdown$$0000000E) for __rt_lib_shutdown_user_alloc_1
    sys_command.o(.text) refers (Special) to use_no_semi.o(.text) for __I$use$semihosting
    sys_command.o(.text) refers (Special) to indicate_semi.o(.text) for __semihosting_library_function
    defsig_rtmem_outer.o(.text) refers to defsig_rtmem_inner.o(.text) for __rt_SIGRTMEM_inner
    defsig_rtmem_outer.o(.text) refers to defsig_exit.o(.text) for __sig_exit
    defsig_rtmem_formal.o(.text) refers to rt_raise.o(.text) for __rt_raise
    rt_raise.o(.text) refers to __raise.o(.text) for __raise
    rt_raise.o(.text) refers to sys_exit.o(.text) for _sys_exit
    defsig_exit.o(.text) refers to sys_exit.o(.text) for _sys_exit
    defsig_rtmem_inner.o(.text) refers to defsig_general.o(.text) for __default_signal_display
    __raise.o(.text) refers to defsig.o(CL$$defsig) for __default_signal_handler
    defsig_general.o(.text) refers to retarget.o(i._ttywrch) for _ttywrch
    defsig.o(CL$$defsig) refers to defsig_rtmem_inner.o(.text) for __rt_SIGRTMEM_inner
    defsig_abrt_inner.o(.text) refers to defsig_general.o(.text) for __default_signal_display
    defsig_fpe_inner.o(.text) refers to defsig_general.o(.text) for __default_signal_display
    defsig_rtred_inner.o(.text) refers to defsig_general.o(.text) for __default_signal_display
    defsig_stak_inner.o(.text) refers to defsig_general.o(.text) for __default_signal_display
    defsig_pvfn_inner.o(.text) refers to defsig_general.o(.text) for __default_signal_display
    defsig_cppl_inner.o(.text) refers to defsig_general.o(.text) for __default_signal_display
    defsig_segv_inner.o(.text) refers to defsig_general.o(.text) for __default_signal_display
    defsig_other.o(.text) refers to defsig_general.o(.text) for __default_signal_display


==============================================================================

Removing Unused input sections from the image.

    Removing system_m480.o(.rev16_text), (4 bytes).
    Removing system_m480.o(.revsh_text), (4 bytes).
    Removing system_m480.o(.rrx_text), (6 bytes).
    Removing main.o(.rev16_text), (4 bytes).
    Removing main.o(.revsh_text), (4 bytes).
    Removing main.o(.rrx_text), (6 bytes).
    Removing sprom.o(.rev16_text), (4 bytes).
    Removing sprom.o(.revsh_text), (4 bytes).
    Removing sprom.o(.rrx_text), (6 bytes).
    Removing sprom.o(i.sprom_getc), (20 bytes).
    Removing retarget.o(.rev16_text), (4 bytes).
    Removing retarget.o(.revsh_text), (4 bytes).
    Removing retarget.o(.rrx_text), (6 bytes).
    Removing retarget.o(i.IsDebugFifoEmpty), (16 bytes).
    Removing retarget.o(i._ttywrch), (4 bytes).
    Removing retarget.o(i.kbhit), (16 bytes).
    Removing clk.o(.rev16_text), (4 bytes).
    Removing clk.o(.revsh_text), (4 bytes).
    Removing clk.o(.rrx_text), (6 bytes).
    Removing clk.o(i.CLK_DisableCKO), (12 bytes).
    Removing clk.o(i.CLK_DisableModuleClock), (28 bytes).
    Removing clk.o(i.CLK_DisableSysTick), (10 bytes).
    Removing clk.o(i.CLK_DisableXtalRC), (16 bytes).
    Removing clk.o(i.CLK_EnableCKO), (48 bytes).
    Removing clk.o(i.CLK_EnableDPDWKPin), (20 bytes).
    Removing clk.o(i.CLK_EnableSPDWKPin), (36 bytes).
    Removing clk.o(i.CLK_EnableSysTick), (56 bytes).
    Removing clk.o(i.CLK_GetCPUFreq), (16 bytes).
    Removing clk.o(i.CLK_GetHCLKFreq), (16 bytes).
    Removing clk.o(i.CLK_GetHXTFreq), (20 bytes).
    Removing clk.o(i.CLK_GetLXTFreq), (22 bytes).
    Removing clk.o(i.CLK_GetModuleClockDivider), (60 bytes).
    Removing clk.o(i.CLK_GetModuleClockSource), (144 bytes).
    Removing clk.o(i.CLK_GetPCLK0Freq), (100 bytes).
    Removing clk.o(i.CLK_GetPCLK1Freq), (104 bytes).
    Removing clk.o(i.CLK_GetPMUWKSrc), (10 bytes).
    Removing clk.o(i.CLK_Idle), (32 bytes).
    Removing clk.o(i.CLK_PowerDown), (32 bytes).
    Removing clk.o(i.CLK_SetPowerDownMode), (50 bytes).
    Removing clk.o(i.CLK_SetSysTickClockSrc), (20 bytes).
    Removing clk.o(.constdata), (32 bytes).
    Removing crypto.o(.rev16_text), (4 bytes).
    Removing crypto.o(.revsh_text), (4 bytes).
    Removing crypto.o(.rrx_text), (6 bytes).
    Removing crypto.o(i.ECC_Complete), (40 bytes).
    Removing crypto.o(i.ECC_GeneratePublicKey), (148 bytes).
    Removing crypto.o(i.ECC_GenerateSecretZ), (220 bytes).
    Removing crypto.o(i.ECC_GenerateSignature), (528 bytes).
    Removing crypto.o(i.ECC_IsPrivateKeyValid), (156 bytes).
    Removing crypto.o(i.ECC_Mutiply), (180 bytes).
    Removing crypto.o(i.ECC_VerifySignature), (816 bytes).
    Removing crypto.o(i.Hex2Reg), (64 bytes).
    Removing crypto.o(i.Hex2RegEx), (94 bytes).
    Removing crypto.o(i.PRNG_Open), (14 bytes).
    Removing crypto.o(i.PRNG_Read), (42 bytes).
    Removing crypto.o(i.PRNG_Start), (10 bytes).
    Removing crypto.o(i.Reg2Hex), (60 bytes).
    Removing crypto.o(i.SHA_Open), (32 bytes).
    Removing crypto.o(i.SHA_Read), (64 bytes).
    Removing crypto.o(i.SHA_SetDMATransfer), (10 bytes).
    Removing crypto.o(i.SHA_Start), (30 bytes).
    Removing crypto.o(i.TDES_Open), (56 bytes).
    Removing crypto.o(i.TDES_SetDMATransfer), (24 bytes).
    Removing crypto.o(i.TDES_SetInitVect), (16 bytes).
    Removing crypto.o(i.TDES_SetKey), (32 bytes).
    Removing crypto.o(i.TDES_Start), (32 bytes).
    Removing crypto.o(i.ch2hex), (26 bytes).
    Removing crypto.o(i.ecc_init_curve), (296 bytes).
    Removing crypto.o(i.get_curve), (68 bytes).
    Removing crypto.o(i.get_nibble_value), (36 bytes).
    Removing crypto.o(i.run_ecc_codec), (88 bytes).
    Removing crypto.o(.constdata), (20244 bytes).
    Removing crypto.o(.data), (29 bytes).
    Removing fmc.o(.rev16_text), (4 bytes).
    Removing fmc.o(.revsh_text), (4 bytes).
    Removing fmc.o(.rrx_text), (6 bytes).
    Removing fmc.o(i.FMC_CheckAllOne), (88 bytes).
    Removing fmc.o(i.FMC_Close), (16 bytes).
    Removing fmc.o(i.FMC_CompareSPKey), (76 bytes).
    Removing fmc.o(i.FMC_Erase), (64 bytes).
    Removing fmc.o(i.FMC_Erase_Bank), (48 bytes).
    Removing fmc.o(i.FMC_Erase_Block), (48 bytes).
    Removing fmc.o(i.FMC_Erase_SPROM), (56 bytes).
    Removing fmc.o(i.FMC_GetBootSource), (20 bytes).
    Removing fmc.o(i.FMC_GetChkSum), (56 bytes).
    Removing fmc.o(i.FMC_Is_OTP_Locked), (76 bytes).
    Removing fmc.o(i.FMC_Lock_OTP), (68 bytes).
    Removing fmc.o(i.FMC_Read), (28 bytes).
    Removing fmc.o(i.FMC_ReadConfig), (44 bytes).
    Removing fmc.o(i.FMC_ReadDataFlashBaseAddr), (12 bytes).
    Removing fmc.o(i.FMC_Read_64), (64 bytes).
    Removing fmc.o(i.FMC_Read_OTP), (80 bytes).
    Removing fmc.o(i.FMC_SetBootSource), (28 bytes).
    Removing fmc.o(i.FMC_SetSPKey), (252 bytes).
    Removing fmc.o(i.FMC_Write), (28 bytes).
    Removing fmc.o(i.FMC_Write8Bytes), (56 bytes).
    Removing fmc.o(i.FMC_WriteConfig), (56 bytes).
    Removing fmc.o(i.FMC_WriteMultiple), (220 bytes).
    Removing fmc.o(i.FMC_Write_OTP), (104 bytes).
    Removing sys.o(.rev16_text), (4 bytes).
    Removing sys.o(.revsh_text), (4 bytes).
    Removing sys.o(.rrx_text), (6 bytes).
    Removing sys.o(i.SYS_ClearResetSrc), (12 bytes).
    Removing sys.o(i.SYS_DisableBOD), (14 bytes).
    Removing sys.o(i.SYS_EnableBOD), (34 bytes).
    Removing sys.o(i.SYS_GetBODStatus), (12 bytes).
    Removing sys.o(i.SYS_GetResetSrc), (8 bytes).
    Removing sys.o(i.SYS_IsRegLocked), (16 bytes).
    Removing sys.o(i.SYS_ReadPDID), (8 bytes).
    Removing sys.o(i.SYS_ResetCPU), (14 bytes).
    Removing sys.o(i.SYS_ResetChip), (14 bytes).
    Removing sys.o(i.SYS_ResetModule), (24 bytes).
    Removing sys.o(i.SYS_SetPowerLevel), (20 bytes).
    Removing uart.o(.rev16_text), (4 bytes).
    Removing uart.o(.revsh_text), (4 bytes).
    Removing uart.o(.rrx_text), (6 bytes).
    Removing uart.o(i.UART_ClearIntFlag), (60 bytes).
    Removing uart.o(i.UART_Close), (6 bytes).
    Removing uart.o(i.UART_DisableFlowCtrl), (10 bytes).
    Removing uart.o(i.UART_DisableInt), (8 bytes).
    Removing uart.o(i.UART_EnableFlowCtrl), (26 bytes).
    Removing uart.o(i.UART_EnableInt), (8 bytes).
    Removing uart.o(i.UART_Read), (46 bytes).
    Removing uart.o(i.UART_SelectIrDAMode), (276 bytes).
    Removing uart.o(i.UART_SelectLINMode), (22 bytes).
    Removing uart.o(i.UART_SelectRS485Mode), (32 bytes).
    Removing uart.o(i.UART_SetLineConfig), (276 bytes).
    Removing uart.o(i.UART_SetTimeoutCnt), (20 bytes).
    Removing uart.o(i.UART_Write), (46 bytes).

129 unused section(s) (total 27121 bytes) removed from the image.

==============================================================================

Image Symbol Table

    Local Symbols

    Symbol Name                              Value     Ov Type        Size  Object(Section)

    RESET                                    0x00000000   Section      440  startup_m480.o(RESET)
    ../clib/angel/boardlib.s                 0x00000000   Number         0  boardinit3.o ABSOLUTE
    ../clib/angel/boardlib.s                 0x00000000   Number         0  boardinit2.o ABSOLUTE
    ../clib/angel/boardlib.s                 0x00000000   Number         0  boardinit1.o ABSOLUTE
    ../clib/angel/boardlib.s                 0x00000000   Number         0  boardshut.o ABSOLUTE
    ../clib/angel/handlers.s                 0x00000000   Number         0  __scatter_copy.o ABSOLUTE
    ../clib/angel/handlers.s                 0x00000000   Number         0  __scatter_zi.o ABSOLUTE
    ../clib/angel/kernel.s                   0x00000000   Number         0  __rtentry2.o ABSOLUTE
    ../clib/angel/kernel.s                   0x00000000   Number         0  __rtentry.o ABSOLUTE
    ../clib/angel/kernel.s                   0x00000000   Number         0  rtexit.o ABSOLUTE
    ../clib/angel/kernel.s                   0x00000000   Number         0  rtexit2.o ABSOLUTE
    ../clib/angel/kernel.s                   0x00000000   Number         0  __rtentry4.o ABSOLUTE
    ../clib/angel/rt.s                       0x00000000   Number         0  rt_raise.o ABSOLUTE
    ../clib/angel/scatter.s                  0x00000000   Number         0  __scatter.o ABSOLUTE
    ../clib/angel/startup.s                  0x00000000   Number         0  __main.o ABSOLUTE
    ../clib/angel/sys.s                      0x00000000   Number         0  libspace.o ABSOLUTE
    ../clib/angel/sys.s                      0x00000000   Number         0  use_no_semi.o ABSOLUTE
    ../clib/angel/sys.s                      0x00000000   Number         0  sys_stackheap_outer.o ABSOLUTE
    ../clib/angel/sys.s                      0x00000000   Number         0  indicate_semi.o ABSOLUTE
    ../clib/angel/sysapp.c                   0x00000000   Number         0  sys_command.o ABSOLUTE
    ../clib/angel/sysapp.c                   0x00000000   Number         0  sys_exit.o ABSOLUTE
    ../clib/armsys.c                         0x00000000   Number         0  _get_argv_nomalloc.o ABSOLUTE
    ../clib/armsys.c                         0x00000000   Number         0  argv_veneer.o ABSOLUTE
    ../clib/armsys.c                         0x00000000   Number         0  argv_veneer.o ABSOLUTE
    ../clib/armsys.c                         0x00000000   Number         0  no_argv.o ABSOLUTE
    ../clib/heapalloc.c                      0x00000000   Number         0  hrguard.o ABSOLUTE
    ../clib/heapaux.c                        0x00000000   Number         0  heapauxi.o ABSOLUTE
    ../clib/libinit.s                        0x00000000   Number         0  libinit.o ABSOLUTE
    ../clib/libinit.s                        0x00000000   Number         0  libinit2.o ABSOLUTE
    ../clib/libinit.s                        0x00000000   Number         0  libshutdown.o ABSOLUTE
    ../clib/libinit.s                        0x00000000   Number         0  libshutdown2.o ABSOLUTE
    ../clib/memcpset.s                       0x00000000   Number         0  rt_memcpy_w.o ABSOLUTE
    ../clib/misc.s                           0x00000000   Number         0  printf_stubs.o ABSOLUTE
    ../clib/printf.c                         0x00000000   Number         0  __printf_flags_wp.o ABSOLUTE
    ../clib/printf.c                         0x00000000   Number         0  _printf_char_file.o ABSOLUTE
    ../clib/printf.c                         0x00000000   Number         0  _printf_hex_ll_ptr.o ABSOLUTE
    ../clib/printf.c                         0x00000000   Number         0  _printf_hex_int_ll_ptr.o ABSOLUTE
    ../clib/printf.c                         0x00000000   Number         0  __printf_flags.o ABSOLUTE
    ../clib/printf.c                         0x00000000   Number         0  __printf_ss.o ABSOLUTE
    ../clib/printf.c                         0x00000000   Number         0  __printf_flags_ss.o ABSOLUTE
    ../clib/printf.c                         0x00000000   Number         0  __printf_wp.o ABSOLUTE
    ../clib/printf.c                         0x00000000   Number         0  _printf_hex_ll.o ABSOLUTE
    ../clib/printf.c                         0x00000000   Number         0  _printf_hex_int.o ABSOLUTE
    ../clib/printf.c                         0x00000000   Number         0  _printf_hex_int_ll.o ABSOLUTE
    ../clib/printf.c                         0x00000000   Number         0  _printf_hex_ptr.o ABSOLUTE
    ../clib/printf.c                         0x00000000   Number         0  _printf_hex_int_ptr.o ABSOLUTE
    ../clib/printf.c                         0x00000000   Number         0  __printf_ss_wp.o ABSOLUTE
    ../clib/printf.c                         0x00000000   Number         0  __printf_flags_ss_wp.o ABSOLUTE
    ../clib/printf.c                         0x00000000   Number         0  _printf_char.o ABSOLUTE
    ../clib/printf.c                         0x00000000   Number         0  _printf_intcommon.o ABSOLUTE
    ../clib/printf.c                         0x00000000   Number         0  _printf_char_common.o ABSOLUTE
    ../clib/printf.c                         0x00000000   Number         0  _printf_pad.o ABSOLUTE
    ../clib/printf.c                         0x00000000   Number         0  __printf_nopercent.o ABSOLUTE
    ../clib/printf.c                         0x00000000   Number         0  __2printf.o ABSOLUTE
    ../clib/printf.c                         0x00000000   Number         0  noretval__2printf.o ABSOLUTE
    ../clib/printf.c                         0x00000000   Number         0  __printf.o ABSOLUTE
    ../clib/printf.c                         0x00000000   Number         0  _printf_str.o ABSOLUTE
    ../clib/printf_percent.s                 0x00000000   Number         0  _printf_x.o ABSOLUTE
    ../clib/printf_percent.s                 0x00000000   Number         0  _printf_c.o ABSOLUTE
    ../clib/printf_percent.s                 0x00000000   Number         0  _printf_percent_end.o ABSOLUTE
    ../clib/printf_percent.s                 0x00000000   Number         0  _printf_p.o ABSOLUTE
    ../clib/printf_percent.s                 0x00000000   Number         0  _printf_percent.o ABSOLUTE
    ../clib/signal.c                         0x00000000   Number         0  defsig_rtred_inner.o ABSOLUTE
    ../clib/signal.c                         0x00000000   Number         0  defsig_rtmem_formal.o ABSOLUTE
    ../clib/signal.c                         0x00000000   Number         0  defsig_fpe_inner.o ABSOLUTE
    ../clib/signal.c                         0x00000000   Number         0  defsig_abrt_inner.o ABSOLUTE
    ../clib/signal.c                         0x00000000   Number         0  defsig_general.o ABSOLUTE
    ../clib/signal.c                         0x00000000   Number         0  __raise.o ABSOLUTE
    ../clib/signal.c                         0x00000000   Number         0  defsig_rtmem_inner.o ABSOLUTE
    ../clib/signal.c                         0x00000000   Number         0  defsig_rtmem_outer.o ABSOLUTE
    ../clib/signal.c                         0x00000000   Number         0  defsig_stak_inner.o ABSOLUTE
    ../clib/signal.c                         0x00000000   Number         0  defsig_pvfn_inner.o ABSOLUTE
    ../clib/signal.c                         0x00000000   Number         0  defsig_cppl_inner.o ABSOLUTE
    ../clib/signal.c                         0x00000000   Number         0  defsig_segv_inner.o ABSOLUTE
    ../clib/signal.c                         0x00000000   Number         0  defsig_other.o ABSOLUTE
    ../clib/signal.c                         0x00000000   Number         0  defsig_exit.o ABSOLUTE
    ../clib/signal.s                         0x00000000   Number         0  defsig.o ABSOLUTE
    ../clib/stdio.c                          0x00000000   Number         0  getc.o ABSOLUTE
    ../clib/stdlib.c                         0x00000000   Number         0  exit.o ABSOLUTE
    ../clib/string.c                         0x00000000   Number         0  strlen.o ABSOLUTE
    ../fplib/fpinit.s                        0x00000000   Number         0  fpinit.o ABSOLUTE
    ..\..\Library\Device\Nuvoton\M480\Source\ARM\startup_M480.s 0x00000000   Number         0  startup_m480.o ABSOLUTE
    ..\..\Library\Device\Nuvoton\M480\Source\system_M480.c 0x00000000   Number         0  system_m480.o ABSOLUTE
    ..\..\Library\StdDriver\src\clk.c        0x00000000   Number         0  clk.o ABSOLUTE
    ..\..\Library\StdDriver\src\crypto.c     0x00000000   Number         0  crypto.o ABSOLUTE
    ..\..\Library\StdDriver\src\fmc.c        0x00000000   Number         0  fmc.o ABSOLUTE
    ..\..\Library\StdDriver\src\retarget.c   0x00000000   Number         0  retarget.o ABSOLUTE
    ..\..\Library\StdDriver\src\sys.c        0x00000000   Number         0  sys.o ABSOLUTE
    ..\..\Library\StdDriver\src\uart.c       0x00000000   Number         0  uart.o ABSOLUTE
    ..\\..\\Library\\Device\\Nuvoton\\M480\\Source\\system_M480.c 0x00000000   Number         0  system_m480.o ABSOLUTE
    ..\\..\\Library\\StdDriver\\src\\clk.c   0x00000000   Number         0  clk.o ABSOLUTE
    ..\\..\\Library\\StdDriver\\src\\crypto.c 0x00000000   Number         0  crypto.o ABSOLUTE
    ..\\..\\Library\\StdDriver\\src\\fmc.c   0x00000000   Number         0  fmc.o ABSOLUTE
    ..\\..\\Library\\StdDriver\\src\\retarget.c 0x00000000   Number         0  retarget.o ABSOLUTE
    ..\\..\\Library\\StdDriver\\src\\sys.c   0x00000000   Number         0  sys.o ABSOLUTE
    ..\\..\\Library\\StdDriver\\src\\uart.c  0x00000000   Number         0  uart.o ABSOLUTE
    ..\\main.c                               0x00000000   Number         0  main.o ABSOLUTE
    ..\\sprom.c                              0x00000000   Number         0  sprom.o ABSOLUTE
    ..\main.c                                0x00000000   Number         0  main.o ABSOLUTE
    ..\sprom.c                               0x00000000   Number         0  sprom.o ABSOLUTE
    !!!main                                  0x000001b8   Section        8  __main.o(!!!main)
    !!!scatter                               0x000001c0   Section       52  __scatter.o(!!!scatter)
    !!handler_copy                           0x000001f4   Section       26  __scatter_copy.o(!!handler_copy)
    !!handler_zi                             0x00000210   Section       28  __scatter_zi.o(!!handler_zi)
    .ARM.Collect$$_printf_percent$$00000000  0x0000022c   Section        0  _printf_percent.o(.ARM.Collect$$_printf_percent$$00000000)
    .ARM.Collect$$_printf_percent$$00000002  0x0000022c   Section        6  _printf_p.o(.ARM.Collect$$_printf_percent$$00000002)
    .ARM.Collect$$_printf_percent$$0000000C  0x00000232   Section        6  _printf_x.o(.ARM.Collect$$_printf_percent$$0000000C)
    .ARM.Collect$$_printf_percent$$00000013  0x00000238   Section        6  _printf_c.o(.ARM.Collect$$_printf_percent$$00000013)
    .ARM.Collect$$_printf_percent$$00000017  0x0000023e   Section        4  _printf_percent_end.o(.ARM.Collect$$_printf_percent$$00000017)
    .ARM.Collect$$libinit$$00000000          0x00000242   Section        2  libinit.o(.ARM.Collect$$libinit$$00000000)
    .ARM.Collect$$libinit$$00000001          0x00000244   Section        4  libinit2.o(.ARM.Collect$$libinit$$00000001)
    .ARM.Collect$$libinit$$00000004          0x00000248   Section        0  libinit2.o(.ARM.Collect$$libinit$$00000004)
    .ARM.Collect$$libinit$$0000000A          0x00000248   Section        0  libinit2.o(.ARM.Collect$$libinit$$0000000A)
    .ARM.Collect$$libinit$$0000000C          0x00000248   Section        0  libinit2.o(.ARM.Collect$$libinit$$0000000C)
    .ARM.Collect$$libinit$$0000000E          0x00000248   Section        0  libinit2.o(.ARM.Collect$$libinit$$0000000E)
    .ARM.Collect$$libinit$$00000011          0x00000248   Section        0  libinit2.o(.ARM.Collect$$libinit$$00000011)
    .ARM.Collect$$libinit$$00000013          0x00000248   Section        0  libinit2.o(.ARM.Collect$$libinit$$00000013)
    .ARM.Collect$$libinit$$00000015          0x00000248   Section        0  libinit2.o(.ARM.Collect$$libinit$$00000015)
    .ARM.Collect$$libinit$$00000017          0x00000248   Section        0  libinit2.o(.ARM.Collect$$libinit$$00000017)
    .ARM.Collect$$libinit$$00000019          0x00000248   Section        0  libinit2.o(.ARM.Collect$$libinit$$00000019)
    .ARM.Collect$$libinit$$0000001B          0x00000248   Section        0  libinit2.o(.ARM.Collect$$libinit$$0000001B)
    .ARM.Collect$$libinit$$0000001D          0x00000248   Section        0  libinit2.o(.ARM.Collect$$libinit$$0000001D)
    .ARM.Collect$$libinit$$0000001F          0x00000248   Section        0  libinit2.o(.ARM.Collect$$libinit$$0000001F)
    .ARM.Collect$$libinit$$00000021          0x00000248   Section        0  libinit2.o(.ARM.Collect$$libinit$$00000021)
    .ARM.Collect$$libinit$$00000023          0x00000248   Section        0  libinit2.o(.ARM.Collect$$libinit$$00000023)
    .ARM.Collect$$libinit$$00000025          0x00000248   Section        0  libinit2.o(.ARM.Collect$$libinit$$00000025)
    .ARM.Collect$$libinit$$0000002C          0x00000248   Section        0  libinit2.o(.ARM.Collect$$libinit$$0000002C)
    .ARM.Collect$$libinit$$0000002E          0x00000248   Section        0  libinit2.o(.ARM.Collect$$libinit$$0000002E)
    .ARM.Collect$$libinit$$00000030          0x00000248   Section        0  libinit2.o(.ARM.Collect$$libinit$$00000030)
    .ARM.Collect$$libinit$$00000032          0x00000248   Section        0  libinit2.o(.ARM.Collect$$libinit$$00000032)
    .ARM.Collect$$libinit$$00000033          0x00000248   Section        2  libinit2.o(.ARM.Collect$$libinit$$00000033)
    .ARM.Collect$$libshutdown$$00000000      0x0000024a   Section        2  libshutdown.o(.ARM.Collect$$libshutdown$$00000000)
    .ARM.Collect$$libshutdown$$00000002      0x0000024c   Section        0  libshutdown2.o(.ARM.Collect$$libshutdown$$00000002)
    .ARM.Collect$$libshutdown$$00000004      0x0000024c   Section        0  libshutdown2.o(.ARM.Collect$$libshutdown$$00000004)
    .ARM.Collect$$libshutdown$$00000006      0x0000024c   Section        0  libshutdown2.o(.ARM.Collect$$libshutdown$$00000006)
    .ARM.Collect$$libshutdown$$00000009      0x0000024c   Section        0  libshutdown2.o(.ARM.Collect$$libshutdown$$00000009)
    .ARM.Collect$$libshutdown$$0000000C      0x0000024c   Section        0  libshutdown2.o(.ARM.Collect$$libshutdown$$0000000C)
    .ARM.Collect$$libshutdown$$0000000E      0x0000024c   Section        0  libshutdown2.o(.ARM.Collect$$libshutdown$$0000000E)
    .ARM.Collect$$libshutdown$$00000011      0x0000024c   Section        0  libshutdown2.o(.ARM.Collect$$libshutdown$$00000011)
    .ARM.Collect$$libshutdown$$00000012      0x0000024c   Section        2  libshutdown2.o(.ARM.Collect$$libshutdown$$00000012)
    .ARM.Collect$$rtentry$$00000000          0x0000024e   Section        0  __rtentry.o(.ARM.Collect$$rtentry$$00000000)
    .ARM.Collect$$rtentry$$00000002          0x0000024e   Section        0  __rtentry2.o(.ARM.Collect$$rtentry$$00000002)
    .ARM.Collect$$rtentry$$00000004          0x0000024e   Section        6  __rtentry4.o(.ARM.Collect$$rtentry$$00000004)
    .ARM.Collect$$rtentry$$00000009          0x00000254   Section        0  __rtentry2.o(.ARM.Collect$$rtentry$$00000009)
    .ARM.Collect$$rtentry$$0000000A          0x00000254   Section        4  __rtentry2.o(.ARM.Collect$$rtentry$$0000000A)
    .ARM.Collect$$rtentry$$0000000C          0x00000258   Section        0  __rtentry2.o(.ARM.Collect$$rtentry$$0000000C)
    .ARM.Collect$$rtentry$$0000000D          0x00000258   Section        8  __rtentry2.o(.ARM.Collect$$rtentry$$0000000D)
    .ARM.Collect$$rtexit$$00000000           0x00000260   Section        2  rtexit.o(.ARM.Collect$$rtexit$$00000000)
    .ARM.Collect$$rtexit$$00000002           0x00000262   Section        0  rtexit2.o(.ARM.Collect$$rtexit$$00000002)
    .ARM.Collect$$rtexit$$00000003           0x00000262   Section        4  rtexit2.o(.ARM.Collect$$rtexit$$00000003)
    .ARM.Collect$$rtexit$$00000004           0x00000266   Section        6  rtexit2.o(.ARM.Collect$$rtexit$$00000004)
    .emb_text                                0x0000026c   Section       28  retarget.o(.emb_text)
    $v0                                      0x0000026c   Number         0  retarget.o(.emb_text)
    .text                                    0x00000288   Section      132  startup_m480.o(.text)
    $v0                                      0x00000288   Number         0  startup_m480.o(.text)
    Default_Handler                          0x000002db   Thumb Code     2  startup_m480.o(.text)
    .text                                    0x0000030c   Section        0  noretval__2printf.o(.text)
    .text                                    0x00000324   Section        0  _printf_pad.o(.text)
    .text                                    0x00000372   Section        0  _printf_str.o(.text)
    .text                                    0x000003c4   Section        0  _printf_hex_int_ptr.o(.text)
    _printf_hex_common                       0x000003c5   Thumb Code     0  _printf_hex_int_ptr.o(.text)
    .text                                    0x00000440   Section        0  __printf_flags_wp.o(.text)
    .text                                    0x00000578   Section        0  getc.o(.text)
    .text                                    0x0000057c   Section        0  heapauxi.o(.text)
    .text                                    0x00000582   Section        0  _printf_intcommon.o(.text)
    .text                                    0x00000634   Section        0  _printf_char.o(.text)
    .text                                    0x00000660   Section        0  _printf_char_file.o(.text)
    .text                                    0x00000684   Section        0  _printf_char_common.o(.text)
    _printf_input_char                       0x00000685   Thumb Code    10  _printf_char_common.o(.text)
    .text                                    0x000006b4   Section       74  sys_stackheap_outer.o(.text)
    .text                                    0x000006fe   Section        0  exit.o(.text)
    .text                                    0x00000710   Section        8  libspace.o(.text)
    .text                                    0x00000718   Section        0  sys_exit.o(.text)
    .text                                    0x00000724   Section        2  use_no_semi.o(.text)
    .text                                    0x00000726   Section        0  indicate_semi.o(.text)
    i.AES_Open                               0x00000728   Section        0  crypto.o(i.AES_Open)
    i.AES_SetDMATransfer                     0x00000754   Section        0  crypto.o(i.AES_SetDMATransfer)
    i.AES_SetInitVect                        0x00000770   Section        0  crypto.o(i.AES_SetInitVect)
    i.AES_SetKey                             0x0000078c   Section        0  crypto.o(i.AES_SetKey)
    i.AES_Start                              0x000007b4   Section        0  crypto.o(i.AES_Start)
    i.CLK_DisablePLL                         0x000007d4   Section        0  clk.o(i.CLK_DisablePLL)
    i.CLK_EnableModuleClock                  0x000007e8   Section        0  clk.o(i.CLK_EnableModuleClock)
    i.CLK_EnablePLL                          0x00000804   Section        0  clk.o(i.CLK_EnablePLL)
    i.CLK_EnableXtalRC                       0x00000958   Section        0  clk.o(i.CLK_EnableXtalRC)
    i.CLK_GetPLLClockFreq                    0x00000968   Section        0  clk.o(i.CLK_GetPLLClockFreq)
    i.CLK_SetCoreClock                       0x000009b8   Section        0  clk.o(i.CLK_SetCoreClock)
    i.CLK_SetHCLK                            0x00000a3c   Section        0  clk.o(i.CLK_SetHCLK)
    i.CLK_SetModuleClock                     0x00000aa0   Section        0  clk.o(i.CLK_SetModuleClock)
    i.CLK_WaitClockReady                     0x00000b08   Section        0  clk.o(i.CLK_WaitClockReady)
    i.FMC_Open                               0x00000b34   Section        0  fmc.o(i.FMC_Open)
    i.Hard_Fault_Handler                     0x00000b44   Section        0  retarget.o(i.Hard_Fault_Handler)
    __tagsym$$used                           0x00000b45   Number         0  retarget.o(i.Hard_Fault_Handler)
    i.SYS_Init                               0x00000b6c   Section        0  main.o(i.SYS_Init)
    i.SYS_UnlockReg                          0x00000be0   Section        0  main.o(i.SYS_UnlockReg)
    SYS_UnlockReg                            0x00000be1   Thumb Code    32  main.o(i.SYS_UnlockReg)
    i.SendChar                               0x00000c00   Section        0  retarget.o(i.SendChar)
    SendChar                                 0x00000c01   Thumb Code    26  retarget.o(i.SendChar)
    i.SystemCoreClockUpdate                  0x00000c20   Section        0  system_m480.o(i.SystemCoreClockUpdate)
    i.SystemInit                             0x00000c68   Section        0  system_m480.o(i.SystemInit)
    i.UART0_Init                             0x00000ce0   Section        0  main.o(i.UART0_Init)
    i.UART_Open                              0x00000cf0   Section        0  uart.o(i.UART_Open)
    i._is_digit                              0x00000e08   Section        0  __printf_wp.o(i._is_digit)
    i.dump_buff_hex                          0x00000e18   Section        0  main.o(i.dump_buff_hex)
    i.ferror                                 0x00000ea4   Section        0  retarget.o(i.ferror)
    i.fgetc                                  0x00000eac   Section        0  retarget.o(i.fgetc)
    i.fputc                                  0x00000ec0   Section        0  retarget.o(i.fputc)
    i.main                                   0x00000ecc   Section        0  main.o(i.main)
    i.stackDump                              0x00001100   Section        0  retarget.o(i.stackDump)
    stackDump                                0x00001101   Thumb Code    72  retarget.o(i.stackDump)
    x$fpl$fpinit                             0x000011a8   Section       10  fpinit.o(x$fpl$fpinit)
    $v0                                      0x000011a8   Number         0  fpinit.o(x$fpl$fpinit)
    .constdata                               0x000011b4   Section       48  uart.o(.constdata)
    .constdata                               0x000011e4   Section       40  _printf_hex_int_ptr.o(.constdata)
    uc_hextab                                0x000011e4   Data          20  _printf_hex_int_ptr.o(.constdata)
    lc_hextab                                0x000011f8   Data          20  _printf_hex_int_ptr.o(.constdata)
    .constdata                               0x0000120c   Section       17  __printf_flags_wp.o(.constdata)
    maptable                                 0x0000120c   Data          17  __printf_flags_wp.o(.constdata)
    i.CRYPTO_IRQHandler                      0x00200000   Section        0  sprom.o(i.CRYPTO_IRQHandler)
    i.sprom_aes_decrypt                      0x0020001c   Section        0  sprom.o(i.sprom_aes_decrypt)
    i.sprom_aes_encrypt                      0x002000a4   Section        0  sprom.o(i.sprom_aes_encrypt)
    i.sprom_put_string                       0x0020012c   Section        0  sprom.o(i.sprom_put_string)
    i.sprom_putc                             0x00200140   Section        0  sprom.o(i.sprom_putc)
    .constdata                               0x00200160   Section       32  sprom.o(.constdata)
    au32MyAESKey                             0x00200160   Data          32  sprom.o(.constdata)
    .ARM.__AT_0x00200FFF                     0x00200fff   Section        1  sprom.o(.ARM.__AT_0x00200FFF)
    Security_Mode                            0x00200fff   Data           1  sprom.o(.ARM.__AT_0x00200FFF)
    .data                                    0x20000000   Section       44  system_m480.o(.data)
    .data                                    0x2000002c   Section       16  main.o(.data)
    .data                                    0x2000003c   Section        4  sprom.o(.data)
    g_AES_done                               0x2000003c   Data           4  sprom.o(.data)
    .data                                    0x20000040   Section        4  retarget.o(.data)
    .data                                    0x20000044   Section        4  retarget.o(.data)
    .bss                                     0x20000048   Section      256  main.o(.bss)
    .bss                                     0x20000148   Section       16  sprom.o(.bss)
    .bss                                     0x20000158   Section     1156  crypto.o(.bss)
    g_AES_CTL                                0x20000158   Data          16  crypto.o(.bss)
    g_TDES_CTL                               0x20000168   Data          16  crypto.o(.bss)
    Curve_Copy                               0x20000178   Data         964  crypto.o(.bss)
    temp_hex_str                             0x2000053c   Data         160  crypto.o(.bss)
    .bss                                     0x200005dc   Section       96  libspace.o(.bss)
    HEAP                                     0x20000640   Section      256  startup_m480.o(HEAP)
    Heap_Mem                                 0x20000640   Data         256  startup_m480.o(HEAP)
    STACK                                    0x20000740   Section     2048  startup_m480.o(STACK)
    Stack_Mem                                0x20000740   Data        2048  startup_m480.o(STACK)
    __initial_sp                             0x20000f40   Data           0  startup_m480.o(STACK)

    Global Symbols

    Symbol Name                              Value     Ov Type        Size  Object(Section)

    BuildAttributes$$THM_ISAv4$E$P$D$K$B$S$7EM$VFPi3$EXTD16$VFPS$VFMA$PE$A:L22UL41UL21$X:L11$S22US41US21$IEEE1$IW$USESV6$~STKCKD$USESV7$~SHL$OSPACE$ROPI$EBA8$UX$STANDARDLIB$REQ8$PRES8$EABIv2 0x00000000   Number         0  anon$$obj.o ABSOLUTE
    __ARM_use_no_argv                        0x00000000   Number         0  main.o ABSOLUTE
    __Vectors                                0x00000000   Data           4  startup_m480.o(RESET)
    _printf_flags                            0x00000000   Number         0  printf_stubs.o ABSOLUTE
    _printf_return_value                     0x00000000   Number         0  printf_stubs.o ABSOLUTE
    _printf_sizespec                         0x00000000   Number         0  printf_stubs.o ABSOLUTE
    _printf_widthprec                        0x00000000   Number         0  printf_stubs.o ABSOLUTE
    __ARM_exceptions_init                     - Undefined Weak Reference
    __alloca_initialize                       - Undefined Weak Reference
    __arm_fini_                               - Undefined Weak Reference
    __arm_preinit_                            - Undefined Weak Reference
    __cpp_initialize__aeabi_                  - Undefined Weak Reference
    __cxa_finalize                            - Undefined Weak Reference
    __rt_locale                               - Undefined Weak Reference
    __sigvec_lookup                           - Undefined Weak Reference
    _atexit_init                              - Undefined Weak Reference
    _call_atexit_fns                          - Undefined Weak Reference
    _clock_init                               - Undefined Weak Reference
    _fp_trap_init                             - Undefined Weak Reference
    _fp_trap_shutdown                         - Undefined Weak Reference
    _get_lc_collate                           - Undefined Weak Reference
    _get_lc_ctype                             - Undefined Weak Reference
    _get_lc_monetary                          - Undefined Weak Reference
    _get_lc_numeric                           - Undefined Weak Reference
    _get_lc_time                              - Undefined Weak Reference
    _getenv_init                              - Undefined Weak Reference
    _handle_redirection                       - Undefined Weak Reference
    _init_alloc                               - Undefined Weak Reference
    _init_user_alloc                          - Undefined Weak Reference
    _initio                                   - Undefined Weak Reference
    _printf_mbtowc                            - Undefined Weak Reference
    _printf_truncate_unsigned                 - Undefined Weak Reference
    _rand_init                                - Undefined Weak Reference
    _signal_finish                            - Undefined Weak Reference
    _signal_init                              - Undefined Weak Reference
    _terminate_alloc                          - Undefined Weak Reference
    _terminate_user_alloc                     - Undefined Weak Reference
    _terminateio                              - Undefined Weak Reference
    __Vectors_End                            0x000001b8   Data           0  startup_m480.o(RESET)
    __Vectors_Size                           0x000001b8   Number         0  startup_m480.o ABSOLUTE
    __main                                   0x000001b9   Thumb Code     8  __main.o(!!!main)
    __scatterload                            0x000001c1   Thumb Code     0  __scatter.o(!!!scatter)
    __scatterload_rt2                        0x000001c1   Thumb Code    44  __scatter.o(!!!scatter)
    __scatterload_rt2_thumb_only             0x000001c1   Thumb Code     0  __scatter.o(!!!scatter)
    __scatterload_null                       0x000001cf   Thumb Code     0  __scatter.o(!!!scatter)
    __scatterload_copy                       0x000001f5   Thumb Code    26  __scatter_copy.o(!!handler_copy)
    __scatterload_zeroinit                   0x00000211   Thumb Code    28  __scatter_zi.o(!!handler_zi)
    _printf_p                                0x0000022d   Thumb Code     0  _printf_p.o(.ARM.Collect$$_printf_percent$$00000002)
    _printf_percent                          0x0000022d   Thumb Code     0  _printf_percent.o(.ARM.Collect$$_printf_percent$$00000000)
    _printf_x                                0x00000233   Thumb Code     0  _printf_x.o(.ARM.Collect$$_printf_percent$$0000000C)
    _printf_c                                0x00000239   Thumb Code     0  _printf_c.o(.ARM.Collect$$_printf_percent$$00000013)
    _printf_percent_end                      0x0000023f   Thumb Code     0  _printf_percent_end.o(.ARM.Collect$$_printf_percent$$00000017)
    __rt_lib_init                            0x00000243   Thumb Code     0  libinit.o(.ARM.Collect$$libinit$$00000000)
    __rt_lib_init_fp_1                       0x00000245   Thumb Code     0  libinit2.o(.ARM.Collect$$libinit$$00000001)
    __rt_lib_init_alloca_1                   0x00000249   Thumb Code     0  libinit2.o(.ARM.Collect$$libinit$$0000002E)
    __rt_lib_init_argv_1                     0x00000249   Thumb Code     0  libinit2.o(.ARM.Collect$$libinit$$0000002C)
    __rt_lib_init_atexit_1                   0x00000249   Thumb Code     0  libinit2.o(.ARM.Collect$$libinit$$0000001B)
    __rt_lib_init_clock_1                    0x00000249   Thumb Code     0  libinit2.o(.ARM.Collect$$libinit$$00000021)
    __rt_lib_init_cpp_1                      0x00000249   Thumb Code     0  libinit2.o(.ARM.Collect$$libinit$$00000032)
    __rt_lib_init_exceptions_1               0x00000249   Thumb Code     0  libinit2.o(.ARM.Collect$$libinit$$00000030)
    __rt_lib_init_fp_trap_1                  0x00000249   Thumb Code     0  libinit2.o(.ARM.Collect$$libinit$$0000001F)
    __rt_lib_init_getenv_1                   0x00000249   Thumb Code     0  libinit2.o(.ARM.Collect$$libinit$$00000023)
    __rt_lib_init_heap_1                     0x00000249   Thumb Code     0  libinit2.o(.ARM.Collect$$libinit$$0000000A)
    __rt_lib_init_lc_collate_1               0x00000249   Thumb Code     0  libinit2.o(.ARM.Collect$$libinit$$00000011)
    __rt_lib_init_lc_ctype_1                 0x00000249   Thumb Code     0  libinit2.o(.ARM.Collect$$libinit$$00000013)
    __rt_lib_init_lc_monetary_1              0x00000249   Thumb Code     0  libinit2.o(.ARM.Collect$$libinit$$00000015)
    __rt_lib_init_lc_numeric_1               0x00000249   Thumb Code     0  libinit2.o(.ARM.Collect$$libinit$$00000017)
    __rt_lib_init_lc_time_1                  0x00000249   Thumb Code     0  libinit2.o(.ARM.Collect$$libinit$$00000019)
    __rt_lib_init_preinit_1                  0x00000249   Thumb Code     0  libinit2.o(.ARM.Collect$$libinit$$00000004)
    __rt_lib_init_rand_1                     0x00000249   Thumb Code     0  libinit2.o(.ARM.Collect$$libinit$$0000000E)
    __rt_lib_init_return                     0x00000249   Thumb Code     0  libinit2.o(.ARM.Collect$$libinit$$00000033)
    __rt_lib_init_signal_1                   0x00000249   Thumb Code     0  libinit2.o(.ARM.Collect$$libinit$$0000001D)
    __rt_lib_init_stdio_1                    0x00000249   Thumb Code     0  libinit2.o(.ARM.Collect$$libinit$$00000025)
    __rt_lib_init_user_alloc_1               0x00000249   Thumb Code     0  libinit2.o(.ARM.Collect$$libinit$$0000000C)
    __rt_lib_shutdown                        0x0000024b   Thumb Code     0  libshutdown.o(.ARM.Collect$$libshutdown$$00000000)
    __rt_lib_shutdown_cpp_1                  0x0000024d   Thumb Code     0  libshutdown2.o(.ARM.Collect$$libshutdown$$00000004)
    __rt_lib_shutdown_fini_1                 0x0000024d   Thumb Code     0  libshutdown2.o(.ARM.Collect$$libshutdown$$00000002)
    __rt_lib_shutdown_fp_trap_1              0x0000024d   Thumb Code     0  libshutdown2.o(.ARM.Collect$$libshutdown$$00000009)
    __rt_lib_shutdown_heap_1                 0x0000024d   Thumb Code     0  libshutdown2.o(.ARM.Collect$$libshutdown$$00000011)
    __rt_lib_shutdown_return                 0x0000024d   Thumb Code     0  libshutdown2.o(.ARM.Collect$$libshutdown$$00000012)
    __rt_lib_shutdown_signal_1               0x0000024d   Thumb Code     0  libshutdown2.o(.ARM.Collect$$libshutdown$$0000000C)
    __rt_lib_shutdown_stdio_1                0x0000024d   Thumb Code     0  libshutdown2.o(.ARM.Collect$$libshutdown$$00000006)
    __rt_lib_shutdown_user_alloc_1           0x0000024d   Thumb Code     0  libshutdown2.o(.ARM.Collect$$libshutdown$$0000000E)
    __rt_entry                               0x0000024f   Thumb Code     0  __rtentry.o(.ARM.Collect$$rtentry$$00000000)
    __rt_entry_presh_1                       0x0000024f   Thumb Code     0  __rtentry2.o(.ARM.Collect$$rtentry$$00000002)
    __rt_entry_sh                            0x0000024f   Thumb Code     0  __rtentry4.o(.ARM.Collect$$rtentry$$00000004)
    __rt_entry_li                            0x00000255   Thumb Code     0  __rtentry2.o(.ARM.Collect$$rtentry$$0000000A)
    __rt_entry_postsh_1                      0x00000255   Thumb Code     0  __rtentry2.o(.ARM.Collect$$rtentry$$00000009)
    __rt_entry_main                          0x00000259   Thumb Code     0  __rtentry2.o(.ARM.Collect$$rtentry$$0000000D)
    __rt_entry_postli_1                      0x00000259   Thumb Code     0  __rtentry2.o(.ARM.Collect$$rtentry$$0000000C)
    __rt_exit                                0x00000261   Thumb Code     0  rtexit.o(.ARM.Collect$$rtexit$$00000000)
    __rt_exit_ls                             0x00000263   Thumb Code     0  rtexit2.o(.ARM.Collect$$rtexit$$00000003)
    __rt_exit_prels_1                        0x00000263   Thumb Code     0  rtexit2.o(.ARM.Collect$$rtexit$$00000002)
    __rt_exit_exit                           0x00000267   Thumb Code     0  rtexit2.o(.ARM.Collect$$rtexit$$00000004)
    HardFault_Handler                        0x0000026d   Thumb Code    24  retarget.o(.emb_text)
    Reset_Handler                            0x00000289   Thumb Code    64  startup_m480.o(.text)
    NMI_Handler                              0x000002c9   Thumb Code     2  startup_m480.o(.text)
    MemManage_Handler                        0x000002cd   Thumb Code     2  startup_m480.o(.text)
    BusFault_Handler                         0x000002cf   Thumb Code     2  startup_m480.o(.text)
    UsageFault_Handler                       0x000002d1   Thumb Code     2  startup_m480.o(.text)
    SVC_Handler                              0x000002d3   Thumb Code     2  startup_m480.o(.text)
    DebugMon_Handler                         0x000002d5   Thumb Code     2  startup_m480.o(.text)
    PendSV_Handler                           0x000002d7   Thumb Code     2  startup_m480.o(.text)
    SysTick_Handler                          0x000002d9   Thumb Code     2  startup_m480.o(.text)
    ACMP01_IRQHandler                        0x000002db   Thumb Code     0  startup_m480.o(.text)
    ADC00_IRQHandler                         0x000002db   Thumb Code     0  startup_m480.o(.text)
    ADC01_IRQHandler                         0x000002db   Thumb Code     0  startup_m480.o(.text)
    ADC02_IRQHandler                         0x000002db   Thumb Code     0  startup_m480.o(.text)
    ADC03_IRQHandler                         0x000002db   Thumb Code     0  startup_m480.o(.text)
    BOD_IRQHandler                           0x000002db   Thumb Code     0  startup_m480.o(.text)
    BPWM0_IRQHandler                         0x000002db   Thumb Code     0  startup_m480.o(.text)
    BPWM1_IRQHandler                         0x000002db   Thumb Code     0  startup_m480.o(.text)
    BRAKE0_IRQHandler                        0x000002db   Thumb Code     0  startup_m480.o(.text)
    BRAKE1_IRQHandler                        0x000002db   Thumb Code     0  startup_m480.o(.text)
    CAN0_IRQHandler                          0x000002db   Thumb Code     0  startup_m480.o(.text)
    CAN1_IRQHandler                          0x000002db   Thumb Code     0  startup_m480.o(.text)
    CKFAIL_IRQHandler                        0x000002db   Thumb Code     0  startup_m480.o(.text)
    DAC_IRQHandler                           0x000002db   Thumb Code     0  startup_m480.o(.text)
    ECAP0_IRQHandler                         0x000002db   Thumb Code     0  startup_m480.o(.text)
    ECAP1_IRQHandler                         0x000002db   Thumb Code     0  startup_m480.o(.text)
    EHCI_IRQHandler                          0x000002db   Thumb Code     0  startup_m480.o(.text)
    EINT0_IRQHandler                         0x000002db   Thumb Code     0  startup_m480.o(.text)
    EINT1_IRQHandler                         0x000002db   Thumb Code     0  startup_m480.o(.text)
    EINT2_IRQHandler                         0x000002db   Thumb Code     0  startup_m480.o(.text)
    EINT3_IRQHandler                         0x000002db   Thumb Code     0  startup_m480.o(.text)
    EINT4_IRQHandler                         0x000002db   Thumb Code     0  startup_m480.o(.text)
    EINT5_IRQHandler                         0x000002db   Thumb Code     0  startup_m480.o(.text)
    EINT6_IRQHandler                         0x000002db   Thumb Code     0  startup_m480.o(.text)
    EINT7_IRQHandler                         0x000002db   Thumb Code     0  startup_m480.o(.text)
    EMAC_RX_IRQHandler                       0x000002db   Thumb Code     0  startup_m480.o(.text)
    EMAC_TX_IRQHandler                       0x000002db   Thumb Code     0  startup_m480.o(.text)
    EPWM0P0_IRQHandler                       0x000002db   Thumb Code     0  startup_m480.o(.text)
    EPWM0P1_IRQHandler                       0x000002db   Thumb Code     0  startup_m480.o(.text)
    EPWM0P2_IRQHandler                       0x000002db   Thumb Code     0  startup_m480.o(.text)
    EPWM1P0_IRQHandler                       0x000002db   Thumb Code     0  startup_m480.o(.text)
    EPWM1P1_IRQHandler                       0x000002db   Thumb Code     0  startup_m480.o(.text)
    EPWM1P2_IRQHandler                       0x000002db   Thumb Code     0  startup_m480.o(.text)
    GPA_IRQHandler                           0x000002db   Thumb Code     0  startup_m480.o(.text)
    GPB_IRQHandler                           0x000002db   Thumb Code     0  startup_m480.o(.text)
    GPC_IRQHandler                           0x000002db   Thumb Code     0  startup_m480.o(.text)
    GPD_IRQHandler                           0x000002db   Thumb Code     0  startup_m480.o(.text)
    GPE_IRQHandler                           0x000002db   Thumb Code     0  startup_m480.o(.text)
    GPF_IRQHandler                           0x000002db   Thumb Code     0  startup_m480.o(.text)
    GPG_IRQHandler                           0x000002db   Thumb Code     0  startup_m480.o(.text)
    GPH_IRQHandler                           0x000002db   Thumb Code     0  startup_m480.o(.text)
    I2C0_IRQHandler                          0x000002db   Thumb Code     0  startup_m480.o(.text)
    I2C1_IRQHandler                          0x000002db   Thumb Code     0  startup_m480.o(.text)
    I2C2_IRQHandler                          0x000002db   Thumb Code     0  startup_m480.o(.text)
    I2S0_IRQHandler                          0x000002db   Thumb Code     0  startup_m480.o(.text)
    IRC_IRQHandler                           0x000002db   Thumb Code     0  startup_m480.o(.text)
    OHCI_IRQHandler                          0x000002db   Thumb Code     0  startup_m480.o(.text)
    OPA0_IRQHandler                          0x000002db   Thumb Code     0  startup_m480.o(.text)
    PDMA_IRQHandler                          0x000002db   Thumb Code     0  startup_m480.o(.text)
    PWRWU_IRQHandler                         0x000002db   Thumb Code     0  startup_m480.o(.text)
    QEI0_IRQHandler                          0x000002db   Thumb Code     0  startup_m480.o(.text)
    QEI1_IRQHandler                          0x000002db   Thumb Code     0  startup_m480.o(.text)
    QSPI0_IRQHandler                         0x000002db   Thumb Code     0  startup_m480.o(.text)
    RAMPE_IRQHandler                         0x000002db   Thumb Code     0  startup_m480.o(.text)
    RTC_IRQHandler                           0x000002db   Thumb Code     0  startup_m480.o(.text)
    SC0_IRQHandler                           0x000002db   Thumb Code     0  startup_m480.o(.text)
    SC1_IRQHandler                           0x000002db   Thumb Code     0  startup_m480.o(.text)
    SC2_IRQHandler                           0x000002db   Thumb Code     0  startup_m480.o(.text)
    SDH0_IRQHandler                          0x000002db   Thumb Code     0  startup_m480.o(.text)
    SDH1_IRQHandler                          0x000002db   Thumb Code     0  startup_m480.o(.text)
    SPI0_IRQHandler                          0x000002db   Thumb Code     0  startup_m480.o(.text)
    SPI1_IRQHandler                          0x000002db   Thumb Code     0  startup_m480.o(.text)
    SPI2_IRQHandler                          0x000002db   Thumb Code     0  startup_m480.o(.text)
    SPI3_IRQHandler                          0x000002db   Thumb Code     0  startup_m480.o(.text)
    SPIM_IRQHandler                          0x000002db   Thumb Code     0  startup_m480.o(.text)
    TAMPER_IRQHandler                        0x000002db   Thumb Code     0  startup_m480.o(.text)
    TMR0_IRQHandler                          0x000002db   Thumb Code     0  startup_m480.o(.text)
    TMR1_IRQHandler                          0x000002db   Thumb Code     0  startup_m480.o(.text)
    TMR2_IRQHandler                          0x000002db   Thumb Code     0  startup_m480.o(.text)
    TMR3_IRQHandler                          0x000002db   Thumb Code     0  startup_m480.o(.text)
    UART0_IRQHandler                         0x000002db   Thumb Code     0  startup_m480.o(.text)
    UART1_IRQHandler                         0x000002db   Thumb Code     0  startup_m480.o(.text)
    UART2_IRQHandler                         0x000002db   Thumb Code     0  startup_m480.o(.text)
    UART3_IRQHandler                         0x000002db   Thumb Code     0  startup_m480.o(.text)
    UART4_IRQHandler                         0x000002db   Thumb Code     0  startup_m480.o(.text)
    UART5_IRQHandler                         0x000002db   Thumb Code     0  startup_m480.o(.text)
    USBD20_IRQHandler                        0x000002db   Thumb Code     0  startup_m480.o(.text)
    USBD_IRQHandler                          0x000002db   Thumb Code     0  startup_m480.o(.text)
    USBOTG20_IRQHandler                      0x000002db   Thumb Code     0  startup_m480.o(.text)
    USBOTG_IRQHandler                        0x000002db   Thumb Code     0  startup_m480.o(.text)
    USCI0_IRQHandler                         0x000002db   Thumb Code     0  startup_m480.o(.text)
    USCI1_IRQHandler                         0x000002db   Thumb Code     0  startup_m480.o(.text)
    WDT_IRQHandler                           0x000002db   Thumb Code     0  startup_m480.o(.text)
    WWDT_IRQHandler                          0x000002db   Thumb Code     0  startup_m480.o(.text)
    __user_initial_stackheap                 0x000002dd   Thumb Code    10  startup_m480.o(.text)
    __2printf                                0x0000030d   Thumb Code    20  noretval__2printf.o(.text)
    _printf_pre_padding                      0x00000325   Thumb Code    44  _printf_pad.o(.text)
    _printf_post_padding                     0x00000351   Thumb Code    34  _printf_pad.o(.text)
    _printf_str                              0x00000373   Thumb Code    82  _printf_str.o(.text)
    _printf_longlong_hex                     0x000003c5   Thumb Code    78  _printf_hex_int_ptr.o(.text)
    _printf_int_hex                          0x00000413   Thumb Code    26  _printf_hex_int_ptr.o(.text)
    _printf_hex_ptr                          0x0000042d   Thumb Code    16  _printf_hex_int_ptr.o(.text)
    __printf                                 0x00000441   Thumb Code   308  __printf_flags_wp.o(.text)
    getc                                     0x00000579   Thumb Code     4  getc.o(.text)
    __use_two_region_memory                  0x0000057d   Thumb Code     2  heapauxi.o(.text)
    __rt_heap_escrow$2region                 0x0000057f   Thumb Code     2  heapauxi.o(.text)
    __rt_heap_expand$2region                 0x00000581   Thumb Code     2  heapauxi.o(.text)
    _printf_int_common                       0x00000583   Thumb Code   178  _printf_intcommon.o(.text)
    _printf_cs_common                        0x00000635   Thumb Code    20  _printf_char.o(.text)
    _printf_char                             0x00000649   Thumb Code    16  _printf_char.o(.text)
    _printf_string                           0x00000659   Thumb Code     8  _printf_char.o(.text)
    _printf_char_file                        0x00000661   Thumb Code    32  _printf_char_file.o(.text)
    _printf_char_common                      0x0000068f   Thumb Code    32  _printf_char_common.o(.text)
    __user_setup_stackheap                   0x000006b5   Thumb Code    74  sys_stackheap_outer.o(.text)
    exit                                     0x000006ff   Thumb Code    18  exit.o(.text)
    __user_libspace                          0x00000711   Thumb Code     8  libspace.o(.text)
    __user_perproc_libspace                  0x00000711   Thumb Code     0  libspace.o(.text)
    __user_perthread_libspace                0x00000711   Thumb Code     0  libspace.o(.text)
    _sys_exit                                0x00000719   Thumb Code     8  sys_exit.o(.text)
    __I$use$semihosting                      0x00000725   Thumb Code     0  use_no_semi.o(.text)
    __use_no_semihosting_swi                 0x00000725   Thumb Code     2  use_no_semi.o(.text)
    __semihosting_library_function           0x00000727   Thumb Code     0  indicate_semi.o(.text)
    AES_Open                                 0x00000729   Thumb Code    40  crypto.o(i.AES_Open)
    AES_SetDMATransfer                       0x00000755   Thumb Code    28  crypto.o(i.AES_SetDMATransfer)
    AES_SetInitVect                          0x00000771   Thumb Code    28  crypto.o(i.AES_SetInitVect)
    AES_SetKey                               0x0000078d   Thumb Code    38  crypto.o(i.AES_SetKey)
    AES_Start                                0x000007b5   Thumb Code    28  crypto.o(i.AES_Start)
    CLK_DisablePLL                           0x000007d5   Thumb Code    18  clk.o(i.CLK_DisablePLL)
    CLK_EnableModuleClock                    0x000007e9   Thumb Code    24  clk.o(i.CLK_EnableModuleClock)
    CLK_EnablePLL                            0x00000805   Thumb Code   308  clk.o(i.CLK_EnablePLL)
    CLK_EnableXtalRC                         0x00000959   Thumb Code    16  clk.o(i.CLK_EnableXtalRC)
    CLK_GetPLLClockFreq                      0x00000969   Thumb Code    66  clk.o(i.CLK_GetPLLClockFreq)
    CLK_SetCoreClock                         0x000009b9   Thumb Code   128  clk.o(i.CLK_SetCoreClock)
    CLK_SetHCLK                              0x00000a3d   Thumb Code    98  clk.o(i.CLK_SetHCLK)
    CLK_SetModuleClock                       0x00000aa1   Thumb Code    98  clk.o(i.CLK_SetModuleClock)
    CLK_WaitClockReady                       0x00000b09   Thumb Code    38  clk.o(i.CLK_WaitClockReady)
    FMC_Open                                 0x00000b35   Thumb Code    12  fmc.o(i.FMC_Open)
    Hard_Fault_Handler                       0x00000b45   Thumb Code    16  retarget.o(i.Hard_Fault_Handler)
    SYS_Init                                 0x00000b6d   Thumb Code   108  main.o(i.SYS_Init)
    SystemCoreClockUpdate                    0x00000c21   Thumb Code    64  system_m480.o(i.SystemCoreClockUpdate)
    SystemInit                               0x00000c69   Thumb Code   108  system_m480.o(i.SystemInit)
    UART0_Init                               0x00000ce1   Thumb Code    10  main.o(i.UART0_Init)
    UART_Open                                0x00000cf1   Thumb Code   246  uart.o(i.UART_Open)
    _is_digit                                0x00000e09   Thumb Code    14  __printf_wp.o(i._is_digit)
    dump_buff_hex                            0x00000e19   Thumb Code   102  main.o(i.dump_buff_hex)
    ferror                                   0x00000ea5   Thumb Code     6  retarget.o(i.ferror)
    fgetc                                    0x00000ead   Thumb Code    14  retarget.o(i.fgetc)
    fputc                                    0x00000ec1   Thumb Code    12  retarget.o(i.fputc)
    main                                     0x00000ecd   Thumb Code   162  main.o(i.main)
    _fp_init                                 0x000011a9   Thumb Code    10  fpinit.o(x$fpl$fpinit)
    __fplib_config_fpu_vfp                   0x000011b1   Thumb Code     0  fpinit.o(x$fpl$fpinit)
    __fplib_config_pureend_doubles           0x000011b1   Thumb Code     0  fpinit.o(x$fpl$fpinit)
    Region$$Table$$Base                      0x00001220   Number         0  anon$$obj.o(Region$$Table)
    Region$$Table$$Limit                     0x00001240   Number         0  anon$$obj.o(Region$$Table)
    CRYPTO_IRQHandler                        0x00200001   Thumb Code    20  sprom.o(i.CRYPTO_IRQHandler)
    sprom_aes_decrypt                        0x0020001d   Thumb Code    98  sprom.o(i.sprom_aes_decrypt)
    sprom_aes_encrypt                        0x002000a5   Thumb Code    98  sprom.o(i.sprom_aes_encrypt)
    sprom_put_string                         0x0020012d   Thumb Code    20  sprom.o(i.sprom_put_string)
    sprom_putc                               0x00200141   Thumb Code    26  sprom.o(i.sprom_putc)
    SystemCoreClock                          0x20000000   Data           4  system_m480.o(.data)
    CyclesPerUs                              0x20000004   Data           4  system_m480.o(.data)
    PllClock                                 0x20000008   Data           4  system_m480.o(.data)
    gau32ClkSrcTbl                           0x2000000c   Data          32  system_m480.o(.data)
    au8InputData                             0x2000002c   Data          16  main.o(.data)
    __stdout                                 0x20000040   Data           4  retarget.o(.data)
    __stdin                                  0x20000044   Data           4  retarget.o(.data)
    au8OutputData                            0x20000048   Data         256  main.o(.bss)
    au32MyAESIV                              0x20000148   Data          16  sprom.o(.bss)
    __libspace_start                         0x200005dc   Data          96  libspace.o(.bss)
    __temporary_stack_top$libspace           0x2000063c   Data           0  libspace.o(.bss)



==============================================================================

Memory Map of the image

  Image Entry point : 0x00000289

  Load Region MAIN_APROM (Base: 0x00000000, Size: 0x00001288, Max: 0xffffffff, ABSOLUTE)

    Execution Region APROM.bin (Exec base: 0x00000000, Load base: 0x00000000, Size: 0x00001240, Max: 0xffffffff, ABSOLUTE)

    Exec Addr    Load Addr    Size         Type   Attr      Idx    E Section Name        Object

    0x00000000   0x00000000   0x000001b8   Data   RO            3    RESET               startup_m480.o
    0x000001b8   0x000001b8   0x00000008   Code   RO         1340  * !!!main             c_w.l(__main.o)
    0x000001c0   0x000001c0   0x00000034   Code   RO         1508    !!!scatter          c_w.l(__scatter.o)
    0x000001f4   0x000001f4   0x0000001a   Code   RO         1510    !!handler_copy      c_w.l(__scatter_copy.o)
    0x0000020e   0x0000020e   0x00000002   PAD
    0x00000210   0x00000210   0x0000001c   Code   RO         1512    !!handler_zi        c_w.l(__scatter_zi.o)
    0x0000022c   0x0000022c   0x00000000   Code   RO         1331    .ARM.Collect$$_printf_percent$$00000000  c_w.l(_printf_percent.o)
    0x0000022c   0x0000022c   0x00000006   Code   RO         1330    .ARM.Collect$$_printf_percent$$00000002  c_w.l(_printf_p.o)
    0x00000232   0x00000232   0x00000006   Code   RO         1329    .ARM.Collect$$_printf_percent$$0000000C  c_w.l(_printf_x.o)
    0x00000238   0x00000238   0x00000006   Code   RO         1328    .ARM.Collect$$_printf_percent$$00000013  c_w.l(_printf_c.o)
    0x0000023e   0x0000023e   0x00000004   Code   RO         1349    .ARM.Collect$$_printf_percent$$00000017  c_w.l(_printf_percent_end.o)
    0x00000242   0x00000242   0x00000002   Code   RO         1378    .ARM.Collect$$libinit$$00000000  c_w.l(libinit.o)
    0x00000244   0x00000244   0x00000004   Code   RO         1384    .ARM.Collect$$libinit$$00000001  c_w.l(libinit2.o)
    0x00000248   0x00000248   0x00000000   Code   RO         1387    .ARM.Collect$$libinit$$00000004  c_w.l(libinit2.o)
    0x00000248   0x00000248   0x00000000   Code   RO         1390    .ARM.Collect$$libinit$$0000000A  c_w.l(libinit2.o)
    0x00000248   0x00000248   0x00000000   Code   RO         1392    .ARM.Collect$$libinit$$0000000C  c_w.l(libinit2.o)
    0x00000248   0x00000248   0x00000000   Code   RO         1394    .ARM.Collect$$libinit$$0000000E  c_w.l(libinit2.o)
    0x00000248   0x00000248   0x00000000   Code   RO         1397    .ARM.Collect$$libinit$$00000011  c_w.l(libinit2.o)
    0x00000248   0x00000248   0x00000000   Code   RO         1399    .ARM.Collect$$libinit$$00000013  c_w.l(libinit2.o)
    0x00000248   0x00000248   0x00000000   Code   RO         1401    .ARM.Collect$$libinit$$00000015  c_w.l(libinit2.o)
    0x00000248   0x00000248   0x00000000   Code   RO         1403    .ARM.Collect$$libinit$$00000017  c_w.l(libinit2.o)
    0x00000248   0x00000248   0x00000000   Code   RO         1405    .ARM.Collect$$libinit$$00000019  c_w.l(libinit2.o)
    0x00000248   0x00000248   0x00000000   Code   RO         1407    .ARM.Collect$$libinit$$0000001B  c_w.l(libinit2.o)
    0x00000248   0x00000248   0x00000000   Code   RO         1409    .ARM.Collect$$libinit$$0000001D  c_w.l(libinit2.o)
    0x00000248   0x00000248   0x00000000   Code   RO         1411    .ARM.Collect$$libinit$$0000001F  c_w.l(libinit2.o)
    0x00000248   0x00000248   0x00000000   Code   RO         1413    .ARM.Collect$$libinit$$00000021  c_w.l(libinit2.o)
    0x00000248   0x00000248   0x00000000   Code   RO         1415    .ARM.Collect$$libinit$$00000023  c_w.l(libinit2.o)
    0x00000248   0x00000248   0x00000000   Code   RO         1417    .ARM.Collect$$libinit$$00000025  c_w.l(libinit2.o)
    0x00000248   0x00000248   0x00000000   Code   RO         1421    .ARM.Collect$$libinit$$0000002C  c_w.l(libinit2.o)
    0x00000248   0x00000248   0x00000000   Code   RO         1423    .ARM.Collect$$libinit$$0000002E  c_w.l(libinit2.o)
    0x00000248   0x00000248   0x00000000   Code   RO         1425    .ARM.Collect$$libinit$$00000030  c_w.l(libinit2.o)
    0x00000248   0x00000248   0x00000000   Code   RO         1427    .ARM.Collect$$libinit$$00000032  c_w.l(libinit2.o)
    0x00000248   0x00000248   0x00000002   Code   RO         1428    .ARM.Collect$$libinit$$00000033  c_w.l(libinit2.o)
    0x0000024a   0x0000024a   0x00000002   Code   RO         1448    .ARM.Collect$$libshutdown$$00000000  c_w.l(libshutdown.o)
    0x0000024c   0x0000024c   0x00000000   Code   RO         1461    .ARM.Collect$$libshutdown$$00000002  c_w.l(libshutdown2.o)
    0x0000024c   0x0000024c   0x00000000   Code   RO         1463    .ARM.Collect$$libshutdown$$00000004  c_w.l(libshutdown2.o)
    0x0000024c   0x0000024c   0x00000000   Code   RO         1465    .ARM.Collect$$libshutdown$$00000006  c_w.l(libshutdown2.o)
    0x0000024c   0x0000024c   0x00000000   Code   RO         1468    .ARM.Collect$$libshutdown$$00000009  c_w.l(libshutdown2.o)
    0x0000024c   0x0000024c   0x00000000   Code   RO         1471    .ARM.Collect$$libshutdown$$0000000C  c_w.l(libshutdown2.o)
    0x0000024c   0x0000024c   0x00000000   Code   RO         1473    .ARM.Collect$$libshutdown$$0000000E  c_w.l(libshutdown2.o)
    0x0000024c   0x0000024c   0x00000000   Code   RO         1476    .ARM.Collect$$libshutdown$$00000011  c_w.l(libshutdown2.o)
    0x0000024c   0x0000024c   0x00000002   Code   RO         1477    .ARM.Collect$$libshutdown$$00000012  c_w.l(libshutdown2.o)
    0x0000024e   0x0000024e   0x00000000   Code   RO         1342    .ARM.Collect$$rtentry$$00000000  c_w.l(__rtentry.o)
    0x0000024e   0x0000024e   0x00000000   Code   RO         1351    .ARM.Collect$$rtentry$$00000002  c_w.l(__rtentry2.o)
    0x0000024e   0x0000024e   0x00000006   Code   RO         1363    .ARM.Collect$$rtentry$$00000004  c_w.l(__rtentry4.o)
    0x00000254   0x00000254   0x00000000   Code   RO         1353    .ARM.Collect$$rtentry$$00000009  c_w.l(__rtentry2.o)
    0x00000254   0x00000254   0x00000004   Code   RO         1354    .ARM.Collect$$rtentry$$0000000A  c_w.l(__rtentry2.o)
    0x00000258   0x00000258   0x00000000   Code   RO         1356    .ARM.Collect$$rtentry$$0000000C  c_w.l(__rtentry2.o)
    0x00000258   0x00000258   0x00000008   Code   RO         1357    .ARM.Collect$$rtentry$$0000000D  c_w.l(__rtentry2.o)
    0x00000260   0x00000260   0x00000002   Code   RO         1382    .ARM.Collect$$rtexit$$00000000  c_w.l(rtexit.o)
    0x00000262   0x00000262   0x00000000   Code   RO         1430    .ARM.Collect$$rtexit$$00000002  c_w.l(rtexit2.o)
    0x00000262   0x00000262   0x00000004   Code   RO         1431    .ARM.Collect$$rtexit$$00000003  c_w.l(rtexit2.o)
    0x00000266   0x00000266   0x00000006   Code   RO         1432    .ARM.Collect$$rtexit$$00000004  c_w.l(rtexit2.o)
    0x0000026c   0x0000026c   0x0000001c   Code   RO          444    .emb_text           retarget.o
    0x00000288   0x00000288   0x00000084   Code   RO            4  * .text               startup_m480.o
    0x0000030c   0x0000030c   0x00000018   Code   RO         1279    .text               c_w.l(noretval__2printf.o)
    0x00000324   0x00000324   0x0000004e   Code   RO         1283    .text               c_w.l(_printf_pad.o)
    0x00000372   0x00000372   0x00000052   Code   RO         1285    .text               c_w.l(_printf_str.o)
    0x000003c4   0x000003c4   0x0000007c   Code   RO         1299    .text               c_w.l(_printf_hex_int_ptr.o)
    0x00000440   0x00000440   0x00000138   Code   RO         1320    .text               c_w.l(__printf_flags_wp.o)
    0x00000578   0x00000578   0x00000004   Code   RO         1332    .text               c_w.l(getc.o)
    0x0000057c   0x0000057c   0x00000006   Code   RO         1338    .text               c_w.l(heapauxi.o)
    0x00000582   0x00000582   0x000000b2   Code   RO         1343    .text               c_w.l(_printf_intcommon.o)
    0x00000634   0x00000634   0x0000002c   Code   RO         1345    .text               c_w.l(_printf_char.o)
    0x00000660   0x00000660   0x00000024   Code   RO         1347    .text               c_w.l(_printf_char_file.o)
    0x00000684   0x00000684   0x00000030   Code   RO         1365    .text               c_w.l(_printf_char_common.o)
    0x000006b4   0x000006b4   0x0000004a   Code   RO         1367    .text               c_w.l(sys_stackheap_outer.o)
    0x000006fe   0x000006fe   0x00000012   Code   RO         1371    .text               c_w.l(exit.o)
    0x00000710   0x00000710   0x00000008   Code   RO         1379    .text               c_w.l(libspace.o)
    0x00000718   0x00000718   0x0000000c   Code   RO         1440    .text               c_w.l(sys_exit.o)
    0x00000724   0x00000724   0x00000002   Code   RO         1451    .text               c_w.l(use_no_semi.o)
    0x00000726   0x00000726   0x00000000   Code   RO         1453    .text               c_w.l(indicate_semi.o)
    0x00000726   0x00000726   0x00000002   PAD
    0x00000728   0x00000728   0x0000002c   Code   RO          722    i.AES_Open          crypto.o
    0x00000754   0x00000754   0x0000001c   Code   RO          723    i.AES_SetDMATransfer  crypto.o
    0x00000770   0x00000770   0x0000001c   Code   RO          724    i.AES_SetInitVect   crypto.o
    0x0000078c   0x0000078c   0x00000026   Code   RO          725    i.AES_SetKey        crypto.o
    0x000007b2   0x000007b2   0x00000002   PAD
    0x000007b4   0x000007b4   0x00000020   Code   RO          726    i.AES_Start         crypto.o
    0x000007d4   0x000007d4   0x00000012   Code   RO          528    i.CLK_DisablePLL    clk.o
    0x000007e6   0x000007e6   0x00000002   PAD
    0x000007e8   0x000007e8   0x0000001c   Code   RO          533    i.CLK_EnableModuleClock  clk.o
    0x00000804   0x00000804   0x00000154   Code   RO          534    i.CLK_EnablePLL     clk.o
    0x00000958   0x00000958   0x00000010   Code   RO          537    i.CLK_EnableXtalRC  clk.o
    0x00000968   0x00000968   0x00000050   Code   RO          546    i.CLK_GetPLLClockFreq  clk.o
    0x000009b8   0x000009b8   0x00000084   Code   RO          550    i.CLK_SetCoreClock  clk.o
    0x00000a3c   0x00000a3c   0x00000062   Code   RO          551    i.CLK_SetHCLK       clk.o
    0x00000a9e   0x00000a9e   0x00000002   PAD
    0x00000aa0   0x00000aa0   0x00000068   Code   RO          552    i.CLK_SetModuleClock  clk.o
    0x00000b08   0x00000b08   0x0000002c   Code   RO          555    i.CLK_WaitClockReady  clk.o
    0x00000b34   0x00000b34   0x00000010   Code   RO          943    i.FMC_Open          fmc.o
    0x00000b44   0x00000b44   0x00000028   Code   RO          445    i.Hard_Fault_Handler  retarget.o
    0x00000b6c   0x00000b6c   0x00000074   Code   RO          316    i.SYS_Init          main.o
    0x00000be0   0x00000be0   0x00000020   Code   RO          317    i.SYS_UnlockReg     main.o
    0x00000c00   0x00000c00   0x00000020   Code   RO          447    i.SendChar          retarget.o
    0x00000c20   0x00000c20   0x00000048   Code   RO           13    i.SystemCoreClockUpdate  system_m480.o
    0x00000c68   0x00000c68   0x00000078   Code   RO           14    i.SystemInit        system_m480.o
    0x00000ce0   0x00000ce0   0x00000010   Code   RO          318    i.UART0_Init        main.o
    0x00000cf0   0x00000cf0   0x00000118   Code   RO         1183    i.UART_Open         uart.o
    0x00000e08   0x00000e08   0x0000000e   Code   RO         1318    i._is_digit         c_w.l(__printf_wp.o)
    0x00000e16   0x00000e16   0x00000002   PAD
    0x00000e18   0x00000e18   0x0000008c   Code   RO          319    i.dump_buff_hex     main.o
    0x00000ea4   0x00000ea4   0x00000006   Code   RO          449    i.ferror            retarget.o
    0x00000eaa   0x00000eaa   0x00000002   PAD
    0x00000eac   0x00000eac   0x00000014   Code   RO          450    i.fgetc             retarget.o
    0x00000ec0   0x00000ec0   0x0000000c   Code   RO          451    i.fputc             retarget.o
    0x00000ecc   0x00000ecc   0x00000234   Code   RO          320    i.main              main.o
    0x00001100   0x00001100   0x000000a8   Code   RO          453    i.stackDump         retarget.o
    0x000011a8   0x000011a8   0x0000000a   Code   RO         1438    x$fpl$fpinit        fz_wm.l(fpinit.o)
    0x000011b2   0x000011b2   0x00000002   PAD
    0x000011b4   0x000011b4   0x00000030   Data   RO         1191    .constdata          uart.o
    0x000011e4   0x000011e4   0x00000028   Data   RO         1300    .constdata          c_w.l(_printf_hex_int_ptr.o)
    0x0000120c   0x0000120c   0x00000011   Data   RO         1321    .constdata          c_w.l(__printf_flags_wp.o)
    0x0000121d   0x0000121d   0x00000003   PAD
    0x00001220   0x00001220   0x00000020   Data   RO         1506    Region$$Table       anon$$obj.o


    Execution Region SRAM (Exec base: 0x20000000, Load base: 0x00001240, Size: 0x00000f40, Max: 0x00020000, ABSOLUTE)

    Exec Addr    Load Addr    Size         Type   Attr      Idx    E Section Name        Object

    0x20000000   0x00001240   0x0000002c   Data   RW           15    .data               system_m480.o
    0x2000002c   0x0000126c   0x00000010   Data   RW          322    .data               main.o
    0x2000003c   0x0000127c   0x00000004   Data   RW          390    .data               sprom.o
    0x20000040   0x00001280   0x00000004   Data   RW          454    .data               retarget.o
    0x20000044   0x00001284   0x00000004   Data   RW          455    .data               retarget.o
    0x20000048        -       0x00000100   Zero   RW          321    .bss                main.o
    0x20000148        -       0x00000010   Zero   RW          388    .bss                sprom.o
    0x20000158        -       0x00000484   Zero   RW          754    .bss                crypto.o
    0x200005dc        -       0x00000060   Zero   RW         1380    .bss                c_w.l(libspace.o)
    0x2000063c   0x00001288   0x00000004   PAD
    0x20000640        -       0x00000100   Zero   RW            2    HEAP                startup_m480.o
    0x20000740        -       0x00000800   Zero   RW            1    STACK               startup_m480.o



  Load Region LOAD_ROM_2 (Base: 0x00200000, Size: 0x00001000, Max: 0xffffffff, ABSOLUTE)

    Execution Region SPROM.bin (Exec base: 0x00200000, Load base: 0x00200000, Size: 0x00001000, Max: 0xffffffff, ABSOLUTE)

    Exec Addr    Load Addr    Size         Type   Attr      Idx    E Section Name        Object

    0x00200000   0x00200000   0x0000001c   Code   RO          381    i.CRYPTO_IRQHandler  sprom.o
    0x0020001c   0x0020001c   0x00000088   Code   RO          382    i.sprom_aes_decrypt  sprom.o
    0x002000a4   0x002000a4   0x00000088   Code   RO          383    i.sprom_aes_encrypt  sprom.o
    0x0020012c   0x0020012c   0x00000014   Code   RO          385    i.sprom_put_string  sprom.o
    0x00200140   0x00200140   0x00000020   Code   RO          386    i.sprom_putc        sprom.o
    0x00200160   0x00200160   0x00000020   Data   RO          389    .constdata          sprom.o
    0x00200180   0x00200180   0x00000e7f   PAD
    0x00200fff   0x00200fff   0x00000001   Data   RO          387    .ARM.__AT_0x00200FFF  sprom.o


==============================================================================

Image component sizes


      Code (inc. data)   RO Data    RW Data    ZI Data      Debug   Object Name

       860         66          0          0          0       7644   clk.o
       170          8          0          0       1156       5721   crypto.o
        16          4          0          0          0        495   fmc.o
       868        454          0         16        256     115951   main.o
       306        136          0          8          0       6048   retarget.o
       352         90         33          4         16       3644   sprom.o
       132         38        440          0       2304       1020   startup_m480.o
       192         20          0         44          0      42507   system_m480.o
       280         34         48          0          0       1404   uart.o

    ----------------------------------------------------------------------
      3184        850       4264         72       3732     184434   Object Totals
         0          0         32          0          0          0   (incl. Generated)
         8          0       3711          0          0          0   (incl. Padding)

    ----------------------------------------------------------------------

      Code (inc. data)   RO Data    RW Data    ZI Data      Debug   Library Member Name

         8          0          0          0          0         68   __main.o
       312          4         17          0          0         92   __printf_flags_wp.o
        14          0          0          0          0         68   __printf_wp.o
         0          0          0          0          0          0   __rtentry.o
        12          0          0          0          0          0   __rtentry2.o
         6          0          0          0          0          0   __rtentry4.o
        52          8          0          0          0          0   __scatter.o
        26          0          0          0          0          0   __scatter_copy.o
        28          0          0          0          0          0   __scatter_zi.o
         6          0          0          0          0          0   _printf_c.o
        44          0          0          0          0        108   _printf_char.o
        48          6          0          0          0         96   _printf_char_common.o
        36          4          0          0          0         80   _printf_char_file.o
       124          4         40          0          0        144   _printf_hex_int_ptr.o
       178          0          0          0          0         88   _printf_intcommon.o
         6          0          0          0          0          0   _printf_p.o
        78          0          0          0          0        108   _printf_pad.o
         0          0          0          0          0          0   _printf_percent.o
         4          0          0          0          0          0   _printf_percent_end.o
        82          0          0          0          0         80   _printf_str.o
         6          0          0          0          0          0   _printf_x.o
        18          0          0          0          0         80   exit.o
         4          0          0          0          0         68   getc.o
         6          0          0          0          0        152   heapauxi.o
         0          0          0          0          0          0   indicate_semi.o
         2          0          0          0          0          0   libinit.o
         6          0          0          0          0          0   libinit2.o
         2          0          0          0          0          0   libshutdown.o
         2          0          0          0          0          0   libshutdown2.o
         8          4          0          0         96         68   libspace.o
        24          4          0          0          0         84   noretval__2printf.o
         2          0          0          0          0          0   rtexit.o
        10          0          0          0          0          0   rtexit2.o
        12          4          0          0          0         68   sys_exit.o
        74          0          0          0          0         80   sys_stackheap_outer.o
         2          0          0          0          0         68   use_no_semi.o
        10          0          0          0          0        116   fpinit.o

    ----------------------------------------------------------------------
      1260         38         60          0        100       1716   Library Totals
         8          0          3          0          4          0   (incl. Padding)

    ----------------------------------------------------------------------

      Code (inc. data)   RO Data    RW Data    ZI Data      Debug   Library Name

      1242         38         57          0         96       1600   c_w.l
        10          0          0          0          0        116   fz_wm.l

    ----------------------------------------------------------------------
      1260         38         60          0        100       1716   Library Totals

    ----------------------------------------------------------------------

==============================================================================


      Code (inc. data)   RO Data    RW Data    ZI Data      Debug   

      4444        888       4324         72       3832     182522   Grand Totals
      4444        888       4324         72       3832     182522   ELF Image Totals
      4444        888       4324         72          0          0   ROM Totals

==============================================================================

    Total RO  Size (Code + RO Data)                 8768 (   8.56kB)
    Total RW  Size (RW Data + ZI Data)              3904 (   3.81kB)
    Total ROM Size (Code + RO Data + RW Data)       8840 (   8.63kB)

==============================================================================

